Archive member included to satisfy reference by file (symbol)

c:/program files (x86)/atmel/studio/7.0/toolchain/arm/arm-gnu-toolchain/bin/../lib/gcc/arm-none-eabi/5.3.1/../../../../arm-none-eabi/lib/armv7e-m\libc.a(lib_a-exit.o)
                              c:/program files (x86)/atmel/studio/7.0/toolchain/arm/arm-gnu-toolchain/bin/../lib/gcc/arm-none-eabi/5.3.1/../../../../arm-none-eabi/lib/armv7e-m/crt0.o (exit)
c:/program files (x86)/atmel/studio/7.0/toolchain/arm/arm-gnu-toolchain/bin/../lib/gcc/arm-none-eabi/5.3.1/../../../../arm-none-eabi/lib/armv7e-m\libc.a(lib_a-impure.o)
                              c:/program files (x86)/atmel/studio/7.0/toolchain/arm/arm-gnu-toolchain/bin/../lib/gcc/arm-none-eabi/5.3.1/../../../../arm-none-eabi/lib/armv7e-m\libc.a(lib_a-exit.o) (_global_impure_ptr)
c:/program files (x86)/atmel/studio/7.0/toolchain/arm/arm-gnu-toolchain/bin/../lib/gcc/arm-none-eabi/5.3.1/../../../../arm-none-eabi/lib/armv7e-m\libc.a(lib_a-init.o)
                              c:/program files (x86)/atmel/studio/7.0/toolchain/arm/arm-gnu-toolchain/bin/../lib/gcc/arm-none-eabi/5.3.1/../../../../arm-none-eabi/lib/armv7e-m/crt0.o (__libc_init_array)
c:/program files (x86)/atmel/studio/7.0/toolchain/arm/arm-gnu-toolchain/bin/../lib/gcc/arm-none-eabi/5.3.1/../../../../arm-none-eabi/lib/armv7e-m\libc.a(lib_a-iprintf.o)
                              src/ASF/sam/utils/syscalls/gcc/syscalls.o (iprintf)
c:/program files (x86)/atmel/studio/7.0/toolchain/arm/arm-gnu-toolchain/bin/../lib/gcc/arm-none-eabi/5.3.1/../../../../arm-none-eabi/lib/armv7e-m\libc.a(lib_a-iscanf.o)
                              src/spi_example.o (iscanf)
c:/program files (x86)/atmel/studio/7.0/toolchain/arm/arm-gnu-toolchain/bin/../lib/gcc/arm-none-eabi/5.3.1/../../../../arm-none-eabi/lib/armv7e-m\libc.a(lib_a-memset.o)
                              c:/program files (x86)/atmel/studio/7.0/toolchain/arm/arm-gnu-toolchain/bin/../lib/gcc/arm-none-eabi/5.3.1/../../../../arm-none-eabi/lib/armv7e-m/crt0.o (memset)
c:/program files (x86)/atmel/studio/7.0/toolchain/arm/arm-gnu-toolchain/bin/../lib/gcc/arm-none-eabi/5.3.1/../../../../arm-none-eabi/lib/armv7e-m\libc.a(lib_a-puts.o)
                              src/spi_example.o (puts)
c:/program files (x86)/atmel/studio/7.0/toolchain/arm/arm-gnu-toolchain/bin/../lib/gcc/arm-none-eabi/5.3.1/../../../../arm-none-eabi/lib/armv7e-m\libc.a(lib_a-setbuf.o)
                              src/spi_example.o (setbuf)
c:/program files (x86)/atmel/studio/7.0/toolchain/arm/arm-gnu-toolchain/bin/../lib/gcc/arm-none-eabi/5.3.1/../../../../arm-none-eabi/lib/armv7e-m\libc.a(lib_a-setvbuf.o)
                              c:/program files (x86)/atmel/studio/7.0/toolchain/arm/arm-gnu-toolchain/bin/../lib/gcc/arm-none-eabi/5.3.1/../../../../arm-none-eabi/lib/armv7e-m\libc.a(lib_a-setbuf.o) (setvbuf)
c:/program files (x86)/atmel/studio/7.0/toolchain/arm/arm-gnu-toolchain/bin/../lib/gcc/arm-none-eabi/5.3.1/../../../../arm-none-eabi/lib/armv7e-m\libc.a(lib_a-strlen.o)
                              c:/program files (x86)/atmel/studio/7.0/toolchain/arm/arm-gnu-toolchain/bin/../lib/gcc/arm-none-eabi/5.3.1/../../../../arm-none-eabi/lib/armv7e-m\libc.a(lib_a-puts.o) (strlen)
c:/program files (x86)/atmel/studio/7.0/toolchain/arm/arm-gnu-toolchain/bin/../lib/gcc/arm-none-eabi/5.3.1/../../../../arm-none-eabi/lib/armv7e-m\libc.a(lib_a-vfiprintf.o)
                              c:/program files (x86)/atmel/studio/7.0/toolchain/arm/arm-gnu-toolchain/bin/../lib/gcc/arm-none-eabi/5.3.1/../../../../arm-none-eabi/lib/armv7e-m\libc.a(lib_a-iprintf.o) (_vfiprintf_r)
c:/program files (x86)/atmel/studio/7.0/toolchain/arm/arm-gnu-toolchain/bin/../lib/gcc/arm-none-eabi/5.3.1/../../../../arm-none-eabi/lib/armv7e-m\libc.a(lib_a-vfiscanf.o)
                              c:/program files (x86)/atmel/studio/7.0/toolchain/arm/arm-gnu-toolchain/bin/../lib/gcc/arm-none-eabi/5.3.1/../../../../arm-none-eabi/lib/armv7e-m\libc.a(lib_a-iscanf.o) (__svfiscanf_r)
c:/program files (x86)/atmel/studio/7.0/toolchain/arm/arm-gnu-toolchain/bin/../lib/gcc/arm-none-eabi/5.3.1/../../../../arm-none-eabi/lib/armv7e-m\libc.a(lib_a-wsetup.o)
                              c:/program files (x86)/atmel/studio/7.0/toolchain/arm/arm-gnu-toolchain/bin/../lib/gcc/arm-none-eabi/5.3.1/../../../../arm-none-eabi/lib/armv7e-m\libc.a(lib_a-vfiprintf.o) (__swsetup_r)
c:/program files (x86)/atmel/studio/7.0/toolchain/arm/arm-gnu-toolchain/bin/../lib/gcc/arm-none-eabi/5.3.1/../../../../arm-none-eabi/lib/armv7e-m\libc.a(lib_a-__call_atexit.o)
                              c:/program files (x86)/atmel/studio/7.0/toolchain/arm/arm-gnu-toolchain/bin/../lib/gcc/arm-none-eabi/5.3.1/../../../../arm-none-eabi/lib/armv7e-m\libc.a(lib_a-exit.o) (__call_exitprocs)
c:/program files (x86)/atmel/studio/7.0/toolchain/arm/arm-gnu-toolchain/bin/../lib/gcc/arm-none-eabi/5.3.1/../../../../arm-none-eabi/lib/armv7e-m\libc.a(lib_a-atexit.o)
[...]
Memory Configuration

Name             Origin             Length             Attributes
rom              0x00400000         0x00100000         xr
ram              0x20000000         0x00014000         xrw
*default*        0x00000000         0xffffffff

Linker script and memory map

LOAD c:/program files (x86)/atmel/studio/7.0/toolchain/arm/arm-gnu-toolchain/bin/../lib/gcc/arm-none-eabi/5.3.1/armv7e-m/crti.o
LOAD c:/program files (x86)/atmel/studio/7.0/toolchain/arm/arm-gnu-toolchain/bin/../lib/gcc/arm-none-eabi/5.3.1/armv7e-m/crtbegin.o
LOAD c:/program files (x86)/atmel/studio/7.0/toolchain/arm/arm-gnu-toolchain/bin/../lib/gcc/arm-none-eabi/5.3.1/../../../../arm-none-eabi/lib/armv7e-m/crt0.o
LOAD src/ASF/common/services/clock/sam4n/sysclk.o
LOAD src/ASF/common/services/serial/usart_serial.o
LOAD src/ASF/common/utils/interrupt/interrupt_sam_nvic.o
LOAD src/ASF/common/utils/stdio/read.o
LOAD src/ASF/common/utils/stdio/write.o
LOAD src/ASF/sam/boards/sam4n_xplained_pro/init.o
LOAD src/ASF/sam/drivers/pmc/pmc.o
LOAD src/ASF/sam/drivers/pmc/sleep.o
LOAD src/ASF/sam/drivers/spi/spi.o
LOAD src/ASF/sam/drivers/uart/uart.o
LOAD src/ASF/sam/drivers/usart/usart.o
LOAD src/ASF/sam/utils/cmsis/sam4n/source/templates/exceptions.o
LOAD src/ASF/sam/utils/cmsis/sam4n/source/templates/gcc/startup_sam4n.o
LOAD src/ASF/sam/utils/cmsis/sam4n/source/templates/system_sam4n.o
LOAD src/ASF/sam/utils/syscalls/gcc/syscalls.o
LOAD src/spi_example.o
START GROUP
LOAD ../src/ASF/thirdparty/CMSIS/Lib/GCC\libarm_cortexM4l_math.a
LOAD c:/program files (x86)/atmel/studio/7.0/toolchain/arm/arm-gnu-toolchain/bin/../lib/gcc/arm-none-eabi/5.3.1/../../../../arm-none-eabi/lib/armv7e-m\libm.a
END GROUP
START GROUP
LOAD c:/program files (x86)/atmel/studio/7.0/toolchain/arm/arm-gnu-toolchain/bin/../lib/gcc/arm-none-eabi/5.3.1/armv7e-m\libgcc.a
LOAD c:/program files (x86)/atmel/studio/7.0/toolchain/arm/arm-gnu-toolchain/bin/../lib/gcc/arm-none-eabi/5.3.1/../../../../arm-none-eabi/lib/armv7e-m\libc.a
END GROUP
LOAD c:/program files (x86)/atmel/studio/7.0/toolchain/arm/arm-gnu-toolchain/bin/../lib/gcc/arm-none-eabi/5.3.1/armv7e-m/crtend.o
LOAD c:/program files (x86)/atmel/studio/7.0/toolchain/arm/arm-gnu-toolchain/bin/../lib/gcc/arm-none-eabi/5.3.1/armv7e-m/crtn.o
                0x00003000                __stack_size__ = DEFINED (__stack_size__)?__stack_size__:0x3000
                0x20013ffc                __ram_end__ = ((ORIGIN (ram) + LENGTH (ram)) - 0x4)

.text           0x00400000     0x5d44
                0x00400000                . = ALIGN (0x4)
                0x00400000                _sfixed = .
 *(.vectors .vectors.*)
 .vectors       0x00400000       0xc0 src/ASF/sam/utils/cmsis/sam4n/source/templates/gcc/startup_sam4n.o
                0x00400000                exception_table
 *(.text .text.* .gnu.linkonce.t.*)
 .text          0x004000c0       0x5c c:/program files (x86)/atmel/studio/7.0/toolchain/arm/arm-gnu-toolchain/bin/../lib/gcc/arm-none-eabi/5.3.1/armv7e-m/crtbegin.o
 .text.sysclk_init
                0x0040011c       0x64 src/ASF/common/services/clock/sam4n/sysclk.o
                0x0040011c                sysclk_init
 .text._read    0x00400180       0x3c src/ASF/common/utils/stdio/read.o
                0x00400180                _read
 .text._write   0x004001bc       0x50 src/ASF/common/utils/stdio/write.o
                0x004001bc                _write
 .text.board_init
                0x0040020c      0x138 src/ASF/sam/boards/sam4n_xplained_pro/init.o
                0x0040020c                board_init
 .text.pmc_switch_mck_to_pllack
                0x00400344       0x68 src/ASF/sam/drivers/pmc/pmc.o
                0x00400344                pmc_switch_mck_to_pllack
 .text.pmc_switch_mainck_to_fastrc
                0x004003ac       0x4c src/ASF/sam/drivers/pmc/pmc.o
                0x004003ac                pmc_switch_mainck_to_fastrc
 .text.pmc_osc_is_ready_mainck
                0x004003f8       0x10 src/ASF/sam/drivers/pmc/pmc.o
                0x004003f8                pmc_osc_is_ready_mainck
 .text.pmc_disable_pllack
                0x00400408       0x10 src/ASF/sam/drivers/pmc/pmc.o
                0x00400408                pmc_disable_pllack
 .text.pmc_is_locked_pllack
                0x00400418       0x10 src/ASF/sam/drivers/pmc/pmc.o
                0x00400418                pmc_is_locked_pllack
 .text.pmc_enable_periph_clk
                0x00400428       0x2c src/ASF/sam/drivers/pmc/pmc.o
                0x00400428                pmc_enable_periph_clk
 .text.spi_enable_clock
                0x00400454       0x10 src/ASF/sam/drivers/spi/spi.o
                0x00400454                spi_enable_clock
 .text.spi_set_peripheral_chip_select_value
                0x00400464       0x18 src/ASF/sam/drivers/spi/spi.o
                0x00400464                spi_set_peripheral_chip_select_value
 .text.spi_read
                0x0040047c       0x30 src/ASF/sam/drivers/spi/spi.o
                0x0040047c                spi_read
 .text.spi_write
                0x004004ac       0x38 src/ASF/sam/drivers/spi/spi.o
                0x004004ac                spi_write
 .text.spi_set_clock_polarity
                0x004004e4       0x20 src/ASF/sam/drivers/spi/spi.o
                0x004004e4                spi_set_clock_polarity
 .text.spi_set_clock_phase
                0x00400504       0x20 src/ASF/sam/drivers/spi/spi.o
                0x00400504                spi_set_clock_phase
 .text.spi_set_bits_per_transfer
                0x00400524       0x14 src/ASF/sam/drivers/spi/spi.o
                0x00400524                spi_set_bits_per_transfer
 .text.spi_set_baudrate_div
                0x00400538       0x28 src/ASF/sam/drivers/spi/spi.o
                0x00400538                spi_set_baudrate_div
 .text.spi_set_transfer_delay
                0x00400560       0x1c src/ASF/sam/drivers/spi/spi.o
                0x00400560                spi_set_transfer_delay
 .text.uart_init
                0x0040057c       0x38 src/ASF/sam/drivers/uart/uart.o
                0x0040057c                uart_init
 .text.uart_write
                0x004005b4       0x10 src/ASF/sam/drivers/uart/uart.o
                0x004005b4                uart_write
 .text.uart_read
                0x004005c4       0x14 src/ASF/sam/drivers/uart/uart.o
                0x004005c4                uart_read
 .text.usart_write
                0x004005d8       0x14 src/ASF/sam/drivers/usart/usart.o
                0x004005d8                usart_write
 .text.usart_read
                0x004005ec       0x18 src/ASF/sam/drivers/usart/usart.o
                0x004005ec                usart_read
 .text.Dummy_Handler
                0x00400604        0x4 src/ASF/sam/utils/cmsis/sam4n/source/templates/exceptions.o
                0x00400604                DACC_Handler
                0x00400604                DebugMon_Handler
                0x00400604                UART3_Handler
                0x00400604                UART2_Handler
                0x00400604                HardFault_Handler
                0x00400604                TC2_Handler
                0x00400604                SysTick_Handler
                0x00400604                TWI1_Handler
                0x00400604                PendSV_Handler
                0x00400604                NMI_Handler
                0x00400604                ADC_Handler
                0x00400604                USART0_Handler
                0x00400604                RTT_Handler
                0x00400604                PIOB_Handler
                0x00400604                RTC_Handler
                0x00400604                UsageFault_Handler
                0x00400604                WDT_Handler
                0x00400604                TC4_Handler
                0x00400604                TC1_Handler
                0x00400604                UART1_Handler
                0x00400604                TC3_Handler
                0x00400604                Dummy_Handler
                0x00400604                TWI0_Handler
                0x00400604                TWI2_Handler
                0x00400604                USART1_Handler
                0x00400604                PIOA_Handler
                0x00400604                PMC_Handler
                0x00400604                PWM_Handler
                0x00400604                MemManage_Handler
                0x00400604                SUPC_Handler
                0x00400604                SVC_Handler
                0x00400604                EFC_Handler
                0x00400604                USART2_Handler
                0x00400604                UART0_Handler
                0x00400604                PIOC_Handler
                0x00400604                BusFault_Handler
                0x00400604                RSTC_Handler
                0x00400604                TC0_Handler
                0x00400604                TC5_Handler
 .text.Reset_Handler
                0x00400608       0x98 src/ASF/sam/utils/cmsis/sam4n/source/templates/gcc/startup_sam4n.o
                0x00400608                Reset_Handler
 .text.SystemCoreClockUpdate
                0x004006a0      0x110 src/ASF/sam/utils/cmsis/sam4n/source/templates/system_sam4n.o
                0x004006a0                SystemCoreClockUpdate
 .text.system_init_flash
                0x004007b0       0x60 src/ASF/sam/utils/cmsis/sam4n/source/templates/system_sam4n.o
                0x004007b0                system_init_flash
 .text._sbrk    0x00400810       0x34 src/ASF/sam/utils/syscalls/gcc/syscalls.o
                0x00400810                _sbrk
 .text._close   0x00400844        0x8 src/ASF/sam/utils/syscalls/gcc/syscalls.o
                0x00400844                _close
 .text._fstat   0x0040084c        0xc src/ASF/sam/utils/syscalls/gcc/syscalls.o
                0x0040084c                _fstat
 .text._isatty  0x00400858        0x4 src/ASF/sam/utils/syscalls/gcc/syscalls.o
                0x00400858                _isatty
 .text._lseek   0x0040085c        0x4 src/ASF/sam/utils/syscalls/gcc/syscalls.o
                0x0040085c                _lseek
 .text.spi_slave_transfer
                0x00400860       0x30 src/spi_example.o
 .text.spi_master_transfer
                0x00400890       0x58 src/spi_example.o
 .text.usart_serial_getchar
                0x004008e8       0xd8 src/spi_example.o
 .text.usart_serial_putchar
                0x004009c0       0xd4 src/spi_example.o
 .text.display_menu
                0x00400a94       0x40 src/spi_example.o
 .text.spi_master_initialize
                0x00400ad4       0xac src/spi_example.o
 .text.SPI_Handler
                0x00400b80      0x184 src/spi_example.o
                0x00400b80                SPI_Handler
 .text.main     0x00400d04      0x3c4 src/spi_example.o
                0x00400d04                main
 .text.__libc_init_array
                0x004010c8       0x50 c:/program files (x86)/atmel/studio/7.0/toolchain/arm/arm-gnu-toolchain/bin/../lib/gcc/arm-none-eabi/5.3.1/../../../../arm-none-eabi/lib/armv7e-m\libc.a(lib_a-init.o)
                0x004010c8                __libc_init_array
 .text.iprintf  0x00401118       0x28 c:/program files (x86)/atmel/studio/7.0/toolchain/arm/arm-gnu-toolchain/bin/../lib/gcc/arm-none-eabi/5.3.1/../../../../arm-none-eabi/lib/armv7e-m\libc.a(lib_a-iprintf.o)
                0x00401118                iprintf
 .text.iscanf   0x00401140       0x28 c:/program files (x86)/atmel/studio/7.0/toolchain/arm/arm-gnu-toolchain/bin/../lib/gcc/arm-none-eabi/5.3.1/../../../../arm-none-eabi/lib/armv7e-m\libc.a(lib_a-iscanf.o)
                0x00401140                iscanf
 .text.memset   0x00401168       0x9c c:/program files (x86)/atmel/studio/7.0/toolchain/arm/arm-gnu-toolchain/bin/../lib/gcc/arm-none-eabi/5.3.1/../../../../arm-none-eabi/lib/armv7e-m\libc.a(lib_a-memset.o)
                0x00401168                memset
 .text._puts_r  0x00401204       0x68 c:/program files (x86)/atmel/studio/7.0/toolchain/arm/arm-gnu-toolchain/bin/../lib/gcc/arm-none-eabi/5.3.1/../../../../arm-none-eabi/lib/armv7e-m\libc.a(lib_a-puts.o)
                0x00401204                _puts_r
 .text.puts     0x0040126c       0x10 c:/program files (x86)/atmel/studio/7.0/toolchain/arm/arm-gnu-toolchain/bin/../lib/gcc/arm-none-eabi/5.3.1/../../../../arm-none-eabi/lib/armv7e-m\libc.a(lib_a-puts.o)
                0x0040126c                puts
 .text.setbuf   0x0040127c       0x10 c:/program files (x86)/atmel/studio/7.0/toolchain/arm/arm-gnu-toolchain/bin/../lib/gcc/arm-none-eabi/5.3.1/../../../../arm-none-eabi/lib/armv7e-m\libc.a(lib_a-setbuf.o)
                0x0040127c                setbuf
 .text.setvbuf  0x0040128c      0x150 c:/program files (x86)/atmel/studio/7.0/toolchain/arm/arm-gnu-toolchain/bin/../lib/gcc/arm-none-eabi/5.3.1/../../../../arm-none-eabi/lib/armv7e-m\libc.a(lib_a-setvbuf.o)
                0x0040128c                setvbuf
 *fill*         0x004013dc       0x24 
 .text          0x00401400       0xdc c:/program files (x86)/atmel/studio/7.0/toolchain/arm/arm-gnu-toolchain/bin/../lib/gcc/arm-none-eabi/5.3.1/../../../../arm-none-eabi/lib/armv7e-m\libc.a(lib_a-strlen.o)
                0x00401400                strlen
 .text.__sprint_r.part.0
                0x004014dc       0x78 c:/program files (x86)/atmel/studio/7.0/toolchain/arm/arm-gnu-toolchain/bin/../lib/gcc/arm-none-eabi/5.3.1/../../../../arm-none-eabi/lib/armv7e-m\libc.a(lib_a-vfiprintf.o)
 .text._vfiprintf_r
                0x00401554      0xdfc c:/program files (x86)/atmel/studio/7.0/toolchain/arm/arm-gnu-toolchain/bin/../lib/gcc/arm-none-eabi/5.3.1/../../../../arm-none-eabi/lib/armv7e-m\libc.a(lib_a-vfiprintf.o)
                0x00401554                _vfiprintf_r
 .text.__sbprintf
                0x00402350       0x6c c:/program files (x86)/atmel/studio/7.0/toolchain/arm/arm-gnu-toolchain/bin/../lib/gcc/arm-none-eabi/5.3.1/../../../../arm-none-eabi/lib/armv7e-m\libc.a(lib_a-vfiprintf.o)
 .text.__svfiscanf_r
                0x004023bc      0xa8c c:/program files (x86)/atmel/studio/7.0/toolchain/arm/arm-gnu-toolchain/bin/../lib/gcc/arm-none-eabi/5.3.1/../../../../arm-none-eabi/lib/armv7e-m\libc.a(lib_a-vfiscanf.o)
                0x004023bc                __svfiscanf_r
 .text.__swsetup_r
                0x00402e48       0xc8 c:/program files (x86)/atmel/studio/7.0/toolchain/arm/arm-gnu-toolchain/bin/../lib/gcc/arm-none-eabi/5.3.1/../../../../arm-none-eabi/lib/armv7e-m\libc.a(lib_a-wsetup.o)
                0x00402e48                __swsetup_r
 .text.startup.register_fini
                0x00402f10       0x14 c:/program files (x86)/atmel/studio/7.0/toolchain/arm/arm-gnu-toolchain/bin/../lib/gcc/arm-none-eabi/5.3.1/../../../../arm-none-eabi/lib/armv7e-m\libc.a(lib_a-__call_atexit.o)
 .text.atexit   0x00402f24        0xc c:/program files (x86)/atmel/studio/7.0/toolchain/arm/arm-gnu-toolchain/bin/../lib/gcc/arm-none-eabi/5.3.1/../../../../arm-none-eabi/lib/armv7e-m\libc.a(lib_a-atexit.o)
                0x00402f24                atexit
 .text.__sflush_r
                0x00402f30      0x148 c:/program files (x86)/atmel/studio/7.0/toolchain/arm/arm-gnu-toolchain/bin/../lib/gcc/arm-none-eabi/5.3.1/../../../../arm-none-eabi/lib/armv7e-m\libc.a(lib_a-fflush.o)
                0x00402f30                __sflush_r
 .text._fflush_r
                0x00403078       0x2c c:/program files (x86)/atmel/studio/7.0/toolchain/arm/arm-gnu-toolchain/bin/../lib/gcc/arm-none-eabi/5.3.1/../../../../arm-none-eabi/lib/armv7e-m\libc.a(lib_a-fflush.o)
                0x00403078                _fflush_r
 .text.fflush   0x004030a4       0x24 c:/program files (x86)/atmel/studio/7.0/toolchain/arm/arm-gnu-toolchain/bin/../lib/gcc/arm-none-eabi/5.3.1/../../../../arm-none-eabi/lib/armv7e-m\libc.a(lib_a-fflush.o)
                0x004030a4                fflush
 .text._cleanup_r
                0x004030c8        0xc c:/program files (x86)/atmel/studio/7.0/toolchain/arm/arm-gnu-toolchain/bin/../lib/gcc/arm-none-eabi/5.3.1/../../../../arm-none-eabi/lib/armv7e-m\libc.a(lib_a-findfp.o)
                0x004030c8                _cleanup_r
 .text.__sinit.part.1
                0x004030d4       0xf0 c:/program files (x86)/atmel/studio/7.0/toolchain/arm/arm-gnu-toolchain/bin/../lib/gcc/arm-none-eabi/5.3.1/../../../../arm-none-eabi/lib/armv7e-m\libc.a(lib_a-findfp.o)
 .text.__sinit  0x004031c4        0xc c:/program files (x86)/atmel/studio/7.0/toolchain/arm/arm-gnu-toolchain/bin/../lib/gcc/arm-none-eabi/5.3.1/../../../../arm-none-eabi/lib/armv7e-m\libc.a(lib_a-findfp.o)
                0x004031c4                __sinit
 .text.__sfp_lock_acquire
                0x004031d0        0x4 c:/program files (x86)/atmel/studio/7.0/toolchain/arm/arm-gnu-toolchain/bin/../lib/gcc/arm-none-eabi/5.3.1/../../../../arm-none-eabi/lib/armv7e-m\libc.a(lib_a-findfp.o)
                0x004031d0                __sfp_lock_acquire
 .text.__sfp_lock_release
                0x004031d4        0x4 c:/program files (x86)/atmel/studio/7.0/toolchain/arm/arm-gnu-toolchain/bin/../lib/gcc/arm-none-eabi/5.3.1/../../../../arm-none-eabi/lib/armv7e-m\libc.a(lib_a-findfp.o)
                0x004031d4                __sfp_lock_release
 .text.__libc_fini_array
                0x004031d8       0x28 c:/program files (x86)/atmel/studio/7.0/toolchain/arm/arm-gnu-toolchain/bin/../lib/gcc/arm-none-eabi/5.3.1/../../../../arm-none-eabi/lib/armv7e-m\libc.a(lib_a-fini.o)
                0x004031d8                __libc_fini_array
 .text.__fputwc
                0x00403200       0x98 c:/program files (x86)/atmel/studio/7.0/toolchain/arm/arm-gnu-toolchain/bin/../lib/gcc/arm-none-eabi/5.3.1/../../../../arm-none-eabi/lib/armv7e-m\libc.a(lib_a-fputwc.o)
                0x00403200                __fputwc
 .text._fputwc_r
                0x00403298       0x24 c:/program files (x86)/atmel/studio/7.0/toolchain/arm/arm-gnu-toolchain/bin/../lib/gcc/arm-none-eabi/5.3.1/../../../../arm-none-eabi/lib/armv7e-m\libc.a(lib_a-fputwc.o)
                0x00403298                _fputwc_r
 .text._fread_r
                0x004032bc      0x19c c:/program files (x86)/atmel/studio/7.0/toolchain/arm/arm-gnu-toolchain/bin/../lib/gcc/arm-none-eabi/5.3.1/../../../../arm-none-eabi/lib/armv7e-m\libc.a(lib_a-fread.o)
                0x004032bc                _fread_r
 .text._malloc_trim_r
                0x00403458       0x9c c:/program files (x86)/atmel/studio/7.0/toolchain/arm/arm-gnu-toolchain/bin/../lib/gcc/arm-none-eabi/5.3.1/../../../../arm-none-eabi/lib/armv7e-m\libc.a(lib_a-freer.o)
                0x00403458                _malloc_trim_r
 .text._free_r  0x004034f4      0x1d0 c:/program files (x86)/atmel/studio/7.0/toolchain/arm/arm-gnu-toolchain/bin/../lib/gcc/arm-none-eabi/5.3.1/../../../../arm-none-eabi/lib/armv7e-m\libc.a(lib_a-freer.o)
                0x004034f4                _free_r
 .text.__sfvwrite_r
                0x004036c4      0x304 c:/program files (x86)/atmel/studio/7.0/toolchain/arm/arm-gnu-toolchain/bin/../lib/gcc/arm-none-eabi/5.3.1/../../../../arm-none-eabi/lib/armv7e-m\libc.a(lib_a-fvwrite.o)
                0x004036c4                __sfvwrite_r
 .text._fwalk   0x004039c8       0x4c c:/program files (x86)/atmel/studio/7.0/toolchain/arm/arm-gnu-toolchain/bin/../lib/gcc/arm-none-eabi/5.3.1/../../../../arm-none-eabi/lib/armv7e-m\libc.a(lib_a-fwalk.o)
                0x004039c8                _fwalk
 .text._fwalk_reent
                0x00403a14       0x54 c:/program files (x86)/atmel/studio/7.0/toolchain/arm/arm-gnu-toolchain/bin/../lib/gcc/arm-none-eabi/5.3.1/../../../../arm-none-eabi/lib/armv7e-m\libc.a(lib_a-fwalk.o)
                0x00403a14                _fwalk_reent
 .text.iswspace
                0x00403a68       0x1c c:/program files (x86)/atmel/studio/7.0/toolchain/arm/arm-gnu-toolchain/bin/../lib/gcc/arm-none-eabi/5.3.1/../../../../arm-none-eabi/lib/armv7e-m\libc.a(lib_a-iswspace.o)
                0x00403a68                iswspace
 .text.__locale_charset
                0x00403a84        0x8 c:/program files (x86)/atmel/studio/7.0/toolchain/arm/arm-gnu-toolchain/bin/../lib/gcc/arm-none-eabi/5.3.1/../../../../arm-none-eabi/lib/armv7e-m\libc.a(lib_a-locale.o)
                0x00403a84                __locale_charset
 .text.__locale_mb_cur_max
                0x00403a8c        0xc c:/program files (x86)/atmel/studio/7.0/toolchain/arm/arm-gnu-toolchain/bin/../lib/gcc/arm-none-eabi/5.3.1/../../../../arm-none-eabi/lib/armv7e-m\libc.a(lib_a-locale.o)
                0x00403a8c                __locale_mb_cur_max
 .text.__swhatbuf_r
                0x00403a98       0x60 c:/program files (x86)/atmel/studio/7.0/toolchain/arm/arm-gnu-toolchain/bin/../lib/gcc/arm-none-eabi/5.3.1/../../../../arm-none-eabi/lib/armv7e-m\libc.a(lib_a-makebuf.o)
                0x00403a98                __swhatbuf_r
 .text.__smakebuf_r
                0x00403af8       0x88 c:/program files (x86)/atmel/studio/7.0/toolchain/arm/arm-gnu-toolchain/bin/../lib/gcc/arm-none-eabi/5.3.1/../../../../arm-none-eabi/lib/armv7e-m\libc.a(lib_a-makebuf.o)
                0x00403af8                __smakebuf_r
 .text.malloc   0x00403b80       0x10 c:/program files (x86)/atmel/studio/7.0/toolchain/arm/arm-gnu-toolchain/bin/../lib/gcc/arm-none-eabi/5.3.1/../../../../arm-none-eabi/lib/armv7e-m\libc.a(lib_a-malloc.o)
                0x00403b80                malloc
 .text._malloc_r
                0x00403b90      0x570 c:/program files (x86)/atmel/studio/7.0/toolchain/arm/arm-gnu-toolchain/bin/../lib/gcc/arm-none-eabi/5.3.1/../../../../arm-none-eabi/lib/armv7e-m\libc.a(lib_a-mallocr.o)
                0x00403b90                _malloc_r
 .text._mbrtowc_r
                0x00404100       0x5c c:/program files (x86)/atmel/studio/7.0/toolchain/arm/arm-gnu-toolchain/bin/../lib/gcc/arm-none-eabi/5.3.1/../../../../arm-none-eabi/lib/armv7e-m\libc.a(lib_a-mbrtowc.o)
                0x00404100                _mbrtowc_r
 .text.__ascii_mbtowc
                0x0040415c       0x2c c:/program files (x86)/atmel/studio/7.0/toolchain/arm/arm-gnu-toolchain/bin/../lib/gcc/arm-none-eabi/5.3.1/../../../../arm-none-eabi/lib/armv7e-m\libc.a(lib_a-mbtowc_r.o)
                0x0040415c                __ascii_mbtowc
 *fill*         0x00404188        0x8 
 .text          0x00404190       0xa0 c:/program files (x86)/atmel/studio/7.0/toolchain/arm/arm-gnu-toolchain/bin/../lib/gcc/arm-none-eabi/5.3.1/../../../../arm-none-eabi/lib/armv7e-m\libc.a(lib_a-memchr.o)
                0x00404190                memchr
 .text          0x00404230      0x134 c:/program files (x86)/atmel/studio/7.0/toolchain/arm/arm-gnu-toolchain/bin/../lib/gcc/arm-none-eabi/5.3.1/../../../../arm-none-eabi/lib/armv7e-m\libc.a(lib_a-memcpy.o)
                0x00404230                memcpy
 .text.memmove  0x00404364       0xc8 c:/program files (x86)/atmel/studio/7.0/toolchain/arm/arm-gnu-toolchain/bin/../lib/gcc/arm-none-eabi/5.3.1/../../../../arm-none-eabi/lib/armv7e-m\libc.a(lib_a-memmove.o)
                0x00404364                memmove
 .text.__malloc_lock
                0x0040442c        0x4 c:/program files (x86)/atmel/studio/7.0/toolchain/arm/arm-gnu-toolchain/bin/../lib/gcc/arm-none-eabi/5.3.1/../../../../arm-none-eabi/lib/armv7e-m\libc.a(lib_a-mlock.o)
                0x0040442c                __malloc_lock
 .text.__malloc_unlock
                0x00404430        0x4 c:/program files (x86)/atmel/studio/7.0/toolchain/arm/arm-gnu-toolchain/bin/../lib/gcc/arm-none-eabi/5.3.1/../../../../arm-none-eabi/lib/armv7e-m\libc.a(lib_a-mlock.o)
                0x00404430                __malloc_unlock
 .text._realloc_r
                0x00404434      0x3e0 c:/program files (x86)/atmel/studio/7.0/toolchain/arm/arm-gnu-toolchain/bin/../lib/gcc/arm-none-eabi/5.3.1/../../../../arm-none-eabi/lib/armv7e-m\libc.a(lib_a-reallocr.o)
                0x00404434                _realloc_r
 .text.lflush   0x00404814       0x14 c:/program files (x86)/atmel/studio/7.0/toolchain/arm/arm-gnu-toolchain/bin/../lib/gcc/arm-none-eabi/5.3.1/../../../../arm-none-eabi/lib/armv7e-m\libc.a(lib_a-refill.o)
 .text.__srefill_r
                0x00404828      0x114 c:/program files (x86)/atmel/studio/7.0/toolchain/arm/arm-gnu-toolchain/bin/../lib/gcc/arm-none-eabi/5.3.1/../../../../arm-none-eabi/lib/armv7e-m\libc.a(lib_a-refill.o)
                0x00404828                __srefill_r
 .text._sbrk_r  0x0040493c       0x24 c:/program files (x86)/atmel/studio/7.0/toolchain/arm/arm-gnu-toolchain/bin/../lib/gcc/arm-none-eabi/5.3.1/../../../../arm-none-eabi/lib/armv7e-m\libc.a(lib_a-sbrkr.o)
                0x0040493c                _sbrk_r
 .text.__sccl   0x00404960       0x74 c:/program files (x86)/atmel/studio/7.0/toolchain/arm/arm-gnu-toolchain/bin/../lib/gcc/arm-none-eabi/5.3.1/../../../../arm-none-eabi/lib/armv7e-m\libc.a(lib_a-sccl.o)
                0x00404960                __sccl
 .text.__sread  0x004049d4       0x24 c:/program files (x86)/atmel/studio/7.0/toolchain/arm/arm-gnu-toolchain/bin/../lib/gcc/arm-none-eabi/5.3.1/../../../../arm-none-eabi/lib/armv7e-m\libc.a(lib_a-stdio.o)
                0x004049d4                __sread
 .text.__swrite
                0x004049f8       0x3c c:/program files (x86)/atmel/studio/7.0/toolchain/arm/arm-gnu-toolchain/bin/../lib/gcc/arm-none-eabi/5.3.1/../../../../arm-none-eabi/lib/armv7e-m\libc.a(lib_a-stdio.o)
                0x004049f8                __swrite
 .text.__sseek  0x00404a34       0x20 c:/program files (x86)/atmel/studio/7.0/toolchain/arm/arm-gnu-toolchain/bin/../lib/gcc/arm-none-eabi/5.3.1/../../../../arm-none-eabi/lib/armv7e-m\libc.a(lib_a-stdio.o)
                0x00404a34                __sseek
 .text.__sclose
                0x00404a54        0x8 c:/program files (x86)/atmel/studio/7.0/toolchain/arm/arm-gnu-toolchain/bin/../lib/gcc/arm-none-eabi/5.3.1/../../../../arm-none-eabi/lib/armv7e-m\libc.a(lib_a-stdio.o)
                0x00404a54                __sclose
 .text._strtol_r
                0x00404a5c      0x128 c:/program files (x86)/atmel/studio/7.0/toolchain/arm/arm-gnu-toolchain/bin/../lib/gcc/arm-none-eabi/5.3.1/../../../../arm-none-eabi/lib/armv7e-m\libc.a(lib_a-strtol.o)
                0x00404a5c                _strtol_r
 .text._strtoll_r
                0x00404b84      0x1b0 c:/program files (x86)/atmel/studio/7.0/toolchain/arm/arm-gnu-toolchain/bin/../lib/gcc/arm-none-eabi/5.3.1/../../../../arm-none-eabi/lib/armv7e-m\libc.a(lib_a-strtoll_r.o)
                0x00404b84                _strtoll_r
 .text._strtoul_r
                0x00404d34      0x134 c:/program files (x86)/atmel/studio/7.0/toolchain/arm/arm-gnu-toolchain/bin/../lib/gcc/arm-none-eabi/5.3.1/../../../../arm-none-eabi/lib/armv7e-m\libc.a(lib_a-strtoul.o)
                0x00404d34                _strtoul_r
 .text._strtoull_r
                0x00404e68      0x1c8 c:/program files (x86)/atmel/studio/7.0/toolchain/arm/arm-gnu-toolchain/bin/../lib/gcc/arm-none-eabi/5.3.1/../../../../arm-none-eabi/lib/armv7e-m\libc.a(lib_a-strtoull_r.o)
                0x00404e68                _strtoull_r
 .text.__submore
                0x00405030       0x78 c:/program files (x86)/atmel/studio/7.0/toolchain/arm/arm-gnu-toolchain/bin/../lib/gcc/arm-none-eabi/5.3.1/../../../../arm-none-eabi/lib/armv7e-m\libc.a(lib_a-ungetc.o)
                0x00405030                __submore
 .text._ungetc_r
                0x004050a8       0xe0 c:/program files (x86)/atmel/studio/7.0/toolchain/arm/arm-gnu-toolchain/bin/../lib/gcc/arm-none-eabi/5.3.1/../../../../arm-none-eabi/lib/armv7e-m\libc.a(lib_a-ungetc.o)
                0x004050a8                _ungetc_r
 .text.__swbuf_r
                0x00405188       0xac c:/program files (x86)/atmel/studio/7.0/toolchain/arm/arm-gnu-toolchain/bin/../lib/gcc/arm-none-eabi/5.3.1/../../../../arm-none-eabi/lib/armv7e-m\libc.a(lib_a-wbuf.o)
                0x00405188                __swbuf_r
 .text._wcrtomb_r
                0x00405234       0x54 c:/program files (x86)/atmel/studio/7.0/toolchain/arm/arm-gnu-toolchain/bin/../lib/gcc/arm-none-eabi/5.3.1/../../../../arm-none-eabi/lib/armv7e-m\libc.a(lib_a-wcrtomb.o)
                0x00405234                _wcrtomb_r
 .text.__ascii_wctomb
                0x00405288       0x1c c:/program files (x86)/atmel/studio/7.0/toolchain/arm/arm-gnu-toolchain/bin/../lib/gcc/arm-none-eabi/5.3.1/../../../../arm-none-eabi/lib/armv7e-m\libc.a(lib_a-wctomb_r.o)
                0x00405288                __ascii_wctomb
 .text._write_r
                0x004052a4       0x2c c:/program files (x86)/atmel/studio/7.0/toolchain/arm/arm-gnu-toolchain/bin/../lib/gcc/arm-none-eabi/5.3.1/../../../../arm-none-eabi/lib/armv7e-m\libc.a(lib_a-writer.o)
                0x004052a4                _write_r
 .text.__register_exitproc
                0x004052d0       0xa4 c:/program files (x86)/atmel/studio/7.0/toolchain/arm/arm-gnu-toolchain/bin/../lib/gcc/arm-none-eabi/5.3.1/../../../../arm-none-eabi/lib/armv7e-m\libc.a(lib_a-__atexit.o)
                0x004052d0                __register_exitproc
 .text._close_r
                0x00405374       0x24 c:/program files (x86)/atmel/studio/7.0/toolchain/arm/arm-gnu-toolchain/bin/../lib/gcc/arm-none-eabi/5.3.1/../../../../arm-none-eabi/lib/armv7e-m\libc.a(lib_a-closer.o)
                0x00405374                _close_r
 .text._fclose_r
                0x00405398       0x84 c:/program files (x86)/atmel/studio/7.0/toolchain/arm/arm-gnu-toolchain/bin/../lib/gcc/arm-none-eabi/5.3.1/../../../../arm-none-eabi/lib/armv7e-m\libc.a(lib_a-fclose.o)
                0x00405398                _fclose_r
 .text._fstat_r
                0x0040541c       0x28 c:/program files (x86)/atmel/studio/7.0/toolchain/arm/arm-gnu-toolchain/bin/../lib/gcc/arm-none-eabi/5.3.1/../../../../arm-none-eabi/lib/armv7e-m\libc.a(lib_a-fstatr.o)
                0x0040541c                _fstat_r
 .text._isatty_r
                0x00405444       0x24 c:/program files (x86)/atmel/studio/7.0/toolchain/arm/arm-gnu-toolchain/bin/../lib/gcc/arm-none-eabi/5.3.1/../../../../arm-none-eabi/lib/armv7e-m\libc.a(lib_a-isattyr.o)
                0x00405444                _isatty_r
 .text._lseek_r
                0x00405468       0x2c c:/program files (x86)/atmel/studio/7.0/toolchain/arm/arm-gnu-toolchain/bin/../lib/gcc/arm-none-eabi/5.3.1/../../../../arm-none-eabi/lib/armv7e-m\libc.a(lib_a-lseekr.o)
                0x00405468                _lseek_r
 .text._read_r  0x00405494       0x2c c:/program files (x86)/atmel/studio/7.0/toolchain/arm/arm-gnu-toolchain/bin/../lib/gcc/arm-none-eabi/5.3.1/../../../../arm-none-eabi/lib/armv7e-m\libc.a(lib_a-readr.o)
                0x00405494                _read_r
 .text          0x004054c0       0x30 c:/program files (x86)/atmel/studio/7.0/toolchain/arm/arm-gnu-toolchain/bin/../lib/gcc/arm-none-eabi/5.3.1/armv7e-m\libgcc.a(_aeabi_uldivmod.o)
                0x004054c0                __aeabi_uldivmod
 .text          0x004054f0      0x2e4 c:/program files (x86)/atmel/studio/7.0/toolchain/arm/arm-gnu-toolchain/bin/../lib/gcc/arm-none-eabi/5.3.1/armv7e-m\libgcc.a(_udivmoddi4.o)
                0x004054f0                __udivmoddi4
 .text          0x004057d4        0x4 c:/program files (x86)/atmel/studio/7.0/toolchain/arm/arm-gnu-toolchain/bin/../lib/gcc/arm-none-eabi/5.3.1/armv7e-m\libgcc.a(_dvmd_tls.o)
                0x004057d4                __aeabi_idiv0
                0x004057d4                __aeabi_ldiv0
 *(.glue_7t)
 .glue_7t       0x004057d8        0x0 linker stubs
 *(.glue_7)
 .glue_7        0x004057d8        0x0 linker stubs
 *(.rodata .rodata* .gnu.linkonce.r.*)
 .rodata.str1.4
                0x004057d8      0x3b1 src/spi_example.o
                                0x3b5 (size before relaxing)
 *fill*         0x00405b89        0x3 
 .rodata.gs_ul_clock_configurations
                0x00405b8c       0x10 src/spi_example.o
 .rodata.str1.4
                0x00405b9c        0x2 c:/program files (x86)/atmel/studio/7.0/toolchain/arm/arm-gnu-toolchain/bin/../lib/gcc/arm-none-eabi/5.3.1/../../../../arm-none-eabi/lib/armv7e-m\libc.a(lib_a-impure.o)
 *fill*         0x00405b9e        0x2 
 .rodata._global_impure_ptr
                0x00405ba0        0x4 c:/program files (x86)/atmel/studio/7.0/toolchain/arm/arm-gnu-toolchain/bin/../lib/gcc/arm-none-eabi/5.3.1/../../../../arm-none-eabi/lib/armv7e-m\libc.a(lib_a-impure.o)
                0x00405ba0                _global_impure_ptr
 .rodata.str1.4
                0x00405ba4        0x2 c:/program files (x86)/atmel/studio/7.0/toolchain/arm/arm-gnu-toolchain/bin/../lib/gcc/arm-none-eabi/5.3.1/../../../../arm-none-eabi/lib/armv7e-m\libc.a(lib_a-puts.o)
 *fill*         0x00405ba6        0x2 
 .rodata.zeroes.6993
                0x00405ba8       0x10 c:/program files (x86)/atmel/studio/7.0/toolchain/arm/arm-gnu-toolchain/bin/../lib/gcc/arm-none-eabi/5.3.1/../../../../arm-none-eabi/lib/armv7e-m\libc.a(lib_a-vfiprintf.o)
 .rodata.str1.4
                0x00405bb8       0x2f c:/program files (x86)/atmel/studio/7.0/toolchain/arm/arm-gnu-toolchain/bin/../lib/gcc/arm-none-eabi/5.3.1/../../../../arm-none-eabi/lib/armv7e-m\libc.a(lib_a-vfiprintf.o)
 *fill*         0x00405be7        0x1 
 .rodata.blanks.6992
                0x00405be8       0x10 c:/program files (x86)/atmel/studio/7.0/toolchain/arm/arm-gnu-toolchain/bin/../lib/gcc/arm-none-eabi/5.3.1/../../../../arm-none-eabi/lib/armv7e-m\libc.a(lib_a-vfiprintf.o)
 .rodata.basefix.6460
                0x00405bf8       0x22 c:/program files (x86)/atmel/studio/7.0/toolchain/arm/arm-gnu-toolchain/bin/../lib/gcc/arm-none-eabi/5.3.1/../../../../arm-none-eabi/lib/armv7e-m\libc.a(lib_a-vfiscanf.o)
 *fill*         0x00405c1a        0x2 
 .rodata._ctype_
                0x00405c1c      0x101 c:/program files (x86)/atmel/studio/7.0/toolchain/arm/arm-gnu-toolchain/bin/../lib/gcc/arm-none-eabi/5.3.1/../../../../arm-none-eabi/lib/armv7e-m\libc.a(lib_a-ctype_.o)
                0x00405c1c                _ctype_
 .rodata.str1.4
                0x00405d1d       0x30 c:/program files (x86)/atmel/studio/7.0/toolchain/arm/arm-gnu-toolchain/bin/../lib/gcc/arm-none-eabi/5.3.1/../../../../arm-none-eabi/lib/armv7e-m\libc.a(lib_a-mbrtowc.o)
                                  0x1 (size before relaxing)
 *(.ARM.extab* .gnu.linkonce.armextab.*)
                0x00405d50                . = ALIGN (0x4)
 *fill*         0x00405d1d        0x3 
 *(.init)
 .init          0x00405d20        0x4 c:/program files (x86)/atmel/studio/7.0/toolchain/arm/arm-gnu-toolchain/bin/../lib/gcc/arm-none-eabi/5.3.1/armv7e-m/crti.o
                0x00405d20                _init
 .init          0x00405d24        0x8 c:/program files (x86)/atmel/studio/7.0/toolchain/arm/arm-gnu-toolchain/bin/../lib/gcc/arm-none-eabi/5.3.1/armv7e-m/crtn.o
                0x00405d2c                . = ALIGN (0x4)
                0x00405d2c                __preinit_array_start = .
 *(.preinit_array)
                0x00405d2c                __preinit_array_end = .
                0x00405d2c                . = ALIGN (0x4)
                0x00405d2c                __init_array_start = .
 *(SORT(.init_array.*))
 .init_array.00000
                0x00405d2c        0x4 c:/program files (x86)/atmel/studio/7.0/toolchain/arm/arm-gnu-toolchain/bin/../lib/gcc/arm-none-eabi/5.3.1/../../../../arm-none-eabi/lib/armv7e-m\libc.a(lib_a-__call_atexit.o)
 *(.init_array)
 .init_array    0x00405d30        0x4 c:/program files (x86)/atmel/studio/7.0/toolchain/arm/arm-gnu-toolchain/bin/../lib/gcc/arm-none-eabi/5.3.1/armv7e-m/crtbegin.o
                0x00405d34                __init_array_end = .
                0x00405d34                . = ALIGN (0x4)
 *crtbegin.o(.ctors)
 *(EXCLUDE_FILE(*crtend.o) .ctors)
 *(SORT(.ctors.*))
 *crtend.o(.ctors)
                0x00405d34                . = ALIGN (0x4)
 *(.fini)
 .fini          0x00405d34        0x4 c:/program files (x86)/atmel/studio/7.0/toolchain/arm/arm-gnu-toolchain/bin/../lib/gcc/arm-none-eabi/5.3.1/armv7e-m/crti.o
                0x00405d34                _fini
 .fini          0x00405d38        0x8 c:/program files (x86)/atmel/studio/7.0/toolchain/arm/arm-gnu-toolchain/bin/../lib/gcc/arm-none-eabi/5.3.1/armv7e-m/crtn.o
                0x00405d40                . = ALIGN (0x4)
                0x00405d40                __fini_array_start = .
 *(.fini_array)
 .fini_array    0x00405d40        0x4 c:/program files (x86)/atmel/studio/7.0/toolchain/arm/arm-gnu-toolchain/bin/../lib/gcc/arm-none-eabi/5.3.1/armv7e-m/crtbegin.o
 *(SORT(.fini_array.*))
                0x00405d44                __fini_array_end = .
 *crtbegin.o(.dtors)
 *(EXCLUDE_FILE(*crtend.o) .dtors)
 *(SORT(.dtors.*))
 *crtend.o(.dtors)
                0x00405d44                . = ALIGN (0x4)
                0x00405d44                _efixed = .
                [!provide]                PROVIDE (__exidx_start, .)

.vfp11_veneer   0x00405d44        0x0
 .vfp11_veneer  0x00405d44        0x0 linker stubs

.v4_bx          0x00405d44        0x0
 .v4_bx         0x00405d44        0x0 linker stubs

.iplt           0x00405d44        0x0
 .iplt          0x00405d44        0x0 c:/program files (x86)/atmel/studio/7.0/toolchain/arm/arm-gnu-toolchain/bin/../lib/gcc/arm-none-eabi/5.3.1/armv7e-m/crtbegin.o

.ARM.exidx      0x00405d44        0x8
 *(.ARM.exidx* .gnu.linkonce.armexidx.*)
 .ARM.exidx     0x00405d44        0x8 c:/program files (x86)/atmel/studio/7.0/toolchain/arm/arm-gnu-toolchain/bin/../lib/gcc/arm-none-eabi/5.3.1/armv7e-m\libgcc.a(_udivmoddi4.o)
                [!provide]                PROVIDE (__exidx_end, .)

.eh_frame       0x00405d4c        0x0
 .eh_frame      0x00405d4c        0x0 c:/program files (x86)/atmel/studio/7.0/toolchain/arm/arm-gnu-toolchain/bin/../lib/gcc/arm-none-eabi/5.3.1/armv7e-m/crtbegin.o

.rel.dyn        0x00405d4c        0x0
 .rel.iplt      0x00405d4c        0x0 c:/program files (x86)/atmel/studio/7.0/toolchain/arm/arm-gnu-toolchain/bin/../lib/gcc/arm-none-eabi/5.3.1/armv7e-m/crtbegin.o

.jcr            0x00405d4c        0x0
 .jcr           0x00405d4c        0x0 c:/program files (x86)/atmel/studio/7.0/toolchain/arm/arm-gnu-toolchain/bin/../lib/gcc/arm-none-eabi/5.3.1/armv7e-m/crtbegin.o

.igot.plt       0x00405d4c        0x0
 .igot.plt      0x00405d4c        0x0 c:/program files (x86)/atmel/studio/7.0/toolchain/arm/arm-gnu-toolchain/bin/../lib/gcc/arm-none-eabi/5.3.1/armv7e-m/crtbegin.o
                0x00405d4c                . = ALIGN (0x4)
                0x00405d4c                _etext = .

.relocate       0x20000000      0x87c load address 0x00405d4c
                0x20000000                . = ALIGN (0x4)
                0x20000000                _srelocate = .
 *(.ramfunc .ramfunc.*)
 *(.data .data.*)
 .data.SystemCoreClock
                0x20000000        0x4 src/ASF/sam/utils/cmsis/sam4n/source/templates/system_sam4n.o
                0x20000000                SystemCoreClock
 .data.gs_ul_spi_clock
                0x20000004        0x4 src/spi_example.o
 .data.gs_ul_spi_cmd
                0x20000008        0x4 src/spi_example.o
 *fill*         0x2000000c        0x4 
 .data.impure_data
                0x20000010      0x428 c:/program files (x86)/atmel/studio/7.0/toolchain/arm/arm-gnu-toolchain/bin/../lib/gcc/arm-none-eabi/5.3.1/../../../../arm-none-eabi/lib/armv7e-m\libc.a(lib_a-impure.o)
 .data._impure_ptr
                0x20000438        0x4 c:/program files (x86)/atmel/studio/7.0/toolchain/arm/arm-gnu-toolchain/bin/../lib/gcc/arm-none-eabi/5.3.1/../../../../arm-none-eabi/lib/armv7e-m\libc.a(lib_a-impure.o)
                0x20000438                _impure_ptr
 .data.__ctype_ptr__
                0x2000043c        0x4 c:/program files (x86)/atmel/studio/7.0/toolchain/arm/arm-gnu-toolchain/bin/../lib/gcc/arm-none-eabi/5.3.1/../../../../arm-none-eabi/lib/armv7e-m\libc.a(lib_a-ctype_.o)
                0x2000043c                __ctype_ptr__
 .data.lc_ctype_charset
                0x20000440       0x20 c:/program files (x86)/atmel/studio/7.0/toolchain/arm/arm-gnu-toolchain/bin/../lib/gcc/arm-none-eabi/5.3.1/../../../../arm-none-eabi/lib/armv7e-m\libc.a(lib_a-locale.o)
 .data.__mb_cur_max
                0x20000460        0x4 c:/program files (x86)/atmel/studio/7.0/toolchain/arm/arm-gnu-toolchain/bin/../lib/gcc/arm-none-eabi/5.3.1/../../../../arm-none-eabi/lib/armv7e-m\libc.a(lib_a-locale.o)
                0x20000460                __mb_cur_max
 .data.__malloc_av_
                0x20000464      0x408 c:/program files (x86)/atmel/studio/7.0/toolchain/arm/arm-gnu-toolchain/bin/../lib/gcc/arm-none-eabi/5.3.1/../../../../arm-none-eabi/lib/armv7e-m\libc.a(lib_a-mallocr.o)
                0x20000464                __malloc_av_
 .data.__malloc_trim_threshold
                0x2000086c        0x4 c:/program files (x86)/atmel/studio/7.0/toolchain/arm/arm-gnu-toolchain/bin/../lib/gcc/arm-none-eabi/5.3.1/../../../../arm-none-eabi/lib/armv7e-m\libc.a(lib_a-mallocr.o)
                0x2000086c                __malloc_trim_threshold
 .data.__malloc_sbrk_base
                0x20000870        0x4 c:/program files (x86)/atmel/studio/7.0/toolchain/arm/arm-gnu-toolchain/bin/../lib/gcc/arm-none-eabi/5.3.1/../../../../arm-none-eabi/lib/armv7e-m\libc.a(lib_a-mallocr.o)
                0x20000870                __malloc_sbrk_base
 .data.__mbtowc
                0x20000874        0x4 c:/program files (x86)/atmel/studio/7.0/toolchain/arm/arm-gnu-toolchain/bin/../lib/gcc/arm-none-eabi/5.3.1/../../../../arm-none-eabi/lib/armv7e-m\libc.a(lib_a-mbtowc_r.o)
                0x20000874                __mbtowc
 .data.__wctomb
                0x20000878        0x4 c:/program files (x86)/atmel/studio/7.0/toolchain/arm/arm-gnu-toolchain/bin/../lib/gcc/arm-none-eabi/5.3.1/../../../../arm-none-eabi/lib/armv7e-m\libc.a(lib_a-wctomb_r.o)
                0x20000878                __wctomb
                0x2000087c                . = ALIGN (0x4)
                0x2000087c                _erelocate = .

.bss            0x2000087c      0x118 load address 0x004065c8
                0x2000087c                . = ALIGN (0x4)
                0x2000087c                _sbss = .
                0x2000087c                _szero = .
 *(.bss .bss.*)
 .bss           0x2000087c       0x1c c:/program files (x86)/atmel/studio/7.0/toolchain/arm/arm-gnu-toolchain/bin/../lib/gcc/arm-none-eabi/5.3.1/armv7e-m/crtbegin.o
 .bss.heap.5287
                0x20000898        0x4 src/ASF/sam/utils/syscalls/gcc/syscalls.o
 .bss.data.8077
                0x2000089c        0x2 src/spi_example.o
 *fill*         0x2000089e        0x2 
 .bss.gs_ul_test_block_number
                0x200008a0        0x4 src/spi_example.o
 .bss.gs_ul_spi_state
                0x200008a4        0x4 src/spi_example.o
 .bss.gs_ul_transfer_length
                0x200008a8        0x4 src/spi_example.o
 .bss.gs_uc_spi_buffer
                0x200008ac       0x40 src/spi_example.o
 .bss.gs_spi_status
                0x200008ec       0x58 src/spi_example.o
 .bss.gs_puc_transfer_buffer
                0x20000944        0x4 src/spi_example.o
 .bss.data.8056
                0x20000948        0x2 src/spi_example.o
 *fill*         0x2000094a        0x2 
 .bss.gs_ul_transfer_index
                0x2000094c        0x4 src/spi_example.o
 .bss.__malloc_max_total_mem
                0x20000950        0x4 c:/program files (x86)/atmel/studio/7.0/toolchain/arm/arm-gnu-toolchain/bin/../lib/gcc/arm-none-eabi/5.3.1/../../../../arm-none-eabi/lib/armv7e-m\libc.a(lib_a-mallocr.o)
                0x20000950                __malloc_max_total_mem
 .bss.__malloc_max_sbrked_mem
                0x20000954        0x4 c:/program files (x86)/atmel/studio/7.0/toolchain/arm/arm-gnu-toolchain/bin/../lib/gcc/arm-none-eabi/5.3.1/../../../../arm-none-eabi/lib/armv7e-m\libc.a(lib_a-mallocr.o)
                0x20000954                __malloc_max_sbrked_mem
 .bss.__malloc_top_pad
                0x20000958        0x4 c:/program files (x86)/atmel/studio/7.0/toolchain/arm/arm-gnu-toolchain/bin/../lib/gcc/arm-none-eabi/5.3.1/../../../../arm-none-eabi/lib/armv7e-m\libc.a(lib_a-mallocr.o)
                0x20000958                __malloc_top_pad
 .bss.__malloc_current_mallinfo
                0x2000095c       0x28 c:/program files (x86)/atmel/studio/7.0/toolchain/arm/arm-gnu-toolchain/bin/../lib/gcc/arm-none-eabi/5.3.1/../../../../arm-none-eabi/lib/armv7e-m\libc.a(lib_a-mallocr.o)
                0x2000095c                __malloc_current_mallinfo
 *(COMMON)
 COMMON         0x20000984        0x4 src/ASF/common/utils/stdio/read.o
                0x20000984                ptr_get
 COMMON         0x20000988        0x8 src/ASF/common/utils/stdio/write.o
                0x20000988                ptr_put
                0x2000098c                stdio_base
 COMMON         0x20000990        0x4 c:/program files (x86)/atmel/studio/7.0/toolchain/arm/arm-gnu-toolchain/bin/../lib/gcc/arm-none-eabi/5.3.1/../../../../arm-none-eabi/lib/armv7e-m\libc.a(lib_a-reent.o)
                0x20000990                errno
                0x20000994                . = ALIGN (0x4)
                0x20000994                _ebss = .
                0x20000994                _ezero = .

.stack          0x20000994     0x3004 load address 0x004066e0
                0x20000998                . = ALIGN (0x8)
 *fill*         0x20000994        0x4 
                0x20000998                _sstack = .
                0x20003998                . = (. + __stack_size__)
 *fill*         0x20000998     0x3000 
                0x20003998                . = ALIGN (0x8)
                0x20003998                _estack = .
                0x20003998                . = ALIGN (0x4)
                0x20003998                _end = .
OUTPUT(SPI_EXAMPLE1.elf elf32-littlearm)

.ARM.attributes
                0x00000000       0x2a
 .ARM.attributes
                0x00000000       0x1e c:/program files (x86)/atmel/studio/7.0/toolchain/arm/arm-gnu-toolchain/bin/../lib/gcc/arm-none-eabi/5.3.1/armv7e-m/crti.o
 .ARM.attributes
                0x0000001e       0x2e c:/program files (x86)/atmel/studio/7.0/toolchain/arm/arm-gnu-toolchain/bin/../lib/gcc/arm-none-eabi/5.3.1/armv7e-m/crtbegin.o
 .ARM.attributes
                0x0000004c       0x33 src/ASF/common/services/clock/sam4n/sysclk.o
 .ARM.attributes
                0x0000007f       0x33 src/ASF/common/utils/stdio/read.o
 .ARM.attributes
                0x000000b2       0x33 src/ASF/common/utils/stdio/write.o
 .ARM.attributes
                0x000000e5       0x33 src/ASF/sam/boards/sam4n_xplained_pro/init.o
 .ARM.attributes
                0x00000118       0x33 src/ASF/sam/drivers/pmc/pmc.o
 .ARM.attributes
                0x0000014b       0x33 src/ASF/sam/drivers/spi/spi.o
 .ARM.attributes
                0x0000017e       0x33 src/ASF/sam/drivers/uart/uart.o
 .ARM.attributes
                0x000001b1       0x33 src/ASF/sam/drivers/usart/usart.o
 .ARM.attributes
                0x000001e4       0x33 src/ASF/sam/utils/cmsis/sam4n/source/templates/exceptions.o
 .ARM.attributes
                0x00000217       0x33 src/ASF/sam/utils/cmsis/sam4n/source/templates/gcc/startup_sam4n.o
 .ARM.attributes
                0x0000024a       0x33 src/ASF/sam/utils/cmsis/sam4n/source/templates/system_sam4n.o
 .ARM.attributes
                0x0000027d       0x33 src/ASF/sam/utils/syscalls/gcc/syscalls.o
 .ARM.attributes
                0x000002b0       0x33 src/spi_example.o
 .ARM.attributes
                0x000002e3       0x2e c:/program files (x86)/atmel/studio/7.0/toolchain/arm/arm-gnu-toolchain/bin/../lib/gcc/arm-none-eabi/5.3.1/../../../../arm-none-eabi/lib/armv7e-m\libc.a(lib_a-impure.o)
 .ARM.attributes
                0x00000311       0x2e c:/program files (x86)/atmel/studio/7.0/toolchain/arm/arm-gnu-toolchain/bin/../lib/gcc/arm-none-eabi/5.3.1/../../../../arm-none-eabi/lib/armv7e-m\libc.a(lib_a-init.o)
 .ARM.attributes
                0x0000033f       0x2e c:/program files (x86)/atmel/studio/7.0/toolchain/arm/arm-gnu-toolchain/bin/../lib/gcc/arm-none-eabi/5.3.1/../../../../arm-none-eabi/lib/armv7e-m\libc.a(lib_a-iprintf.o)
 .ARM.attributes
                0x0000036d       0x2e c:/program files (x86)/atmel/studio/7.0/toolchain/arm/arm-gnu-toolchain/bin/../lib/gcc/arm-none-eabi/5.3.1/../../../../arm-none-eabi/lib/armv7e-m\libc.a(lib_a-iscanf.o)
 .ARM.attributes
                0x0000039b       0x2e c:/program files (x86)/atmel/studio/7.0/toolchain/arm/arm-gnu-toolchain/bin/../lib/gcc/arm-none-eabi/5.3.1/../../../../arm-none-eabi/lib/armv7e-m\libc.a(lib_a-memset.o)
 .ARM.attributes
                0x000003c9       0x2e c:/program files (x86)/atmel/studio/7.0/toolchain/arm/arm-gnu-toolchain/bin/../lib/gcc/arm-none-eabi/5.3.1/../../../../arm-none-eabi/lib/armv7e-m\libc.a(lib_a-puts.o)
 .ARM.attributes
                0x000003f7       0x2e c:/program files (x86)/atmel/studio/7.0/toolchain/arm/arm-gnu-toolchain/bin/../lib/gcc/arm-none-eabi/5.3.1/../../../../arm-none-eabi/lib/armv7e-m\libc.a(lib_a-setbuf.o)
 .ARM.attributes
                0x00000425       0x2e c:/program files (x86)/atmel/studio/7.0/toolchain/arm/arm-gnu-toolchain/bin/../lib/gcc/arm-none-eabi/5.3.1/../../../../arm-none-eabi/lib/armv7e-m\libc.a(lib_a-setvbuf.o)
 .ARM.attributes
                0x00000453       0x1c c:/program files (x86)/atmel/studio/7.0/toolchain/arm/arm-gnu-toolchain/bin/../lib/gcc/arm-none-eabi/5.3.1/../../../../arm-none-eabi/lib/armv7e-m\libc.a(lib_a-strlen.o)
 .ARM.attributes
                0x0000046f       0x2e c:/program files (x86)/atmel/studio/7.0/toolchain/arm/arm-gnu-toolchain/bin/../lib/gcc/arm-none-eabi/5.3.1/../../../../arm-none-eabi/lib/armv7e-m\libc.a(lib_a-vfiprintf.o)
 .ARM.attributes
                0x0000049d       0x2e c:/program files (x86)/atmel/studio/7.0/toolchain/arm/arm-gnu-toolchain/bin/../lib/gcc/arm-none-eabi/5.3.1/../../../../arm-none-eabi/lib/armv7e-m\libc.a(lib_a-vfiscanf.o)
 .ARM.attributes
                0x000004cb       0x2e c:/program files (x86)/atmel/studio/7.0/toolchain/arm/arm-gnu-toolchain/bin/../lib/gcc/arm-none-eabi/5.3.1/../../../../arm-none-eabi/lib/armv7e-m\libc.a(lib_a-wsetup.o)
 .ARM.attributes
                0x000004f9       0x2e c:/program files (x86)/atmel/studio/7.0/toolchain/arm/arm-gnu-toolchain/bin/../lib/gcc/arm-none-eabi/5.3.1/../../../../arm-none-eabi/lib/armv7e-m\libc.a(lib_a-__call_atexit.o)
 .ARM.attributes
                0x00000527       0x2e c:/program files (x86)/atmel/studio/7.0/toolchain/arm/arm-gnu-toolchain/bin/../lib/gcc/arm-none-eabi/5.3.1/../../../../arm-none-eabi/lib/armv7e-m\libc.a(lib_a-atexit.o)
 .ARM.attributes
                0x00000555       0x2e c:/program files (x86)/atmel/studio/7.0/toolchain/arm/arm-gnu-toolchain/bin/../lib/gcc/arm-none-eabi/5.3.1/../../../../arm-none-eabi/lib/armv7e-m\libc.a(lib_a-ctype_.o)
 .ARM.attributes
                0x00000583       0x2e c:/program files (x86)/atmel/studio/7.0/toolchain/arm/arm-gnu-toolchain/bin/../lib/gcc/arm-none-eabi/5.3.1/../../../../arm-none-eabi/lib/armv7e-m\libc.a(lib_a-fflush.o)
 .ARM.attributes
                0x000005b1       0x2e c:/program files (x86)/atmel/studio/7.0/toolchain/arm/arm-gnu-toolchain/bin/../lib/gcc/arm-none-eabi/5.3.1/../../../../arm-none-eabi/lib/armv7e-m\libc.a(lib_a-findfp.o)
 .ARM.attributes
                0x000005df       0x2e c:/program files (x86)/atmel/studio/7.0/toolchain/arm/arm-gnu-toolchain/bin/../lib/gcc/arm-none-eabi/5.3.1/../../../../arm-none-eabi/lib/armv7e-m\libc.a(lib_a-fini.o)
 .ARM.attributes
                0x0000060d       0x2e c:/program files (x86)/atmel/studio/7.0/toolchain/arm/arm-gnu-toolchain/bin/../lib/gcc/arm-none-eabi/5.3.1/../../../../arm-none-eabi/lib/armv7e-m\libc.a(lib_a-fputwc.o)
 .ARM.attributes
                0x0000063b       0x2e c:/program files (x86)/atmel/studio/7.0/toolchain/arm/arm-gnu-toolchain/bin/../lib/gcc/arm-none-eabi/5.3.1/../../../../arm-none-eabi/lib/armv7e-m\libc.a(lib_a-fread.o)
 .ARM.attributes
                0x00000669       0x2e c:/program files (x86)/atmel/studio/7.0/toolchain/arm/arm-gnu-toolchain/bin/../lib/gcc/arm-none-eabi/5.3.1/../../../../arm-none-eabi/lib/armv7e-m\libc.a(lib_a-freer.o)
 .ARM.attributes
                0x00000697       0x2e c:/program files (x86)/atmel/studio/7.0/toolchain/arm/arm-gnu-toolchain/bin/../lib/gcc/arm-none-eabi/5.3.1/../../../../arm-none-eabi/lib/armv7e-m\libc.a(lib_a-fvwrite.o)
 .ARM.attributes
                0x000006c5       0x2e c:/program files (x86)/atmel/studio/7.0/toolchain/arm/arm-gnu-toolchain/bin/../lib/gcc/arm-none-eabi/5.3.1/../../../../arm-none-eabi/lib/armv7e-m\libc.a(lib_a-fwalk.o)
 .ARM.attributes
                0x000006f3       0x2e c:/program files (x86)/atmel/studio/7.0/toolchain/arm/arm-gnu-toolchain/bin/../lib/gcc/arm-none-eabi/5.3.1/../../../../arm-none-eabi/lib/armv7e-m\libc.a(lib_a-iswspace.o)
 .ARM.attributes
                0x00000721       0x2e c:/program files (x86)/atmel/studio/7.0/toolchain/arm/arm-gnu-toolchain/bin/../lib/gcc/arm-none-eabi/5.3.1/../../../../arm-none-eabi/lib/armv7e-m\libc.a(lib_a-locale.o)
 .ARM.attributes
                0x0000074f       0x2e c:/program files (x86)/atmel/studio/7.0/toolchain/arm/arm-gnu-toolchain/bin/../lib/gcc/arm-none-eabi/5.3.1/../../../../arm-none-eabi/lib/armv7e-m\libc.a(lib_a-makebuf.o)
 .ARM.attributes
                0x0000077d       0x2e c:/program files (x86)/atmel/studio/7.0/toolchain/arm/arm-gnu-toolchain/bin/../lib/gcc/arm-none-eabi/5.3.1/../../../../arm-none-eabi/lib/armv7e-m\libc.a(lib_a-malloc.o)
 .ARM.attributes
                0x000007ab       0x2e c:/program files (x86)/atmel/studio/7.0/toolchain/arm/arm-gnu-toolchain/bin/../lib/gcc/arm-none-eabi/5.3.1/../../../../arm-none-eabi/lib/armv7e-m\libc.a(lib_a-mallocr.o)
 .ARM.attributes
                0x000007d9       0x2e c:/program files (x86)/atmel/studio/7.0/toolchain/arm/arm-gnu-toolchain/bin/../lib/gcc/arm-none-eabi/5.3.1/../../../../arm-none-eabi/lib/armv7e-m\libc.a(lib_a-mbrtowc.o)
 .ARM.attributes
                0x00000807       0x2e c:/program files (x86)/atmel/studio/7.0/toolchain/arm/arm-gnu-toolchain/bin/../lib/gcc/arm-none-eabi/5.3.1/../../../../arm-none-eabi/lib/armv7e-m\libc.a(lib_a-mbtowc_r.o)
 .ARM.attributes
                0x00000835       0x1c c:/program files (x86)/atmel/studio/7.0/toolchain/arm/arm-gnu-toolchain/bin/../lib/gcc/arm-none-eabi/5.3.1/../../../../arm-none-eabi/lib/armv7e-m\libc.a(lib_a-memchr.o)
 .ARM.attributes
                0x00000851       0x1c c:/program files (x86)/atmel/studio/7.0/toolchain/arm/arm-gnu-toolchain/bin/../lib/gcc/arm-none-eabi/5.3.1/../../../../arm-none-eabi/lib/armv7e-m\libc.a(lib_a-memcpy.o)
 .ARM.attributes
                0x0000086d       0x2e c:/program files (x86)/atmel/studio/7.0/toolchain/arm/arm-gnu-toolchain/bin/../lib/gcc/arm-none-eabi/5.3.1/../../../../arm-none-eabi/lib/armv7e-m\libc.a(lib_a-memmove.o)
 .ARM.attributes
                0x0000089b       0x2e c:/program files (x86)/atmel/studio/7.0/toolchain/arm/arm-gnu-toolchain/bin/../lib/gcc/arm-none-eabi/5.3.1/../../../../arm-none-eabi/lib/armv7e-m\libc.a(lib_a-mlock.o)
 .ARM.attributes
                0x000008c9       0x2e c:/program files (x86)/atmel/studio/7.0/toolchain/arm/arm-gnu-toolchain/bin/../lib/gcc/arm-none-eabi/5.3.1/../../../../arm-none-eabi/lib/armv7e-m\libc.a(lib_a-reallocr.o)
 .ARM.attributes
                0x000008f7       0x2e c:/program files (x86)/atmel/studio/7.0/toolchain/arm/arm-gnu-toolchain/bin/../lib/gcc/arm-none-eabi/5.3.1/../../../../arm-none-eabi/lib/armv7e-m\libc.a(lib_a-refill.o)
 .ARM.attributes
                0x00000925       0x2e c:/program files (x86)/atmel/studio/7.0/toolchain/arm/arm-gnu-toolchain/bin/../lib/gcc/arm-none-eabi/5.3.1/../../../../arm-none-eabi/lib/armv7e-m\libc.a(lib_a-sbrkr.o)
 .ARM.attributes
                0x00000953       0x2e c:/program files (x86)/atmel/studio/7.0/toolchain/arm/arm-gnu-toolchain/bin/../lib/gcc/arm-none-eabi/5.3.1/../../../../arm-none-eabi/lib/armv7e-m\libc.a(lib_a-sccl.o)
 .ARM.attributes
                0x00000981       0x2e c:/program files (x86)/atmel/studio/7.0/toolchain/arm/arm-gnu-toolchain/bin/../lib/gcc/arm-none-eabi/5.3.1/../../../../arm-none-eabi/lib/armv7e-m\libc.a(lib_a-stdio.o)
 .ARM.attributes
                0x000009af       0x2e c:/program files (x86)/atmel/studio/7.0/toolchain/arm/arm-gnu-toolchain/bin/../lib/gcc/arm-none-eabi/5.3.1/../../../../arm-none-eabi/lib/armv7e-m\libc.a(lib_a-strtol.o)
 .ARM.attributes
                0x000009dd       0x2e c:/program files (x86)/atmel/studio/7.0/toolchain/arm/arm-gnu-toolchain/bin/../lib/gcc/arm-none-eabi/5.3.1/../../../../arm-none-eabi/lib/armv7e-m\libc.a(lib_a-strtoll_r.o)
 .ARM.attributes
                0x00000a0b       0x2e c:/program files (x86)/atmel/studio/7.0/toolchain/arm/arm-gnu-toolchain/bin/../lib/gcc/arm-none-eabi/5.3.1/../../../../arm-none-eabi/lib/armv7e-m\libc.a(lib_a-strtoul.o)
 .ARM.attributes
                0x00000a39       0x2e c:/program files (x86)/atmel/studio/7.0/toolchain/arm/arm-gnu-toolchain/bin/../lib/gcc/arm-none-eabi/5.3.1/../../../../arm-none-eabi/lib/armv7e-m\libc.a(lib_a-strtoull_r.o)
 .ARM.attributes
                0x00000a67       0x2e c:/program files (x86)/atmel/studio/7.0/toolchain/arm/arm-gnu-toolchain/bin/../lib/gcc/arm-none-eabi/5.3.1/../../../../arm-none-eabi/lib/armv7e-m\libc.a(lib_a-ungetc.o)
 .ARM.attributes
                0x00000a95       0x2e c:/program files (x86)/atmel/studio/7.0/toolchain/arm/arm-gnu-toolchain/bin/../lib/gcc/arm-none-eabi/5.3.1/../../../../arm-none-eabi/lib/armv7e-m\libc.a(lib_a-wbuf.o)
 .ARM.attributes
                0x00000ac3       0x2e c:/program files (x86)/atmel/studio/7.0/toolchain/arm/arm-gnu-toolchain/bin/../lib/gcc/arm-none-eabi/5.3.1/../../../../arm-none-eabi/lib/armv7e-m\libc.a(lib_a-wcrtomb.o)
 .ARM.attributes
                0x00000af1       0x2e c:/program files (x86)/atmel/studio/7.0/toolchain/arm/arm-gnu-toolchain/bin/../lib/gcc/arm-none-eabi/5.3.1/../../../../arm-none-eabi/lib/armv7e-m\libc.a(lib_a-wctomb_r.o)
 .ARM.attributes
                0x00000b1f       0x2e c:/program files (x86)/atmel/studio/7.0/toolchain/arm/arm-gnu-toolchain/bin/../lib/gcc/arm-none-eabi/5.3.1/../../../../arm-none-eabi/lib/armv7e-m\libc.a(lib_a-writer.o)
 .ARM.attributes
                0x00000b4d       0x2e c:/program files (x86)/atmel/studio/7.0/toolchain/arm/arm-gnu-toolchain/bin/../lib/gcc/arm-none-eabi/5.3.1/../../../../arm-none-eabi/lib/armv7e-m\libc.a(lib_a-__atexit.o)
 .ARM.attributes
                0x00000b7b       0x2e c:/program files (x86)/atmel/studio/7.0/toolchain/arm/arm-gnu-toolchain/bin/../lib/gcc/arm-none-eabi/5.3.1/../../../../arm-none-eabi/lib/armv7e-m\libc.a(lib_a-closer.o)
 .ARM.attributes
                0x00000ba9       0x2e c:/program files (x86)/atmel/studio/7.0/toolchain/arm/arm-gnu-toolchain/bin/../lib/gcc/arm-none-eabi/5.3.1/../../../../arm-none-eabi/lib/armv7e-m\libc.a(lib_a-fclose.o)
 .ARM.attributes
                0x00000bd7       0x2e c:/program files (x86)/atmel/studio/7.0/toolchain/arm/arm-gnu-toolchain/bin/../lib/gcc/arm-none-eabi/5.3.1/../../../../arm-none-eabi/lib/armv7e-m\libc.a(lib_a-fstatr.o)
 .ARM.attributes
                0x00000c05       0x2e c:/program files (x86)/atmel/studio/7.0/toolchain/arm/arm-gnu-toolchain/bin/../lib/gcc/arm-none-eabi/5.3.1/../../../../arm-none-eabi/lib/armv7e-m\libc.a(lib_a-isattyr.o)
 .ARM.attributes
                0x00000c33       0x2e c:/program files (x86)/atmel/studio/7.0/toolchain/arm/arm-gnu-toolchain/bin/../lib/gcc/arm-none-eabi/5.3.1/../../../../arm-none-eabi/lib/armv7e-m\libc.a(lib_a-lseekr.o)
 .ARM.attributes
                0x00000c61       0x2e c:/program files (x86)/atmel/studio/7.0/toolchain/arm/arm-gnu-toolchain/bin/../lib/gcc/arm-none-eabi/5.3.1/../../../../arm-none-eabi/lib/armv7e-m\libc.a(lib_a-readr.o)
 .ARM.attributes
                0x00000c8f       0x2e c:/program files (x86)/atmel/studio/7.0/toolchain/arm/arm-gnu-toolchain/bin/../lib/gcc/arm-none-eabi/5.3.1/../../../../arm-none-eabi/lib/armv7e-m\libc.a(lib_a-reent.o)
 .ARM.attributes
                0x00000cbd       0x1e c:/program files (x86)/atmel/studio/7.0/toolchain/arm/arm-gnu-toolchain/bin/../lib/gcc/arm-none-eabi/5.3.1/armv7e-m\libgcc.a(_aeabi_uldivmod.o)
 .ARM.attributes
                0x00000cdb       0x2e c:/program files (x86)/atmel/studio/7.0/toolchain/arm/arm-gnu-toolchain/bin/../lib/gcc/arm-none-eabi/5.3.1/armv7e-m\libgcc.a(_udivmoddi4.o)
 .ARM.attributes
                0x00000d09       0x1e c:/program files (x86)/atmel/studio/7.0/toolchain/arm/arm-gnu-toolchain/bin/../lib/gcc/arm-none-eabi/5.3.1/armv7e-m\libgcc.a(_dvmd_tls.o)
 .ARM.attributes
                0x00000d27       0x1e c:/program files (x86)/atmel/studio/7.0/toolchain/arm/arm-gnu-toolchain/bin/../lib/gcc/arm-none-eabi/5.3.1/armv7e-m/crtn.o

.comment        0x00000000       0x59
 .comment       0x00000000       0x59 src/ASF/common/services/clock/sam4n/sysclk.o
                                 0x5a (size before relaxing)
 .comment       0x00000059       0x5a src/ASF/common/utils/stdio/read.o
 .comment       0x00000059       0x5a src/ASF/common/utils/stdio/write.o
 .comment       0x00000059       0x5a src/ASF/sam/boards/sam4n_xplained_pro/init.o
 .comment       0x00000059       0x5a src/ASF/sam/drivers/pmc/pmc.o
 .comment       0x00000059       0x5a src/ASF/sam/drivers/spi/spi.o
 .comment       0x00000059       0x5a src/ASF/sam/drivers/uart/uart.o
 .comment       0x00000059       0x5a src/ASF/sam/drivers/usart/usart.o
 .comment       0x00000059       0x5a src/ASF/sam/utils/cmsis/sam4n/source/templates/exceptions.o
 .comment       0x00000059       0x5a src/ASF/sam/utils/cmsis/sam4n/source/templates/gcc/startup_sam4n.o
 .comment       0x00000059       0x5a src/ASF/sam/utils/cmsis/sam4n/source/templates/system_sam4n.o
 .comment       0x00000059       0x5a src/ASF/sam/utils/syscalls/gcc/syscalls.o
 .comment       0x00000059       0x5a src/spi_example.o

.debug_info     0x00000000     0x8634
 .debug_info    0x00000000      0x70e src/ASF/common/services/clock/sam4n/sysclk.o
 .debug_info    0x0000070e      0x1bb src/ASF/common/utils/stdio/read.o
 .debug_info    0x000008c9      0x1c0 src/ASF/common/utils/stdio/write.o
 .debug_info    0x00000a89     0x10cb src/ASF/sam/boards/sam4n_xplained_pro/init.o
 .debug_info    0x00001b54      0xf98 src/ASF/sam/drivers/pmc/pmc.o
 .debug_info    0x00002aec      0x8ba src/ASF/sam/drivers/spi/spi.o
 .debug_info    0x000033a6      0x889 src/ASF/sam/drivers/uart/uart.o
 .debug_info    0x00003c2f     0x14d0 src/ASF/sam/drivers/usart/usart.o
 .debug_info    0x000050ff       0xba src/ASF/sam/utils/cmsis/sam4n/source/templates/exceptions.o
 .debug_info    0x000051b9      0x62f src/ASF/sam/utils/cmsis/sam4n/source/templates/gcc/startup_sam4n.o
 .debug_info    0x000057e8      0x49d src/ASF/sam/utils/cmsis/sam4n/source/templates/system_sam4n.o
 .debug_info    0x00005c85      0x440 src/ASF/sam/utils/syscalls/gcc/syscalls.o
 .debug_info    0x000060c5     0x256f src/spi_example.o

.debug_abbrev   0x00000000     0x1890
 .debug_abbrev  0x00000000      0x23b src/ASF/common/services/clock/sam4n/sysclk.o
 .debug_abbrev  0x0000023b      0x101 src/ASF/common/utils/stdio/read.o
 .debug_abbrev  0x0000033c       0xf5 src/ASF/common/utils/stdio/write.o
 .debug_abbrev  0x00000431      0x1f9 src/ASF/sam/boards/sam4n_xplained_pro/init.o
 .debug_abbrev  0x0000062a      0x277 src/ASF/sam/drivers/pmc/pmc.o
 .debug_abbrev  0x000008a1      0x29d src/ASF/sam/drivers/spi/spi.o
 .debug_abbrev  0x00000b3e      0x1bd src/ASF/sam/drivers/uart/uart.o
 .debug_abbrev  0x00000cfb      0x318 src/ASF/sam/drivers/usart/usart.o
 .debug_abbrev  0x00001013       0x6f src/ASF/sam/utils/cmsis/sam4n/source/templates/exceptions.o
 .debug_abbrev  0x00001082      0x12a src/ASF/sam/utils/cmsis/sam4n/source/templates/gcc/startup_sam4n.o
 .debug_abbrev  0x000011ac      0x115 src/ASF/sam/utils/cmsis/sam4n/source/templates/system_sam4n.o
 .debug_abbrev  0x000012c1      0x151 src/ASF/sam/utils/syscalls/gcc/syscalls.o
 .debug_abbrev  0x00001412      0x47e src/spi_example.o

.debug_loc      0x00000000     0x328e
 .debug_loc     0x00000000      0x12a src/ASF/common/services/clock/sam4n/sysclk.o
 .debug_loc     0x0000012a       0xd2 src/ASF/common/utils/stdio/read.o
 .debug_loc     0x000001fc      0x15d src/ASF/common/utils/stdio/write.o
 .debug_loc     0x00000359      0x334 src/ASF/sam/boards/sam4n_xplained_pro/init.o
 .debug_loc     0x0000068d      0xb5e src/ASF/sam/drivers/pmc/pmc.o
 .debug_loc     0x000011eb      0x61a src/ASF/sam/drivers/spi/spi.o
 .debug_loc     0x00001805      0x27e src/ASF/sam/drivers/uart/uart.o
 .debug_loc     0x00001a83      0xdc6 src/ASF/sam/drivers/usart/usart.o
 .debug_loc     0x00002849       0x5e src/ASF/sam/utils/cmsis/sam4n/source/templates/gcc/startup_sam4n.o
 .debug_loc     0x000028a7      0x12b src/ASF/sam/utils/syscalls/gcc/syscalls.o
 .debug_loc     0x000029d2      0x8bc src/spi_example.o

.debug_aranges  0x00000000      0x6b8
 .debug_aranges
                0x00000000       0x30 src/ASF/common/services/clock/sam4n/sysclk.o
 .debug_aranges
                0x00000030       0x20 src/ASF/common/utils/stdio/read.o
 .debug_aranges
                0x00000050       0x20 src/ASF/common/utils/stdio/write.o
 .debug_aranges
                0x00000070       0x20 src/ASF/sam/boards/sam4n_xplained_pro/init.o
 .debug_aranges
                0x00000090      0x1d0 src/ASF/sam/drivers/pmc/pmc.o
 .debug_aranges
                0x00000260       0x90 src/ASF/sam/drivers/spi/spi.o
 .debug_aranges
                0x000002f0       0xe8 src/ASF/sam/drivers/uart/uart.o
 .debug_aranges
                0x000003d8      0x1b8 src/ASF/sam/drivers/usart/usart.o
 .debug_aranges
                0x00000590       0x20 src/ASF/sam/utils/cmsis/sam4n/source/templates/exceptions.o
 .debug_aranges
                0x000005b0       0x20 src/ASF/sam/utils/cmsis/sam4n/source/templates/gcc/startup_sam4n.o
 .debug_aranges
                0x000005d0       0x30 src/ASF/sam/utils/cmsis/sam4n/source/templates/system_sam4n.o
 .debug_aranges
                0x00000600       0x60 src/ASF/sam/utils/syscalls/gcc/syscalls.o
 .debug_aranges
                0x00000660       0x58 src/spi_example.o

.debug_ranges   0x00000000      0x608
 .debug_ranges  0x00000000       0x20 src/ASF/common/services/clock/sam4n/sysclk.o
 .debug_ranges  0x00000020       0x10 src/ASF/common/utils/stdio/read.o
 .debug_ranges  0x00000030       0x10 src/ASF/common/utils/stdio/write.o
 .debug_ranges  0x00000040       0x10 src/ASF/sam/boards/sam4n_xplained_pro/init.o
 .debug_ranges  0x00000050      0x1c0 src/ASF/sam/drivers/pmc/pmc.o
 .debug_ranges  0x00000210       0x80 src/ASF/sam/drivers/spi/spi.o
 .debug_ranges  0x00000290       0xd8 src/ASF/sam/drivers/uart/uart.o
 .debug_ranges  0x00000368      0x1a8 src/ASF/sam/drivers/usart/usart.o
 .debug_ranges  0x00000510       0x10 src/ASF/sam/utils/cmsis/sam4n/source/templates/exceptions.o
 .debug_ranges  0x00000520       0x10 src/ASF/sam/utils/cmsis/sam4n/source/templates/gcc/startup_sam4n.o
 .debug_ranges  0x00000530       0x20 src/ASF/sam/utils/cmsis/sam4n/source/templates/system_sam4n.o
 .debug_ranges  0x00000550       0x50 src/ASF/sam/utils/syscalls/gcc/syscalls.o
 .debug_ranges  0x000005a0       0x68 src/spi_example.o

.debug_macro    0x00000000     0xfc2a
 .debug_macro   0x00000000      0x50a src/ASF/common/services/clock/sam4n/sysclk.o
 .debug_macro   0x0000050a      0x89e src/ASF/common/services/clock/sam4n/sysclk.o
 .debug_macro   0x00000da8      0x644 src/ASF/common/services/clock/sam4n/sysclk.o
 .debug_macro   0x000013ec       0x28 src/ASF/common/services/clock/sam4n/sysclk.o
 .debug_macro   0x00001414      0x16d src/ASF/common/services/clock/sam4n/sysclk.o
 .debug_macro   0x00001581       0x76 src/ASF/common/services/clock/sam4n/sysclk.o
 .debug_macro   0x000015f7       0x16 src/ASF/common/services/clock/sam4n/sysclk.o
 .debug_macro   0x0000160d      0x6e4 src/ASF/common/services/clock/sam4n/sysclk.o
 .debug_macro   0x00001cf1       0x22 src/ASF/common/services/clock/sam4n/sysclk.o
 .debug_macro   0x00001d13       0x87 src/ASF/common/services/clock/sam4n/sysclk.o
 .debug_macro   0x00001d9a       0x44 src/ASF/common/services/clock/sam4n/sysclk.o
 .debug_macro   0x00001dde       0xfd src/ASF/common/services/clock/sam4n/sysclk.o
 .debug_macro   0x00001edb       0x22 src/ASF/common/services/clock/sam4n/sysclk.o
 .debug_macro   0x00001efd      0x1df src/ASF/common/services/clock/sam4n/sysclk.o
 .debug_macro   0x000020dc       0x27 src/ASF/common/services/clock/sam4n/sysclk.o
 .debug_macro   0x00002103       0x3b src/ASF/common/services/clock/sam4n/sysclk.o
 .debug_macro   0x0000213e       0x2d src/ASF/common/services/clock/sam4n/sysclk.o
 .debug_macro   0x0000216b       0x26 src/ASF/common/services/clock/sam4n/sysclk.o
 .debug_macro   0x00002191      0xbbf src/ASF/common/services/clock/sam4n/sysclk.o
 .debug_macro   0x00002d50      0x949 src/ASF/common/services/clock/sam4n/sysclk.o
 .debug_macro   0x00003699      0x2b5 src/ASF/common/services/clock/sam4n/sysclk.o
 .debug_macro   0x0000394e      0x169 src/ASF/common/services/clock/sam4n/sysclk.o
 .debug_macro   0x00003ab7      0x106 src/ASF/common/services/clock/sam4n/sysclk.o
 .debug_macro   0x00003bbd       0x1c src/ASF/common/services/clock/sam4n/sysclk.o
 .debug_macro   0x00003bd9      0x1e8 src/ASF/common/services/clock/sam4n/sysclk.o
 .debug_macro   0x00003dc1       0xbe src/ASF/common/services/clock/sam4n/sysclk.o
 .debug_macro   0x00003e7f     0x26c7 src/ASF/common/services/clock/sam4n/sysclk.o
 .debug_macro   0x00006546      0x724 src/ASF/common/services/clock/sam4n/sysclk.o
 .debug_macro   0x00006c6a      0x25f src/ASF/common/services/clock/sam4n/sysclk.o
 .debug_macro   0x00006ec9       0x7c src/ASF/common/services/clock/sam4n/sysclk.o
 .debug_macro   0x00006f45      0x2df src/ASF/common/services/clock/sam4n/sysclk.o
 .debug_macro   0x00007224       0x64 src/ASF/common/services/clock/sam4n/sysclk.o
 .debug_macro   0x00007288      0x386 src/ASF/common/services/clock/sam4n/sysclk.o
 .debug_macro   0x0000760e      0x690 src/ASF/common/services/clock/sam4n/sysclk.o
 .debug_macro   0x00007c9e      0x65e src/ASF/common/services/clock/sam4n/sysclk.o
 .debug_macro   0x000082fc      0x34d src/ASF/common/services/clock/sam4n/sysclk.o
 .debug_macro   0x00008649      0x28c src/ASF/common/services/clock/sam4n/sysclk.o
 .debug_macro   0x000088d5      0x56b src/ASF/common/services/clock/sam4n/sysclk.o
 .debug_macro   0x00008e40       0x76 src/ASF/common/services/clock/sam4n/sysclk.o
 .debug_macro   0x00008eb6       0x88 src/ASF/common/services/clock/sam4n/sysclk.o
 .debug_macro   0x00008f3e      0x135 src/ASF/common/services/clock/sam4n/sysclk.o
 .debug_macro   0x00009073      0x105 src/ASF/common/services/clock/sam4n/sysclk.o
 .debug_macro   0x00009178       0x88 src/ASF/common/services/clock/sam4n/sysclk.o
 .debug_macro   0x00009200       0x88 src/ASF/common/services/clock/sam4n/sysclk.o
 .debug_macro   0x00009288       0xb2 src/ASF/common/services/clock/sam4n/sysclk.o
 .debug_macro   0x0000933a       0xa6 src/ASF/common/services/clock/sam4n/sysclk.o
 .debug_macro   0x000093e0       0xa6 src/ASF/common/services/clock/sam4n/sysclk.o
 .debug_macro   0x00009486       0xa6 src/ASF/common/services/clock/sam4n/sysclk.o
 .debug_macro   0x0000952c       0xa6 src/ASF/common/services/clock/sam4n/sysclk.o
 .debug_macro   0x000095d2       0x64 src/ASF/common/services/clock/sam4n/sysclk.o
 .debug_macro   0x00009636       0x88 src/ASF/common/services/clock/sam4n/sysclk.o
 .debug_macro   0x000096be       0x7c src/ASF/common/services/clock/sam4n/sysclk.o
 .debug_macro   0x0000973a       0x40 src/ASF/common/services/clock/sam4n/sysclk.o
 .debug_macro   0x0000977a       0x34 src/ASF/common/services/clock/sam4n/sysclk.o
 .debug_macro   0x000097ae       0x88 src/ASF/common/services/clock/sam4n/sysclk.o
 .debug_macro   0x00009836       0x7c src/ASF/common/services/clock/sam4n/sysclk.o
 .debug_macro   0x000098b2       0x16 src/ASF/common/services/clock/sam4n/sysclk.o
 .debug_macro   0x000098c8       0x7c src/ASF/common/services/clock/sam4n/sysclk.o
 .debug_macro   0x00009944       0x22 src/ASF/common/services/clock/sam4n/sysclk.o
 .debug_macro   0x00009966      0x135 src/ASF/common/services/clock/sam4n/sysclk.o
 .debug_macro   0x00009a9b      0x135 src/ASF/common/services/clock/sam4n/sysclk.o
 .debug_macro   0x00009bd0      0x135 src/ASF/common/services/clock/sam4n/sysclk.o
 .debug_macro   0x00009d05       0x1c src/ASF/common/services/clock/sam4n/sysclk.o
 .debug_macro   0x00009d21       0x2e src/ASF/common/services/clock/sam4n/sysclk.o
 .debug_macro   0x00009d4f       0x22 src/ASF/common/services/clock/sam4n/sysclk.o
 .debug_macro   0x00009d71       0x1c src/ASF/common/services/clock/sam4n/sysclk.o
 .debug_macro   0x00009d8d       0x52 src/ASF/common/services/clock/sam4n/sysclk.o
 .debug_macro   0x00009ddf       0x10 src/ASF/common/services/clock/sam4n/sysclk.o
 .debug_macro   0x00009def      0x203 src/ASF/common/services/clock/sam4n/sysclk.o
 .debug_macro   0x00009ff2      0x747 src/ASF/common/services/clock/sam4n/sysclk.o
 .debug_macro   0x0000a739       0xcf src/ASF/common/services/clock/sam4n/sysclk.o
 .debug_macro   0x0000a808       0x52 src/ASF/common/services/clock/sam4n/sysclk.o
 .debug_macro   0x0000a85a       0x35 src/ASF/common/services/clock/sam4n/sysclk.o
 .debug_macro   0x0000a88f       0x9c src/ASF/common/services/clock/sam4n/sysclk.o
 .debug_macro   0x0000a92b       0x16 src/ASF/common/services/clock/sam4n/sysclk.o
 .debug_macro   0x0000a941       0x35 src/ASF/common/services/clock/sam4n/sysclk.o
 .debug_macro   0x0000a976      0x330 src/ASF/common/services/clock/sam4n/sysclk.o
 .debug_macro   0x0000aca6       0x10 src/ASF/common/services/clock/sam4n/sysclk.o
 .debug_macro   0x0000acb6       0x52 src/ASF/common/services/clock/sam4n/sysclk.o
 .debug_macro   0x0000ad08       0x16 src/ASF/common/services/clock/sam4n/sysclk.o
 .debug_macro   0x0000ad1e       0x43 src/ASF/common/services/clock/sam4n/sysclk.o
 .debug_macro   0x0000ad61      0x187 src/ASF/common/services/clock/sam4n/sysclk.o
 .debug_macro   0x0000aee8       0x22 src/ASF/common/services/clock/sam4n/sysclk.o
 .debug_macro   0x0000af0a       0x3a src/ASF/common/services/clock/sam4n/sysclk.o
 .debug_macro   0x0000af44       0x10 src/ASF/common/services/clock/sam4n/sysclk.o
 .debug_macro   0x0000af54       0x40 src/ASF/common/services/clock/sam4n/sysclk.o
 .debug_macro   0x0000af94       0x6c src/ASF/common/services/clock/sam4n/sysclk.o
 .debug_macro   0x0000b000       0x16 src/ASF/common/services/clock/sam4n/sysclk.o
 .debug_macro   0x0000b016      0x182 src/ASF/common/services/clock/sam4n/sysclk.o
 .debug_macro   0x0000b198       0x22 src/ASF/common/services/clock/sam4n/sysclk.o
 .debug_macro   0x0000b1ba       0x16 src/ASF/common/services/clock/sam4n/sysclk.o
 .debug_macro   0x0000b1d0       0x16 src/ASF/common/services/clock/sam4n/sysclk.o
 .debug_macro   0x0000b1e6       0x29 src/ASF/common/services/clock/sam4n/sysclk.o
 .debug_macro   0x0000b20f       0x75 src/ASF/common/services/clock/sam4n/sysclk.o
 .debug_macro   0x0000b284       0x3f src/ASF/common/services/clock/sam4n/sysclk.o
 .debug_macro   0x0000b2c3      0x3ca src/ASF/common/services/clock/sam4n/sysclk.o
 .debug_macro   0x0000b68d      0x2a4 src/ASF/common/services/clock/sam4n/sysclk.o
 .debug_macro   0x0000b931       0x2e src/ASF/common/services/clock/sam4n/sysclk.o
 .debug_macro   0x0000b95f      0x7b8 src/ASF/common/services/clock/sam4n/sysclk.o
 .debug_macro   0x0000c117       0x70 src/ASF/common/services/clock/sam4n/sysclk.o
 .debug_macro   0x0000c187       0x64 src/ASF/common/services/clock/sam4n/sysclk.o
 .debug_macro   0x0000c1eb       0x40 src/ASF/common/services/clock/sam4n/sysclk.o
 .debug_macro   0x0000c22b       0x7b src/ASF/common/services/clock/sam4n/sysclk.o
 .debug_macro   0x0000c2a6      0x48b src/ASF/common/utils/stdio/read.o
 .debug_macro   0x0000c731      0x48b src/ASF/common/utils/stdio/write.o
 .debug_macro   0x0000cbbc      0x530 src/ASF/sam/boards/sam4n_xplained_pro/init.o
 .debug_macro   0x0000d0ec       0x82 src/ASF/sam/boards/sam4n_xplained_pro/init.o
 .debug_macro   0x0000d16e      0x4a0 src/ASF/sam/drivers/pmc/pmc.o
 .debug_macro   0x0000d60e       0x6a src/ASF/sam/drivers/pmc/pmc.o
 .debug_macro   0x0000d678      0x519 src/ASF/sam/drivers/spi/spi.o
 .debug_macro   0x0000db91       0x10 src/ASF/sam/drivers/spi/spi.o
 .debug_macro   0x0000dba1      0x49a src/ASF/sam/drivers/uart/uart.o
 .debug_macro   0x0000e03b       0x16 src/ASF/sam/drivers/uart/uart.o
 .debug_macro   0x0000e051      0x4d6 src/ASF/sam/drivers/usart/usart.o
 .debug_macro   0x0000e527       0x28 src/ASF/sam/drivers/usart/usart.o
 .debug_macro   0x0000e54f      0x2bd src/ASF/sam/utils/cmsis/sam4n/source/templates/exceptions.o
 .debug_macro   0x0000e80c      0x2b3 src/ASF/sam/utils/cmsis/sam4n/source/templates/gcc/startup_sam4n.o
 .debug_macro   0x0000eabf      0x4a3 src/ASF/sam/utils/cmsis/sam4n/source/templates/system_sam4n.o
 .debug_macro   0x0000ef62      0x19c src/ASF/sam/utils/syscalls/gcc/syscalls.o
 .debug_macro   0x0000f0fe       0x4c src/ASF/sam/utils/syscalls/gcc/syscalls.o
 .debug_macro   0x0000f14a       0x8d src/ASF/sam/utils/syscalls/gcc/syscalls.o
 .debug_macro   0x0000f1d7       0x4a src/ASF/sam/utils/syscalls/gcc/syscalls.o
 .debug_macro   0x0000f221       0x97 src/ASF/sam/utils/syscalls/gcc/syscalls.o
 .debug_macro   0x0000f2b8       0xf6 src/ASF/sam/utils/syscalls/gcc/syscalls.o
 .debug_macro   0x0000f3ae       0x52 src/ASF/sam/utils/syscalls/gcc/syscalls.o
 .debug_macro   0x0000f400       0x16 src/ASF/sam/utils/syscalls/gcc/syscalls.o
 .debug_macro   0x0000f416       0x10 src/ASF/sam/utils/syscalls/gcc/syscalls.o
 .debug_macro   0x0000f426       0x41 src/ASF/sam/utils/syscalls/gcc/syscalls.o
 .debug_macro   0x0000f467      0x122 src/ASF/sam/utils/syscalls/gcc/syscalls.o
 .debug_macro   0x0000f589      0x659 src/spi_example.o
 .debug_macro   0x0000fbe2       0x1c src/spi_example.o
 .debug_macro   0x0000fbfe       0x16 src/spi_example.o
 .debug_macro   0x0000fc14       0x16 src/spi_example.o

.debug_line     0x00000000     0x8cd6
 .debug_line    0x00000000      0xb33 src/ASF/common/services/clock/sam4n/sysclk.o
 .debug_line    0x00000b33      0x9ee src/ASF/common/utils/stdio/read.o
 .debug_line    0x00001521      0x9e0 src/ASF/common/utils/stdio/write.o
 .debug_line    0x00001f01      0xbd6 src/ASF/sam/boards/sam4n_xplained_pro/init.o
 .debug_line    0x00002ad7      0xecb src/ASF/sam/drivers/pmc/pmc.o
 .debug_line    0x000039a2      0xc4b src/ASF/sam/drivers/spi/spi.o
 .debug_line    0x000045ed      0xb9d src/ASF/sam/drivers/uart/uart.o
 .debug_line    0x0000518a      0xe87 src/ASF/sam/drivers/usart/usart.o
 .debug_line    0x00006011      0x78b src/ASF/sam/utils/cmsis/sam4n/source/templates/exceptions.o
 .debug_line    0x0000679c      0x7c3 src/ASF/sam/utils/cmsis/sam4n/source/templates/gcc/startup_sam4n.o
 .debug_line    0x00006f5f      0xa2e src/ASF/sam/utils/cmsis/sam4n/source/templates/system_sam4n.o
 .debug_line    0x0000798d      0x3d0 src/ASF/sam/utils/syscalls/gcc/syscalls.o
 .debug_line    0x00007d5d      0xf79 src/spi_example.o

.debug_str      0x00000000    0x4227b
 .debug_str     0x00000000    0x3e7d8 src/ASF/common/services/clock/sam4n/sysclk.o
                              0x3eb79 (size before relaxing)
 .debug_str     0x0003e7d8       0x3f src/ASF/common/utils/stdio/read.o
                              0x3acef (size before relaxing)
 .debug_str     0x0003e817       0x2e src/ASF/common/utils/stdio/write.o
                              0x3acf1 (size before relaxing)
 .debug_str     0x0003e845      0x788 src/ASF/sam/boards/sam4n_xplained_pro/init.o
                              0x3f10a (size before relaxing)
 .debug_str     0x0003efcd      0x6ae src/ASF/sam/drivers/pmc/pmc.o
                              0x3b738 (size before relaxing)
 .debug_str     0x0003f67b      0x478 src/ASF/sam/drivers/spi/spi.o
                              0x3ed8d (size before relaxing)
 .debug_str     0x0003faf3      0x3bb src/ASF/sam/drivers/uart/uart.o
                              0x3b0b5 (size before relaxing)
 .debug_str     0x0003feae      0x821 src/ASF/sam/drivers/usart/usart.o
                              0x3b5ce (size before relaxing)
 .debug_str     0x000406cf       0x64 src/ASF/sam/utils/cmsis/sam4n/source/templates/exceptions.o
                              0x2b7e5 (size before relaxing)
 .debug_str     0x00040733      0x3cd src/ASF/sam/utils/cmsis/sam4n/source/templates/gcc/startup_sam4n.o
                              0x2bbee (size before relaxing)
 .debug_str     0x00040b00      0x1b2 src/ASF/sam/utils/cmsis/sam4n/source/templates/system_sam4n.o
                              0x3afa6 (size before relaxing)
 .debug_str     0x00040cb2      0x748 src/ASF/sam/utils/syscalls/gcc/syscalls.o
                               0x69c7 (size before relaxing)
 .debug_str     0x000413fa      0xe81 src/spi_example.o
                              0x3ffcb (size before relaxing)

.debug_frame    0x00000000     0x1f3c
 .debug_frame   0x00000000       0x58 src/ASF/common/services/clock/sam4n/sysclk.o
 .debug_frame   0x00000058       0x48 src/ASF/common/utils/stdio/read.o
 .debug_frame   0x000000a0       0x48 src/ASF/common/utils/stdio/write.o
 .debug_frame   0x000000e8       0x28 src/ASF/sam/boards/sam4n_xplained_pro/init.o
 .debug_frame   0x00000110      0x3dc src/ASF/sam/drivers/pmc/pmc.o
 .debug_frame   0x000004ec      0x148 src/ASF/sam/drivers/spi/spi.o
 .debug_frame   0x00000634      0x1bc src/ASF/sam/drivers/uart/uart.o
 .debug_frame   0x000007f0      0x3d4 src/ASF/sam/drivers/usart/usart.o
 .debug_frame   0x00000bc4       0x20 src/ASF/sam/utils/cmsis/sam4n/source/templates/exceptions.o
 .debug_frame   0x00000be4       0x28 src/ASF/sam/utils/cmsis/sam4n/source/templates/gcc/startup_sam4n.o
 .debug_frame   0x00000c0c       0x40 src/ASF/sam/utils/cmsis/sam4n/source/templates/system_sam4n.o
 .debug_frame   0x00000c4c       0xa8 src/ASF/sam/utils/syscalls/gcc/syscalls.o
 .debug_frame   0x00000cf4      0x124 src/spi_example.o
 .debug_frame   0x00000e18       0x2c c:/program files (x86)/atmel/studio/7.0/toolchain/arm/arm-gnu-toolchain/bin/../lib/gcc/arm-none-eabi/5.3.1/../../../../arm-none-eabi/lib/armv7e-m\libc.a(lib_a-init.o)
 .debug_frame   0x00000e44       0x74 c:/program files (x86)/atmel/studio/7.0/toolchain/arm/arm-gnu-toolchain/bin/../lib/gcc/arm-none-eabi/5.3.1/../../../../arm-none-eabi/lib/armv7e-m\libc.a(lib_a-iprintf.o)
 .debug_frame   0x00000eb8       0x74 c:/program files (x86)/atmel/studio/7.0/toolchain/arm/arm-gnu-toolchain/bin/../lib/gcc/arm-none-eabi/5.3.1/../../../../arm-none-eabi/lib/armv7e-m\libc.a(lib_a-iscanf.o)
 .debug_frame   0x00000f2c       0x34 c:/program files (x86)/atmel/studio/7.0/toolchain/arm/arm-gnu-toolchain/bin/../lib/gcc/arm-none-eabi/5.3.1/../../../../arm-none-eabi/lib/armv7e-m\libc.a(lib_a-memset.o)
 .debug_frame   0x00000f60       0x48 c:/program files (x86)/atmel/studio/7.0/toolchain/arm/arm-gnu-toolchain/bin/../lib/gcc/arm-none-eabi/5.3.1/../../../../arm-none-eabi/lib/armv7e-m\libc.a(lib_a-puts.o)
 .debug_frame   0x00000fa8       0x20 c:/program files (x86)/atmel/studio/7.0/toolchain/arm/arm-gnu-toolchain/bin/../lib/gcc/arm-none-eabi/5.3.1/../../../../arm-none-eabi/lib/armv7e-m\libc.a(lib_a-setbuf.o)
 .debug_frame   0x00000fc8       0x50 c:/program files (x86)/atmel/studio/7.0/toolchain/arm/arm-gnu-toolchain/bin/../lib/gcc/arm-none-eabi/5.3.1/../../../../arm-none-eabi/lib/armv7e-m\libc.a(lib_a-setvbuf.o)
 .debug_frame   0x00001018       0xc8 c:/program files (x86)/atmel/studio/7.0/toolchain/arm/arm-gnu-toolchain/bin/../lib/gcc/arm-none-eabi/5.3.1/../../../../arm-none-eabi/lib/armv7e-m\libc.a(lib_a-vfiprintf.o)
 .debug_frame   0x000010e0       0xbc c:/program files (x86)/atmel/studio/7.0/toolchain/arm/arm-gnu-toolchain/bin/../lib/gcc/arm-none-eabi/5.3.1/../../../../arm-none-eabi/lib/armv7e-m\libc.a(lib_a-vfiscanf.o)
 .debug_frame   0x0000119c       0x2c c:/program files (x86)/atmel/studio/7.0/toolchain/arm/arm-gnu-toolchain/bin/../lib/gcc/arm-none-eabi/5.3.1/../../../../arm-none-eabi/lib/armv7e-m\libc.a(lib_a-wsetup.o)
 .debug_frame   0x000011c8       0x50 c:/program files (x86)/atmel/studio/7.0/toolchain/arm/arm-gnu-toolchain/bin/../lib/gcc/arm-none-eabi/5.3.1/../../../../arm-none-eabi/lib/armv7e-m\libc.a(lib_a-__call_atexit.o)
 .debug_frame   0x00001218       0x20 c:/program files (x86)/atmel/studio/7.0/toolchain/arm/arm-gnu-toolchain/bin/../lib/gcc/arm-none-eabi/5.3.1/../../../../arm-none-eabi/lib/armv7e-m\libc.a(lib_a-atexit.o)
 .debug_frame   0x00001238       0x6c c:/program files (x86)/atmel/studio/7.0/toolchain/arm/arm-gnu-toolchain/bin/../lib/gcc/arm-none-eabi/5.3.1/../../../../arm-none-eabi/lib/armv7e-m\libc.a(lib_a-fflush.o)
 .debug_frame   0x000012a4      0x124 c:/program files (x86)/atmel/studio/7.0/toolchain/arm/arm-gnu-toolchain/bin/../lib/gcc/arm-none-eabi/5.3.1/../../../../arm-none-eabi/lib/armv7e-m\libc.a(lib_a-findfp.o)
 .debug_frame   0x000013c8       0x34 c:/program files (x86)/atmel/studio/7.0/toolchain/arm/arm-gnu-toolchain/bin/../lib/gcc/arm-none-eabi/5.3.1/../../../../arm-none-eabi/lib/armv7e-m\libc.a(lib_a-fini.o)
 .debug_frame   0x000013fc       0x8c c:/program files (x86)/atmel/studio/7.0/toolchain/arm/arm-gnu-toolchain/bin/../lib/gcc/arm-none-eabi/5.3.1/../../../../arm-none-eabi/lib/armv7e-m\libc.a(lib_a-fputwc.o)
 .debug_frame   0x00001488       0x6c c:/program files (x86)/atmel/studio/7.0/toolchain/arm/arm-gnu-toolchain/bin/../lib/gcc/arm-none-eabi/5.3.1/../../../../arm-none-eabi/lib/armv7e-m\libc.a(lib_a-fread.o)
 .debug_frame   0x000014f4       0x74 c:/program files (x86)/atmel/studio/7.0/toolchain/arm/arm-gnu-toolchain/bin/../lib/gcc/arm-none-eabi/5.3.1/../../../../arm-none-eabi/lib/armv7e-m\libc.a(lib_a-freer.o)
 .debug_frame   0x00001568       0x68 c:/program files (x86)/atmel/studio/7.0/toolchain/arm/arm-gnu-toolchain/bin/../lib/gcc/arm-none-eabi/5.3.1/../../../../arm-none-eabi/lib/armv7e-m\libc.a(lib_a-fvwrite.o)
 .debug_frame   0x000015d0       0x54 c:/program files (x86)/atmel/studio/7.0/toolchain/arm/arm-gnu-toolchain/bin/../lib/gcc/arm-none-eabi/5.3.1/../../../../arm-none-eabi/lib/armv7e-m\libc.a(lib_a-fwalk.o)
 .debug_frame   0x00001624       0x20 c:/program files (x86)/atmel/studio/7.0/toolchain/arm/arm-gnu-toolchain/bin/../lib/gcc/arm-none-eabi/5.3.1/../../../../arm-none-eabi/lib/armv7e-m\libc.a(lib_a-iswspace.o)
 .debug_frame   0x00001644       0x9c c:/program files (x86)/atmel/studio/7.0/toolchain/arm/arm-gnu-toolchain/bin/../lib/gcc/arm-none-eabi/5.3.1/../../../../arm-none-eabi/lib/armv7e-m\libc.a(lib_a-locale.o)
 .debug_frame   0x000016e0       0x68 c:/program files (x86)/atmel/studio/7.0/toolchain/arm/arm-gnu-toolchain/bin/../lib/gcc/arm-none-eabi/5.3.1/../../../../arm-none-eabi/lib/armv7e-m\libc.a(lib_a-makebuf.o)
 .debug_frame   0x00001748       0x30 c:/program files (x86)/atmel/studio/7.0/toolchain/arm/arm-gnu-toolchain/bin/../lib/gcc/arm-none-eabi/5.3.1/../../../../arm-none-eabi/lib/armv7e-m\libc.a(lib_a-malloc.o)
 .debug_frame   0x00001778       0x58 c:/program files (x86)/atmel/studio/7.0/toolchain/arm/arm-gnu-toolchain/bin/../lib/gcc/arm-none-eabi/5.3.1/../../../../arm-none-eabi/lib/armv7e-m\libc.a(lib_a-mallocr.o)
 .debug_frame   0x000017d0       0x68 c:/program files (x86)/atmel/studio/7.0/toolchain/arm/arm-gnu-toolchain/bin/../lib/gcc/arm-none-eabi/5.3.1/../../../../arm-none-eabi/lib/armv7e-m\libc.a(lib_a-mbrtowc.o)
 .debug_frame   0x00001838       0x58 c:/program files (x86)/atmel/studio/7.0/toolchain/arm/arm-gnu-toolchain/bin/../lib/gcc/arm-none-eabi/5.3.1/../../../../arm-none-eabi/lib/armv7e-m\libc.a(lib_a-mbtowc_r.o)
 .debug_frame   0x00001890       0x30 c:/program files (x86)/atmel/studio/7.0/toolchain/arm/arm-gnu-toolchain/bin/../lib/gcc/arm-none-eabi/5.3.1/../../../../arm-none-eabi/lib/armv7e-m\libc.a(lib_a-memmove.o)
 .debug_frame   0x000018c0       0x30 c:/program files (x86)/atmel/studio/7.0/toolchain/arm/arm-gnu-toolchain/bin/../lib/gcc/arm-none-eabi/5.3.1/../../../../arm-none-eabi/lib/armv7e-m\libc.a(lib_a-mlock.o)
 .debug_frame   0x000018f0       0x60 c:/program files (x86)/atmel/studio/7.0/toolchain/arm/arm-gnu-toolchain/bin/../lib/gcc/arm-none-eabi/5.3.1/../../../../arm-none-eabi/lib/armv7e-m\libc.a(lib_a-reallocr.o)
 .debug_frame   0x00001950       0x40 c:/program files (x86)/atmel/studio/7.0/toolchain/arm/arm-gnu-toolchain/bin/../lib/gcc/arm-none-eabi/5.3.1/../../../../arm-none-eabi/lib/armv7e-m\libc.a(lib_a-refill.o)
 .debug_frame   0x00001990       0x2c c:/program files (x86)/atmel/studio/7.0/toolchain/arm/arm-gnu-toolchain/bin/../lib/gcc/arm-none-eabi/5.3.1/../../../../arm-none-eabi/lib/armv7e-m\libc.a(lib_a-sbrkr.o)
 .debug_frame   0x000019bc       0x44 c:/program files (x86)/atmel/studio/7.0/toolchain/arm/arm-gnu-toolchain/bin/../lib/gcc/arm-none-eabi/5.3.1/../../../../arm-none-eabi/lib/armv7e-m\libc.a(lib_a-sccl.o)
 .debug_frame   0x00001a00       0x88 c:/program files (x86)/atmel/studio/7.0/toolchain/arm/arm-gnu-toolchain/bin/../lib/gcc/arm-none-eabi/5.3.1/../../../../arm-none-eabi/lib/armv7e-m\libc.a(lib_a-stdio.o)
 .debug_frame   0x00001a88       0x54 c:/program files (x86)/atmel/studio/7.0/toolchain/arm/arm-gnu-toolchain/bin/../lib/gcc/arm-none-eabi/5.3.1/../../../../arm-none-eabi/lib/armv7e-m\libc.a(lib_a-strtol.o)
 .debug_frame   0x00001adc       0x40 c:/program files (x86)/atmel/studio/7.0/toolchain/arm/arm-gnu-toolchain/bin/../lib/gcc/arm-none-eabi/5.3.1/../../../../arm-none-eabi/lib/armv7e-m\libc.a(lib_a-strtoll_r.o)
 .debug_frame   0x00001b1c       0x54 c:/program files (x86)/atmel/studio/7.0/toolchain/arm/arm-gnu-toolchain/bin/../lib/gcc/arm-none-eabi/5.3.1/../../../../arm-none-eabi/lib/armv7e-m\libc.a(lib_a-strtoul.o)
 .debug_frame   0x00001b70       0x40 c:/program files (x86)/atmel/studio/7.0/toolchain/arm/arm-gnu-toolchain/bin/../lib/gcc/arm-none-eabi/5.3.1/../../../../arm-none-eabi/lib/armv7e-m\libc.a(lib_a-strtoull_r.o)
 .debug_frame   0x00001bb0       0x6c c:/program files (x86)/atmel/studio/7.0/toolchain/arm/arm-gnu-toolchain/bin/../lib/gcc/arm-none-eabi/5.3.1/../../../../arm-none-eabi/lib/armv7e-m\libc.a(lib_a-ungetc.o)
 .debug_frame   0x00001c1c       0x40 c:/program files (x86)/atmel/studio/7.0/toolchain/arm/arm-gnu-toolchain/bin/../lib/gcc/arm-none-eabi/5.3.1/../../../../arm-none-eabi/lib/armv7e-m\libc.a(lib_a-wbuf.o)
 .debug_frame   0x00001c5c       0x60 c:/program files (x86)/atmel/studio/7.0/toolchain/arm/arm-gnu-toolchain/bin/../lib/gcc/arm-none-eabi/5.3.1/../../../../arm-none-eabi/lib/armv7e-m\libc.a(lib_a-wcrtomb.o)
 .debug_frame   0x00001cbc       0x48 c:/program files (x86)/atmel/studio/7.0/toolchain/arm/arm-gnu-toolchain/bin/../lib/gcc/arm-none-eabi/5.3.1/../../../../arm-none-eabi/lib/armv7e-m\libc.a(lib_a-wctomb_r.o)
 .debug_frame   0x00001d04       0x2c c:/program files (x86)/atmel/studio/7.0/toolchain/arm/arm-gnu-toolchain/bin/../lib/gcc/arm-none-eabi/5.3.1/../../../../arm-none-eabi/lib/armv7e-m\libc.a(lib_a-writer.o)
 .debug_frame   0x00001d30       0x34 c:/program files (x86)/atmel/studio/7.0/toolchain/arm/arm-gnu-toolchain/bin/../lib/gcc/arm-none-eabi/5.3.1/../../../../arm-none-eabi/lib/armv7e-m\libc.a(lib_a-__atexit.o)
 .debug_frame   0x00001d64       0x2c c:/program files (x86)/atmel/studio/7.0/toolchain/arm/arm-gnu-toolchain/bin/../lib/gcc/arm-none-eabi/5.3.1/../../../../arm-none-eabi/lib/armv7e-m\libc.a(lib_a-closer.o)
 .debug_frame   0x00001d90       0x44 c:/program files (x86)/atmel/studio/7.0/toolchain/arm/arm-gnu-toolchain/bin/../lib/gcc/arm-none-eabi/5.3.1/../../../../arm-none-eabi/lib/armv7e-m\libc.a(lib_a-fclose.o)
 .debug_frame   0x00001dd4       0x2c c:/program files (x86)/atmel/studio/7.0/toolchain/arm/arm-gnu-toolchain/bin/../lib/gcc/arm-none-eabi/5.3.1/../../../../arm-none-eabi/lib/armv7e-m\libc.a(lib_a-fstatr.o)
 .debug_frame   0x00001e00       0x2c c:/program files (x86)/atmel/studio/7.0/toolchain/arm/arm-gnu-toolchain/bin/../lib/gcc/arm-none-eabi/5.3.1/../../../../arm-none-eabi/lib/armv7e-m\libc.a(lib_a-isattyr.o)
 .debug_frame   0x00001e2c       0x2c c:/program files (x86)/atmel/studio/7.0/toolchain/arm/arm-gnu-toolchain/bin/../lib/gcc/arm-none-eabi/5.3.1/../../../../arm-none-eabi/lib/armv7e-m\libc.a(lib_a-lseekr.o)
 .debug_frame   0x00001e58       0x2c c:/program files (x86)/atmel/studio/7.0/toolchain/arm/arm-gnu-toolchain/bin/../lib/gcc/arm-none-eabi/5.3.1/../../../../arm-none-eabi/lib/armv7e-m\libc.a(lib_a-readr.o)
 .debug_frame   0x00001e84       0x58 c:/program files (x86)/atmel/studio/7.0/toolchain/arm/arm-gnu-toolchain/bin/../lib/gcc/arm-none-eabi/5.3.1/../../../../arm-none-eabi/lib/armv7e-m\libc.a(lib_a-reent.o)
 .debug_frame   0x00001edc       0x2c c:/program files (x86)/atmel/studio/7.0/toolchain/arm/arm-gnu-toolchain/bin/../lib/gcc/arm-none-eabi/5.3.1/armv7e-m\libgcc.a(_aeabi_uldivmod.o)
 .debug_frame   0x00001f08       0x34 c:/program files (x86)/atmel/studio/7.0/toolchain/arm/arm-gnu-toolchain/bin/../lib/gcc/arm-none-eabi/5.3.1/armv7e-m\libgcc.a(_udivmoddi4.o)

Cross Reference Table

Symbol                                            File
ADC_Handler                                       src/ASF/sam/utils/cmsis/sam4n/source/templates/exceptions.o
                                                  src/ASF/sam/utils/cmsis/sam4n/source/templates/gcc/startup_sam4n.o
BusFault_Handler                                  src/ASF/sam/utils/cmsis/sam4n/source/templates/exceptions.o
                                                  src/ASF/sam/utils/cmsis/sam4n/source/templates/gcc/startup_sam4n.o
DACC_Handler                                      src/ASF/sam/utils/cmsis/sam4n/source/templates/exceptions.o
                                                  src/ASF/sam/utils/cmsis/sam4n/source/templates/gcc/startup_sam4n.o
DebugMon_Handler                                  src/ASF/sam/utils/cmsis/sam4n/source/templates/exceptions.o