Archive member included to satisfy reference by file (symbol)

c:/program files (x86)/atmel/studio/7.0/toolchain/arm/arm-gnu-toolchain/bin/../lib/gcc/arm-none-eabi/5.3.1/../../../../arm-none-eabi/lib/armv7e-m\libc.a(lib_a-exit.o)
                              c:/program files (x86)/atmel/studio/7.0/toolchain/arm/arm-gnu-toolchain/bin/../lib/gcc/arm-none-eabi/5.3.1/../../../../arm-none-eabi/lib/armv7e-m/crt0.o (exit)
c:/program files (x86)/atmel/studio/7.0/toolchain/arm/arm-gnu-toolchain/bin/../lib/gcc/arm-none-eabi/5.3.1/../../../../arm-none-eabi/lib/armv7e-m\libc.a(lib_a-impure.o)
                              c:/program files (x86)/atmel/studio/7.0/toolchain/arm/arm-gnu-toolchain/bin/../lib/gcc/arm-none-eabi/5.3.1/../../../../arm-none-eabi/lib/armv7e-m\libc.a(lib_a-exit.o) (_global_impure_ptr)
c:/program files (x86)/atmel/studio/7.0/toolchain/arm/arm-gnu-toolchain/bin/../lib/gcc/arm-none-eabi/5.3.1/../../../../arm-none-eabi/lib/armv7e-m\libc.a(lib_a-init.o)
                              c:/program files (x86)/atmel/studio/7.0/toolchain/arm/arm-gnu-toolchain/bin/../lib/gcc/arm-none-eabi/5.3.1/../../../../arm-none-eabi/lib/armv7e-m/crt0.o (__libc_init_array)
c:/program files (x86)/atmel/studio/7.0/toolchain/arm/arm-gnu-toolchain/bin/../lib/gcc/arm-none-eabi/5.3.1/../../../../arm-none-eabi/lib/armv7e-m\libc.a(lib_a-iprintf.o)
                              src/adc_enhanced_resolution_example.o (iprintf)
c:/program files (x86)/atmel/studio/7.0/toolchain/arm/arm-gnu-toolchain/bin/../lib/gcc/arm-none-eabi/5.3.1/../../../../arm-none-eabi/lib/armv7e-m\libc.a(lib_a-iscanf.o)
                              src/adc_enhanced_resolution_example.o (iscanf)
c:/program files (x86)/atmel/studio/7.0/toolchain/arm/arm-gnu-toolchain/bin/../lib/gcc/arm-none-eabi/5.3.1/../../../../arm-none-eabi/lib/armv7e-m\libc.a(lib_a-memset.o)
                              c:/program files (x86)/atmel/studio/7.0/toolchain/arm/arm-gnu-toolchain/bin/../lib/gcc/arm-none-eabi/5.3.1/../../../../arm-none-eabi/lib/armv7e-m/crt0.o (memset)
c:/program files (x86)/atmel/studio/7.0/toolchain/arm/arm-gnu-toolchain/bin/../lib/gcc/arm-none-eabi/5.3.1/../../../../arm-none-eabi/lib/armv7e-m\libc.a(lib_a-puts.o)
                              src/adc_enhanced_resolution_example.o (puts)
c:/program files (x86)/atmel/studio/7.0/toolchain/arm/arm-gnu-toolchain/bin/../lib/gcc/arm-none-eabi/5.3.1/../../../../arm-none-eabi/lib/armv7e-m\libc.a(lib_a-setbuf.o)
                              src/adc_enhanced_resolution_example.o (setbuf)
c:/program files (x86)/atmel/studio/7.0/toolchain/arm/arm-gnu-toolchain/bin/../lib/gcc/arm-none-eabi/5.3.1/../../../../arm-none-eabi/lib/armv7e-m\libc.a(lib_a-setvbuf.o)
                              c:/program files (x86)/atmel/studio/7.0/toolchain/arm/arm-gnu-toolchain/bin/../lib/gcc/arm-none-eabi/5.3.1/../../../../arm-none-eabi/lib/armv7e-m\libc.a(lib_a-setbuf.o) (setvbuf)
c:/program files (x86)/atmel/studio/7.0/toolchain/arm/arm-gnu-toolchain/bin/../lib/gcc/arm-none-eabi/5.3.1/../../../../arm-none-eabi/lib/armv7e-m\libc.a(lib_a-strlen.o)
                              c:/program files (x86)/atmel/studio/7.0/toolchain/arm/arm-gnu-toolchain/bin/../lib/gcc/arm-none-eabi/5.3.1/../../../../arm-none-eabi/lib/armv7e-m\libc.a(lib_a-puts.o) (strlen)
c:/program files (x86)/atmel/studio/7.0/toolchain/arm/arm-gnu-toolchain/bin/../lib/gcc/arm-none-eabi/5.3.1/../../../../arm-none-eabi/lib/armv7e-m\libc.a(lib_a-vfiprintf.o)
                              c:/program files (x86)/atmel/studio/7.0/toolchain/arm/arm-gnu-toolchain/bin/../lib/gcc/arm-none-eabi/5.3.1/../../../../arm-none-eabi/lib/armv7e-m\libc.a(lib_a-iprintf.o) (_vfiprintf_r)
c:/program files (x86)/atmel/studio/7.0/toolchain/arm/arm-gnu-toolchain/bin/../lib/gcc/arm-none-eabi/5.3.1/../../../../arm-none-eabi/lib/armv7e-m\libc.a(lib_a-vfiscanf.o)
                              c:/program files (x86)/atmel/studio/7.0/toolchain/arm/arm-gnu-toolchain/bin/../lib/gcc/arm-none-eabi/5.3.1/../../../../arm-none-eabi/lib/armv7e-m\libc.a(lib_a-iscanf.o) (__svfiscanf_r)
c:/program files (x86)/atmel/studio/7.0/toolchain/arm/arm-gnu-toolchain/bin/../lib/gcc/arm-none-eabi/5.3.1/../../../../arm-none-eabi/lib/armv7e-m\libc.a(lib_a-wsetup.o)
                              c:/program files (x86)/atmel/studio/7.0/toolchain/arm/arm-gnu-toolchain/bin/../lib/gcc/arm-none-eabi/5.3.1/../../../../arm-none-eabi/lib/armv7e-m\libc.a(lib_a-vfiprintf.o) (__swsetup_r)
c:/program files (x86)/atmel/studio/7.0/toolchain/arm/arm-gnu-toolchain/bin/../lib/gcc/arm-none-eabi/5.3.1/../../../../arm-none-eabi/lib/armv7e-m\libc.a(lib_a-__call_atexit.o)
                              c:/program files (x86)/atmel/studio/7.0/toolchain/arm/arm-gnu-toolchain/bin/../lib/gcc/arm-none-eabi/5.3.1/../../../../arm-none-eabi/lib/armv7e-m\libc.a(lib_a-exit.o) (__call_exitprocs)
[...]
Memory Configuration

Name             Origin             Length             Attributes
rom              0x00400000         0x00100000         xr
ram              0x20000000         0x00014000         xrw
*default*        0x00000000         0xffffffff

Linker script and memory map

LOAD c:/program files (x86)/atmel/studio/7.0/toolchain/arm/arm-gnu-toolchain/bin/../lib/gcc/arm-none-eabi/5.3.1/armv7e-m/crti.o
LOAD c:/program files (x86)/atmel/studio/7.0/toolchain/arm/arm-gnu-toolchain/bin/../lib/gcc/arm-none-eabi/5.3.1/armv7e-m/crtbegin.o
LOAD c:/program files (x86)/atmel/studio/7.0/toolchain/arm/arm-gnu-toolchain/bin/../lib/gcc/arm-none-eabi/5.3.1/../../../../arm-none-eabi/lib/armv7e-m/crt0.o
LOAD src/adc_enhanced_resolution_example.o
LOAD src/ASF/common/services/clock/sam4n/sysclk.o
LOAD src/ASF/common/services/serial/usart_serial.o
LOAD src/ASF/common/services/sleepmgr/sam/sleepmgr.o
LOAD src/ASF/common/utils/interrupt/interrupt_sam_nvic.o
LOAD src/ASF/common/utils/stdio/read.o
LOAD src/ASF/common/utils/stdio/write.o
LOAD src/ASF/sam/boards/sam4n_xplained_pro/init.o
LOAD src/ASF/sam/drivers/adc/adc2.o
LOAD src/ASF/sam/drivers/pmc/pmc.o
LOAD src/ASF/sam/drivers/pmc/sleep.o
LOAD src/ASF/sam/drivers/tc/tc.o
LOAD src/ASF/sam/drivers/uart/uart.o
LOAD src/ASF/sam/drivers/usart/usart.o
LOAD src/ASF/sam/utils/cmsis/sam4n/source/templates/exceptions.o
LOAD src/ASF/sam/utils/cmsis/sam4n/source/templates/gcc/startup_sam4n.o
LOAD src/ASF/sam/utils/cmsis/sam4n/source/templates/system_sam4n.o
LOAD src/ASF/sam/utils/syscalls/gcc/syscalls.o
START GROUP
LOAD ../src/ASF/thirdparty/CMSIS/Lib/GCC\libarm_cortexM4l_math.a
LOAD c:/program files (x86)/atmel/studio/7.0/toolchain/arm/arm-gnu-toolchain/bin/../lib/gcc/arm-none-eabi/5.3.1/../../../../arm-none-eabi/lib/armv7e-m\libm.a
END GROUP
START GROUP
LOAD c:/program files (x86)/atmel/studio/7.0/toolchain/arm/arm-gnu-toolchain/bin/../lib/gcc/arm-none-eabi/5.3.1/armv7e-m\libgcc.a
LOAD c:/program files (x86)/atmel/studio/7.0/toolchain/arm/arm-gnu-toolchain/bin/../lib/gcc/arm-none-eabi/5.3.1/../../../../arm-none-eabi/lib/armv7e-m\libc.a
END GROUP
LOAD c:/program files (x86)/atmel/studio/7.0/toolchain/arm/arm-gnu-toolchain/bin/../lib/gcc/arm-none-eabi/5.3.1/armv7e-m/crtend.o
LOAD c:/program files (x86)/atmel/studio/7.0/toolchain/arm/arm-gnu-toolchain/bin/../lib/gcc/arm-none-eabi/5.3.1/armv7e-m/crtn.o
                0x00003000                __stack_size__ = DEFINED (__stack_size__)?__stack_size__:0x3000
                0x20013ffc                __ram_end__ = ((ORIGIN (ram) + LENGTH (ram)) - 0x4)

.text           0x00400000     0x5830
                0x00400000                . = ALIGN (0x4)
                0x00400000                _sfixed = .
 *(.vectors .vectors.*)
 .vectors       0x00400000       0xc0 src/ASF/sam/utils/cmsis/sam4n/source/templates/gcc/startup_sam4n.o
                0x00400000                exception_table
 *(.text .text.* .gnu.linkonce.t.*)
 .text          0x004000c0       0x5c c:/program files (x86)/atmel/studio/7.0/toolchain/arm/arm-gnu-toolchain/bin/../lib/gcc/arm-none-eabi/5.3.1/armv7e-m/crtbegin.o
 .text.adc_end_conversion
                0x0040011c       0x1c src/adc_enhanced_resolution_example.o
 .text.usart_serial_getchar
                0x00400138       0xd8 src/adc_enhanced_resolution_example.o
 .text.usart_serial_putchar
                0x00400210       0xd4 src/adc_enhanced_resolution_example.o
 .text.main     0x004002e4      0x270 src/adc_enhanced_resolution_example.o
                0x004002e4                main
 .text.sysclk_init
                0x00400554       0x64 src/ASF/common/services/clock/sam4n/sysclk.o
                0x00400554                sysclk_init
 .text._read    0x004005b8       0x3c src/ASF/common/utils/stdio/read.o
                0x004005b8                _read
 .text._write   0x004005f4       0x50 src/ASF/common/utils/stdio/write.o
                0x004005f4                _write
 .text.board_init
                0x00400644       0xac src/ASF/sam/boards/sam4n_xplained_pro/init.o
                0x00400644                board_init
 .text.adc_get_config_defaults
                0x004006f0       0x28 src/ASF/sam/drivers/adc/adc2.o
                0x004006f0                adc_get_config_defaults
 .text.adc_set_resolution
                0x00400718       0x2c src/ASF/sam/drivers/adc/adc2.o
                0x00400718                adc_set_resolution
 .text.adc_init
                0x00400744       0x88 src/ASF/sam/drivers/adc/adc2.o
                0x00400744                adc_init
 .text.adc_enable_interrupt
                0x004007cc       0x18 src/ASF/sam/drivers/adc/adc2.o
                0x004007cc                adc_enable_interrupt
 .text.adc_set_callback
                0x004007e4       0x30 src/ASF/sam/drivers/adc/adc2.o
                0x004007e4                adc_set_callback
 .text.ADC_Handler
                0x00400814       0x38 src/ASF/sam/drivers/adc/adc2.o
                0x00400814                ADC_Handler
 .text.adc_enable
                0x0040084c       0x58 src/ASF/sam/drivers/adc/adc2.o
                0x0040084c                adc_enable
 .text.pmc_switch_mck_to_pllack
                0x004008a4       0x68 src/ASF/sam/drivers/pmc/pmc.o
                0x004008a4                pmc_switch_mck_to_pllack
 .text.pmc_switch_mainck_to_fastrc
                0x0040090c       0x4c src/ASF/sam/drivers/pmc/pmc.o
                0x0040090c                pmc_switch_mainck_to_fastrc
 .text.pmc_osc_is_ready_mainck
                0x00400958       0x10 src/ASF/sam/drivers/pmc/pmc.o
                0x00400958                pmc_osc_is_ready_mainck
 .text.pmc_disable_pllack
                0x00400968       0x10 src/ASF/sam/drivers/pmc/pmc.o
                0x00400968                pmc_disable_pllack
 .text.pmc_is_locked_pllack
                0x00400978       0x10 src/ASF/sam/drivers/pmc/pmc.o
                0x00400978                pmc_is_locked_pllack
 .text.pmc_enable_periph_clk
                0x00400988       0x2c src/ASF/sam/drivers/pmc/pmc.o
                0x00400988                pmc_enable_periph_clk
 .text.tc_init  0x004009b4       0x18 src/ASF/sam/drivers/tc/tc.o
                0x004009b4                tc_init
 .text.tc_start
                0x004009cc        0x8 src/ASF/sam/drivers/tc/tc.o
                0x004009cc                tc_start
 .text.tc_find_mck_divisor
                0x004009d4       0x74 src/ASF/sam/drivers/tc/tc.o
                0x004009d4                tc_find_mck_divisor
 .text.uart_init
                0x00400a48       0x38 src/ASF/sam/drivers/uart/uart.o
                0x00400a48                uart_init
 .text.uart_write
                0x00400a80       0x10 src/ASF/sam/drivers/uart/uart.o
                0x00400a80                uart_write
 .text.uart_read
                0x00400a90       0x14 src/ASF/sam/drivers/uart/uart.o
                0x00400a90                uart_read
 .text.usart_write
                0x00400aa4       0x14 src/ASF/sam/drivers/usart/usart.o
                0x00400aa4                usart_write
 .text.usart_read
                0x00400ab8       0x18 src/ASF/sam/drivers/usart/usart.o
                0x00400ab8                usart_read
 .text.Dummy_Handler
                0x00400ad0        0x4 src/ASF/sam/utils/cmsis/sam4n/source/templates/exceptions.o
                0x00400ad0                DACC_Handler
                0x00400ad0                DebugMon_Handler
                0x00400ad0                UART3_Handler
                0x00400ad0                UART2_Handler
                0x00400ad0                HardFault_Handler
                0x00400ad0                TC2_Handler
                0x00400ad0                SPI_Handler
                0x00400ad0                SysTick_Handler
                0x00400ad0                TWI1_Handler
                0x00400ad0                PendSV_Handler
                0x00400ad0                NMI_Handler
                0x00400ad0                USART0_Handler
                0x00400ad0                RTT_Handler
                0x00400ad0                PIOB_Handler
                0x00400ad0                RTC_Handler
                0x00400ad0                UsageFault_Handler
                0x00400ad0                WDT_Handler
                0x00400ad0                TC4_Handler
                0x00400ad0                TC1_Handler
                0x00400ad0                UART1_Handler
                0x00400ad0                TC3_Handler
                0x00400ad0                Dummy_Handler
                0x00400ad0                TWI0_Handler
                0x00400ad0                TWI2_Handler
                0x00400ad0                USART1_Handler
                0x00400ad0                PIOA_Handler
                0x00400ad0                PMC_Handler
                0x00400ad0                PWM_Handler
                0x00400ad0                MemManage_Handler
                0x00400ad0                SUPC_Handler
                0x00400ad0                SVC_Handler
                0x00400ad0                EFC_Handler
                0x00400ad0                USART2_Handler
                0x00400ad0                UART0_Handler
                0x00400ad0                PIOC_Handler
                0x00400ad0                BusFault_Handler
                0x00400ad0                RSTC_Handler
                0x00400ad0                TC0_Handler
                0x00400ad0                TC5_Handler
 .text.Reset_Handler
                0x00400ad4       0x98 src/ASF/sam/utils/cmsis/sam4n/source/templates/gcc/startup_sam4n.o
                0x00400ad4                Reset_Handler
 .text.SystemCoreClockUpdate
                0x00400b6c      0x110 src/ASF/sam/utils/cmsis/sam4n/source/templates/system_sam4n.o
                0x00400b6c                SystemCoreClockUpdate
 .text.system_init_flash
                0x00400c7c       0x60 src/ASF/sam/utils/cmsis/sam4n/source/templates/system_sam4n.o
                0x00400c7c                system_init_flash
 .text._sbrk    0x00400cdc       0x34 src/ASF/sam/utils/syscalls/gcc/syscalls.o
                0x00400cdc                _sbrk
 .text._close   0x00400d10        0x8 src/ASF/sam/utils/syscalls/gcc/syscalls.o
                0x00400d10                _close
 .text._fstat   0x00400d18        0xc src/ASF/sam/utils/syscalls/gcc/syscalls.o
                0x00400d18                _fstat
 .text._isatty  0x00400d24        0x4 src/ASF/sam/utils/syscalls/gcc/syscalls.o
                0x00400d24                _isatty
 .text._lseek   0x00400d28        0x4 src/ASF/sam/utils/syscalls/gcc/syscalls.o
                0x00400d28                _lseek
 .text.__libc_init_array
                0x00400d2c       0x50 c:/program files (x86)/atmel/studio/7.0/toolchain/arm/arm-gnu-toolchain/bin/../lib/gcc/arm-none-eabi/5.3.1/../../../../arm-none-eabi/lib/armv7e-m\libc.a(lib_a-init.o)
                0x00400d2c                __libc_init_array
 .text.iprintf  0x00400d7c       0x28 c:/program files (x86)/atmel/studio/7.0/toolchain/arm/arm-gnu-toolchain/bin/../lib/gcc/arm-none-eabi/5.3.1/../../../../arm-none-eabi/lib/armv7e-m\libc.a(lib_a-iprintf.o)
                0x00400d7c                iprintf
 .text.iscanf   0x00400da4       0x28 c:/program files (x86)/atmel/studio/7.0/toolchain/arm/arm-gnu-toolchain/bin/../lib/gcc/arm-none-eabi/5.3.1/../../../../arm-none-eabi/lib/armv7e-m\libc.a(lib_a-iscanf.o)
                0x00400da4                iscanf
 .text.memset   0x00400dcc       0x9c c:/program files (x86)/atmel/studio/7.0/toolchain/arm/arm-gnu-toolchain/bin/../lib/gcc/arm-none-eabi/5.3.1/../../../../arm-none-eabi/lib/armv7e-m\libc.a(lib_a-memset.o)
                0x00400dcc                memset
 .text._puts_r  0x00400e68       0x68 c:/program files (x86)/atmel/studio/7.0/toolchain/arm/arm-gnu-toolchain/bin/../lib/gcc/arm-none-eabi/5.3.1/../../../../arm-none-eabi/lib/armv7e-m\libc.a(lib_a-puts.o)
                0x00400e68                _puts_r
 .text.puts     0x00400ed0       0x10 c:/program files (x86)/atmel/studio/7.0/toolchain/arm/arm-gnu-toolchain/bin/../lib/gcc/arm-none-eabi/5.3.1/../../../../arm-none-eabi/lib/armv7e-m\libc.a(lib_a-puts.o)
                0x00400ed0                puts
 .text.setbuf   0x00400ee0       0x10 c:/program files (x86)/atmel/studio/7.0/toolchain/arm/arm-gnu-toolchain/bin/../lib/gcc/arm-none-eabi/5.3.1/../../../../arm-none-eabi/lib/armv7e-m\libc.a(lib_a-setbuf.o)
                0x00400ee0                setbuf
 .text.setvbuf  0x00400ef0      0x150 c:/program files (x86)/atmel/studio/7.0/toolchain/arm/arm-gnu-toolchain/bin/../lib/gcc/arm-none-eabi/5.3.1/../../../../arm-none-eabi/lib/armv7e-m\libc.a(lib_a-setvbuf.o)
                0x00400ef0                setvbuf
 .text          0x00401040       0xdc c:/program files (x86)/atmel/studio/7.0/toolchain/arm/arm-gnu-toolchain/bin/../lib/gcc/arm-none-eabi/5.3.1/../../../../arm-none-eabi/lib/armv7e-m\libc.a(lib_a-strlen.o)
                0x00401040                strlen
 .text.__sprint_r.part.0
                0x0040111c       0x78 c:/program files (x86)/atmel/studio/7.0/toolchain/arm/arm-gnu-toolchain/bin/../lib/gcc/arm-none-eabi/5.3.1/../../../../arm-none-eabi/lib/armv7e-m\libc.a(lib_a-vfiprintf.o)
 .text._vfiprintf_r
                0x00401194      0xdfc c:/program files (x86)/atmel/studio/7.0/toolchain/arm/arm-gnu-toolchain/bin/../lib/gcc/arm-none-eabi/5.3.1/../../../../arm-none-eabi/lib/armv7e-m\libc.a(lib_a-vfiprintf.o)
                0x00401194                _vfiprintf_r
 .text.__sbprintf
                0x00401f90       0x6c c:/program files (x86)/atmel/studio/7.0/toolchain/arm/arm-gnu-toolchain/bin/../lib/gcc/arm-none-eabi/5.3.1/../../../../arm-none-eabi/lib/armv7e-m\libc.a(lib_a-vfiprintf.o)
 .text.__svfiscanf_r
                0x00401ffc      0xa8c c:/program files (x86)/atmel/studio/7.0/toolchain/arm/arm-gnu-toolchain/bin/../lib/gcc/arm-none-eabi/5.3.1/../../../../arm-none-eabi/lib/armv7e-m\libc.a(lib_a-vfiscanf.o)
                0x00401ffc                __svfiscanf_r
 .text.__swsetup_r
                0x00402a88       0xc8 c:/program files (x86)/atmel/studio/7.0/toolchain/arm/arm-gnu-toolchain/bin/../lib/gcc/arm-none-eabi/5.3.1/../../../../arm-none-eabi/lib/armv7e-m\libc.a(lib_a-wsetup.o)
                0x00402a88                __swsetup_r
 .text.startup.register_fini
                0x00402b50       0x14 c:/program files (x86)/atmel/studio/7.0/toolchain/arm/arm-gnu-toolchain/bin/../lib/gcc/arm-none-eabi/5.3.1/../../../../arm-none-eabi/lib/armv7e-m\libc.a(lib_a-__call_atexit.o)
 .text.atexit   0x00402b64        0xc c:/program files (x86)/atmel/studio/7.0/toolchain/arm/arm-gnu-toolchain/bin/../lib/gcc/arm-none-eabi/5.3.1/../../../../arm-none-eabi/lib/armv7e-m\libc.a(lib_a-atexit.o)
                0x00402b64                atexit
 .text.__sflush_r
                0x00402b70      0x148 c:/program files (x86)/atmel/studio/7.0/toolchain/arm/arm-gnu-toolchain/bin/../lib/gcc/arm-none-eabi/5.3.1/../../../../arm-none-eabi/lib/armv7e-m\libc.a(lib_a-fflush.o)
                0x00402b70                __sflush_r
 .text._fflush_r
                0x00402cb8       0x2c c:/program files (x86)/atmel/studio/7.0/toolchain/arm/arm-gnu-toolchain/bin/../lib/gcc/arm-none-eabi/5.3.1/../../../../arm-none-eabi/lib/armv7e-m\libc.a(lib_a-fflush.o)
                0x00402cb8                _fflush_r
 .text.fflush   0x00402ce4       0x24 c:/program files (x86)/atmel/studio/7.0/toolchain/arm/arm-gnu-toolchain/bin/../lib/gcc/arm-none-eabi/5.3.1/../../../../arm-none-eabi/lib/armv7e-m\libc.a(lib_a-fflush.o)
                0x00402ce4                fflush
 .text._cleanup_r
                0x00402d08        0xc c:/program files (x86)/atmel/studio/7.0/toolchain/arm/arm-gnu-toolchain/bin/../lib/gcc/arm-none-eabi/5.3.1/../../../../arm-none-eabi/lib/armv7e-m\libc.a(lib_a-findfp.o)
                0x00402d08                _cleanup_r
 .text.__sinit.part.1
                0x00402d14       0xf0 c:/program files (x86)/atmel/studio/7.0/toolchain/arm/arm-gnu-toolchain/bin/../lib/gcc/arm-none-eabi/5.3.1/../../../../arm-none-eabi/lib/armv7e-m\libc.a(lib_a-findfp.o)
 .text.__sinit  0x00402e04        0xc c:/program files (x86)/atmel/studio/7.0/toolchain/arm/arm-gnu-toolchain/bin/../lib/gcc/arm-none-eabi/5.3.1/../../../../arm-none-eabi/lib/armv7e-m\libc.a(lib_a-findfp.o)
                0x00402e04                __sinit
 .text.__sfp_lock_acquire
                0x00402e10        0x4 c:/program files (x86)/atmel/studio/7.0/toolchain/arm/arm-gnu-toolchain/bin/../lib/gcc/arm-none-eabi/5.3.1/../../../../arm-none-eabi/lib/armv7e-m\libc.a(lib_a-findfp.o)
                0x00402e10                __sfp_lock_acquire
 .text.__sfp_lock_release
                0x00402e14        0x4 c:/program files (x86)/atmel/studio/7.0/toolchain/arm/arm-gnu-toolchain/bin/../lib/gcc/arm-none-eabi/5.3.1/../../../../arm-none-eabi/lib/armv7e-m\libc.a(lib_a-findfp.o)
                0x00402e14                __sfp_lock_release
 .text.__libc_fini_array
                0x00402e18       0x28 c:/program files (x86)/atmel/studio/7.0/toolchain/arm/arm-gnu-toolchain/bin/../lib/gcc/arm-none-eabi/5.3.1/../../../../arm-none-eabi/lib/armv7e-m\libc.a(lib_a-fini.o)
                0x00402e18                __libc_fini_array
 .text.__fputwc
                0x00402e40       0x98 c:/program files (x86)/atmel/studio/7.0/toolchain/arm/arm-gnu-toolchain/bin/../lib/gcc/arm-none-eabi/5.3.1/../../../../arm-none-eabi/lib/armv7e-m\libc.a(lib_a-fputwc.o)
                0x00402e40                __fputwc
 .text._fputwc_r
                0x00402ed8       0x24 c:/program files (x86)/atmel/studio/7.0/toolchain/arm/arm-gnu-toolchain/bin/../lib/gcc/arm-none-eabi/5.3.1/../../../../arm-none-eabi/lib/armv7e-m\libc.a(lib_a-fputwc.o)
                0x00402ed8                _fputwc_r
 .text._fread_r
                0x00402efc      0x19c c:/program files (x86)/atmel/studio/7.0/toolchain/arm/arm-gnu-toolchain/bin/../lib/gcc/arm-none-eabi/5.3.1/../../../../arm-none-eabi/lib/armv7e-m\libc.a(lib_a-fread.o)
                0x00402efc                _fread_r
 .text._malloc_trim_r
                0x00403098       0x9c c:/program files (x86)/atmel/studio/7.0/toolchain/arm/arm-gnu-toolchain/bin/../lib/gcc/arm-none-eabi/5.3.1/../../../../arm-none-eabi/lib/armv7e-m\libc.a(lib_a-freer.o)
                0x00403098                _malloc_trim_r
 .text._free_r  0x00403134      0x1d0 c:/program files (x86)/atmel/studio/7.0/toolchain/arm/arm-gnu-toolchain/bin/../lib/gcc/arm-none-eabi/5.3.1/../../../../arm-none-eabi/lib/armv7e-m\libc.a(lib_a-freer.o)
                0x00403134                _free_r
 .text.__sfvwrite_r
                0x00403304      0x304 c:/program files (x86)/atmel/studio/7.0/toolchain/arm/arm-gnu-toolchain/bin/../lib/gcc/arm-none-eabi/5.3.1/../../../../arm-none-eabi/lib/armv7e-m\libc.a(lib_a-fvwrite.o)
                0x00403304                __sfvwrite_r
 .text._fwalk   0x00403608       0x4c c:/program files (x86)/atmel/studio/7.0/toolchain/arm/arm-gnu-toolchain/bin/../lib/gcc/arm-none-eabi/5.3.1/../../../../arm-none-eabi/lib/armv7e-m\libc.a(lib_a-fwalk.o)
                0x00403608                _fwalk
 .text._fwalk_reent
                0x00403654       0x54 c:/program files (x86)/atmel/studio/7.0/toolchain/arm/arm-gnu-toolchain/bin/../lib/gcc/arm-none-eabi/5.3.1/../../../../arm-none-eabi/lib/armv7e-m\libc.a(lib_a-fwalk.o)
                0x00403654                _fwalk_reent
 .text.iswspace
                0x004036a8       0x1c c:/program files (x86)/atmel/studio/7.0/toolchain/arm/arm-gnu-toolchain/bin/../lib/gcc/arm-none-eabi/5.3.1/../../../../arm-none-eabi/lib/armv7e-m\libc.a(lib_a-iswspace.o)
                0x004036a8                iswspace
 .text.__locale_charset
                0x004036c4        0x8 c:/program files (x86)/atmel/studio/7.0/toolchain/arm/arm-gnu-toolchain/bin/../lib/gcc/arm-none-eabi/5.3.1/../../../../arm-none-eabi/lib/armv7e-m\libc.a(lib_a-locale.o)
                0x004036c4                __locale_charset
 .text.__locale_mb_cur_max
                0x004036cc        0xc c:/program files (x86)/atmel/studio/7.0/toolchain/arm/arm-gnu-toolchain/bin/../lib/gcc/arm-none-eabi/5.3.1/../../../../arm-none-eabi/lib/armv7e-m\libc.a(lib_a-locale.o)
                0x004036cc                __locale_mb_cur_max
 .text.__swhatbuf_r
                0x004036d8       0x60 c:/program files (x86)/atmel/studio/7.0/toolchain/arm/arm-gnu-toolchain/bin/../lib/gcc/arm-none-eabi/5.3.1/../../../../arm-none-eabi/lib/armv7e-m\libc.a(lib_a-makebuf.o)
                0x004036d8                __swhatbuf_r
 .text.__smakebuf_r
                0x00403738       0x88 c:/program files (x86)/atmel/studio/7.0/toolchain/arm/arm-gnu-toolchain/bin/../lib/gcc/arm-none-eabi/5.3.1/../../../../arm-none-eabi/lib/armv7e-m\libc.a(lib_a-makebuf.o)
                0x00403738                __smakebuf_r
 .text.malloc   0x004037c0       0x10 c:/program files (x86)/atmel/studio/7.0/toolchain/arm/arm-gnu-toolchain/bin/../lib/gcc/arm-none-eabi/5.3.1/../../../../arm-none-eabi/lib/armv7e-m\libc.a(lib_a-malloc.o)
                0x004037c0                malloc
 .text._malloc_r
                0x004037d0      0x570 c:/program files (x86)/atmel/studio/7.0/toolchain/arm/arm-gnu-toolchain/bin/../lib/gcc/arm-none-eabi/5.3.1/../../../../arm-none-eabi/lib/armv7e-m\libc.a(lib_a-mallocr.o)
                0x004037d0                _malloc_r
 .text._mbrtowc_r
                0x00403d40       0x5c c:/program files (x86)/atmel/studio/7.0/toolchain/arm/arm-gnu-toolchain/bin/../lib/gcc/arm-none-eabi/5.3.1/../../../../arm-none-eabi/lib/armv7e-m\libc.a(lib_a-mbrtowc.o)
                0x00403d40                _mbrtowc_r
 .text.__ascii_mbtowc
                0x00403d9c       0x2c c:/program files (x86)/atmel/studio/7.0/toolchain/arm/arm-gnu-toolchain/bin/../lib/gcc/arm-none-eabi/5.3.1/../../../../arm-none-eabi/lib/armv7e-m\libc.a(lib_a-mbtowc_r.o)
                0x00403d9c                __ascii_mbtowc
 *fill*         0x00403dc8        0x8 
 .text          0x00403dd0       0xa0 c:/program files (x86)/atmel/studio/7.0/toolchain/arm/arm-gnu-toolchain/bin/../lib/gcc/arm-none-eabi/5.3.1/../../../../arm-none-eabi/lib/armv7e-m\libc.a(lib_a-memchr.o)
                0x00403dd0                memchr
 .text          0x00403e70      0x134 c:/program files (x86)/atmel/studio/7.0/toolchain/arm/arm-gnu-toolchain/bin/../lib/gcc/arm-none-eabi/5.3.1/../../../../arm-none-eabi/lib/armv7e-m\libc.a(lib_a-memcpy.o)
                0x00403e70                memcpy
 .text.memmove  0x00403fa4       0xc8 c:/program files (x86)/atmel/studio/7.0/toolchain/arm/arm-gnu-toolchain/bin/../lib/gcc/arm-none-eabi/5.3.1/../../../../arm-none-eabi/lib/armv7e-m\libc.a(lib_a-memmove.o)
                0x00403fa4                memmove
 .text.__malloc_lock
                0x0040406c        0x4 c:/program files (x86)/atmel/studio/7.0/toolchain/arm/arm-gnu-toolchain/bin/../lib/gcc/arm-none-eabi/5.3.1/../../../../arm-none-eabi/lib/armv7e-m\libc.a(lib_a-mlock.o)
                0x0040406c                __malloc_lock
 .text.__malloc_unlock
                0x00404070        0x4 c:/program files (x86)/atmel/studio/7.0/toolchain/arm/arm-gnu-toolchain/bin/../lib/gcc/arm-none-eabi/5.3.1/../../../../arm-none-eabi/lib/armv7e-m\libc.a(lib_a-mlock.o)
                0x00404070                __malloc_unlock
 .text._realloc_r
                0x00404074      0x3e0 c:/program files (x86)/atmel/studio/7.0/toolchain/arm/arm-gnu-toolchain/bin/../lib/gcc/arm-none-eabi/5.3.1/../../../../arm-none-eabi/lib/armv7e-m\libc.a(lib_a-reallocr.o)
                0x00404074                _realloc_r
 .text.lflush   0x00404454       0x14 c:/program files (x86)/atmel/studio/7.0/toolchain/arm/arm-gnu-toolchain/bin/../lib/gcc/arm-none-eabi/5.3.1/../../../../arm-none-eabi/lib/armv7e-m\libc.a(lib_a-refill.o)
 .text.__srefill_r
                0x00404468      0x114 c:/program files (x86)/atmel/studio/7.0/toolchain/arm/arm-gnu-toolchain/bin/../lib/gcc/arm-none-eabi/5.3.1/../../../../arm-none-eabi/lib/armv7e-m\libc.a(lib_a-refill.o)
                0x00404468                __srefill_r
 .text._sbrk_r  0x0040457c       0x24 c:/program files (x86)/atmel/studio/7.0/toolchain/arm/arm-gnu-toolchain/bin/../lib/gcc/arm-none-eabi/5.3.1/../../../../arm-none-eabi/lib/armv7e-m\libc.a(lib_a-sbrkr.o)
                0x0040457c                _sbrk_r
 .text.__sccl   0x004045a0       0x74 c:/program files (x86)/atmel/studio/7.0/toolchain/arm/arm-gnu-toolchain/bin/../lib/gcc/arm-none-eabi/5.3.1/../../../../arm-none-eabi/lib/armv7e-m\libc.a(lib_a-sccl.o)
                0x004045a0                __sccl
 .text.__sread  0x00404614       0x24 c:/program files (x86)/atmel/studio/7.0/toolchain/arm/arm-gnu-toolchain/bin/../lib/gcc/arm-none-eabi/5.3.1/../../../../arm-none-eabi/lib/armv7e-m\libc.a(lib_a-stdio.o)
                0x00404614                __sread
 .text.__swrite
                0x00404638       0x3c c:/program files (x86)/atmel/studio/7.0/toolchain/arm/arm-gnu-toolchain/bin/../lib/gcc/arm-none-eabi/5.3.1/../../../../arm-none-eabi/lib/armv7e-m\libc.a(lib_a-stdio.o)
                0x00404638                __swrite
 .text.__sseek  0x00404674       0x20 c:/program files (x86)/atmel/studio/7.0/toolchain/arm/arm-gnu-toolchain/bin/../lib/gcc/arm-none-eabi/5.3.1/../../../../arm-none-eabi/lib/armv7e-m\libc.a(lib_a-stdio.o)
                0x00404674                __sseek
 .text.__sclose
                0x00404694        0x8 c:/program files (x86)/atmel/studio/7.0/toolchain/arm/arm-gnu-toolchain/bin/../lib/gcc/arm-none-eabi/5.3.1/../../../../arm-none-eabi/lib/armv7e-m\libc.a(lib_a-stdio.o)
                0x00404694                __sclose
 .text._strtol_r
                0x0040469c      0x128 c:/program files (x86)/atmel/studio/7.0/toolchain/arm/arm-gnu-toolchain/bin/../lib/gcc/arm-none-eabi/5.3.1/../../../../arm-none-eabi/lib/armv7e-m\libc.a(lib_a-strtol.o)
                0x0040469c                _strtol_r
 .text._strtoll_r
                0x004047c4      0x1b0 c:/program files (x86)/atmel/studio/7.0/toolchain/arm/arm-gnu-toolchain/bin/../lib/gcc/arm-none-eabi/5.3.1/../../../../arm-none-eabi/lib/armv7e-m\libc.a(lib_a-strtoll_r.o)
                0x004047c4                _strtoll_r
 .text._strtoul_r
                0x00404974      0x134 c:/program files (x86)/atmel/studio/7.0/toolchain/arm/arm-gnu-toolchain/bin/../lib/gcc/arm-none-eabi/5.3.1/../../../../arm-none-eabi/lib/armv7e-m\libc.a(lib_a-strtoul.o)
                0x00404974                _strtoul_r
 .text._strtoull_r
                0x00404aa8      0x1c8 c:/program files (x86)/atmel/studio/7.0/toolchain/arm/arm-gnu-toolchain/bin/../lib/gcc/arm-none-eabi/5.3.1/../../../../arm-none-eabi/lib/armv7e-m\libc.a(lib_a-strtoull_r.o)
                0x00404aa8                _strtoull_r
 .text.__submore
                0x00404c70       0x78 c:/program files (x86)/atmel/studio/7.0/toolchain/arm/arm-gnu-toolchain/bin/../lib/gcc/arm-none-eabi/5.3.1/../../../../arm-none-eabi/lib/armv7e-m\libc.a(lib_a-ungetc.o)
                0x00404c70                __submore
 .text._ungetc_r
                0x00404ce8       0xe0 c:/program files (x86)/atmel/studio/7.0/toolchain/arm/arm-gnu-toolchain/bin/../lib/gcc/arm-none-eabi/5.3.1/../../../../arm-none-eabi/lib/armv7e-m\libc.a(lib_a-ungetc.o)
                0x00404ce8                _ungetc_r
 .text.__swbuf_r
                0x00404dc8       0xac c:/program files (x86)/atmel/studio/7.0/toolchain/arm/arm-gnu-toolchain/bin/../lib/gcc/arm-none-eabi/5.3.1/../../../../arm-none-eabi/lib/armv7e-m\libc.a(lib_a-wbuf.o)
                0x00404dc8                __swbuf_r
 .text._wcrtomb_r
                0x00404e74       0x54 c:/program files (x86)/atmel/studio/7.0/toolchain/arm/arm-gnu-toolchain/bin/../lib/gcc/arm-none-eabi/5.3.1/../../../../arm-none-eabi/lib/armv7e-m\libc.a(lib_a-wcrtomb.o)
                0x00404e74                _wcrtomb_r
 .text.__ascii_wctomb
                0x00404ec8       0x1c c:/program files (x86)/atmel/studio/7.0/toolchain/arm/arm-gnu-toolchain/bin/../lib/gcc/arm-none-eabi/5.3.1/../../../../arm-none-eabi/lib/armv7e-m\libc.a(lib_a-wctomb_r.o)
                0x00404ec8                __ascii_wctomb
 .text._write_r
                0x00404ee4       0x2c c:/program files (x86)/atmel/studio/7.0/toolchain/arm/arm-gnu-toolchain/bin/../lib/gcc/arm-none-eabi/5.3.1/../../../../arm-none-eabi/lib/armv7e-m\libc.a(lib_a-writer.o)
                0x00404ee4                _write_r
 .text.__register_exitproc
                0x00404f10       0xa4 c:/program files (x86)/atmel/studio/7.0/toolchain/arm/arm-gnu-toolchain/bin/../lib/gcc/arm-none-eabi/5.3.1/../../../../arm-none-eabi/lib/armv7e-m\libc.a(lib_a-__atexit.o)
                0x00404f10                __register_exitproc
 .text._close_r
                0x00404fb4       0x24 c:/program files (x86)/atmel/studio/7.0/toolchain/arm/arm-gnu-toolchain/bin/../lib/gcc/arm-none-eabi/5.3.1/../../../../arm-none-eabi/lib/armv7e-m\libc.a(lib_a-closer.o)
                0x00404fb4                _close_r
 .text._fclose_r
                0x00404fd8       0x84 c:/program files (x86)/atmel/studio/7.0/toolchain/arm/arm-gnu-toolchain/bin/../lib/gcc/arm-none-eabi/5.3.1/../../../../arm-none-eabi/lib/armv7e-m\libc.a(lib_a-fclose.o)
                0x00404fd8                _fclose_r
 .text._fstat_r
                0x0040505c       0x28 c:/program files (x86)/atmel/studio/7.0/toolchain/arm/arm-gnu-toolchain/bin/../lib/gcc/arm-none-eabi/5.3.1/../../../../arm-none-eabi/lib/armv7e-m\libc.a(lib_a-fstatr.o)
                0x0040505c                _fstat_r
 .text._isatty_r
                0x00405084       0x24 c:/program files (x86)/atmel/studio/7.0/toolchain/arm/arm-gnu-toolchain/bin/../lib/gcc/arm-none-eabi/5.3.1/../../../../arm-none-eabi/lib/armv7e-m\libc.a(lib_a-isattyr.o)
                0x00405084                _isatty_r
 .text._lseek_r
                0x004050a8       0x2c c:/program files (x86)/atmel/studio/7.0/toolchain/arm/arm-gnu-toolchain/bin/../lib/gcc/arm-none-eabi/5.3.1/../../../../arm-none-eabi/lib/armv7e-m\libc.a(lib_a-lseekr.o)
                0x004050a8                _lseek_r
 .text._read_r  0x004050d4       0x2c c:/program files (x86)/atmel/studio/7.0/toolchain/arm/arm-gnu-toolchain/bin/../lib/gcc/arm-none-eabi/5.3.1/../../../../arm-none-eabi/lib/armv7e-m\libc.a(lib_a-readr.o)
                0x004050d4                _read_r
 .text          0x00405100       0x30 c:/program files (x86)/atmel/studio/7.0/toolchain/arm/arm-gnu-toolchain/bin/../lib/gcc/arm-none-eabi/5.3.1/armv7e-m\libgcc.a(_aeabi_uldivmod.o)
                0x00405100                __aeabi_uldivmod
 .text          0x00405130      0x2e4 c:/program files (x86)/atmel/studio/7.0/toolchain/arm/arm-gnu-toolchain/bin/../lib/gcc/arm-none-eabi/5.3.1/armv7e-m\libgcc.a(_udivmoddi4.o)
                0x00405130                __udivmoddi4
 .text          0x00405414        0x4 c:/program files (x86)/atmel/studio/7.0/toolchain/arm/arm-gnu-toolchain/bin/../lib/gcc/arm-none-eabi/5.3.1/armv7e-m\libgcc.a(_dvmd_tls.o)
                0x00405414                __aeabi_idiv0
                0x00405414                __aeabi_ldiv0
 *(.glue_7t)
 .glue_7t       0x00405418        0x0 linker stubs
 *(.glue_7)
 .glue_7        0x00405418        0x0 linker stubs
 *(.rodata .rodata* .gnu.linkonce.r.*)
 .rodata.str1.4
                0x00405418      0x20f src/adc_enhanced_resolution_example.o
 *fill*         0x00405627        0x1 
 .rodata.adc_interrupt_mask
                0x00405628       0x60 src/ASF/sam/drivers/adc/adc2.o
                0x00405628                adc_interrupt_mask
 .rodata.str1.4
                0x00405688        0x2 c:/program files (x86)/atmel/studio/7.0/toolchain/arm/arm-gnu-toolchain/bin/../lib/gcc/arm-none-eabi/5.3.1/../../../../arm-none-eabi/lib/armv7e-m\libc.a(lib_a-impure.o)
 *fill*         0x0040568a        0x2 
 .rodata._global_impure_ptr
                0x0040568c        0x4 c:/program files (x86)/atmel/studio/7.0/toolchain/arm/arm-gnu-toolchain/bin/../lib/gcc/arm-none-eabi/5.3.1/../../../../arm-none-eabi/lib/armv7e-m\libc.a(lib_a-impure.o)
                0x0040568c                _global_impure_ptr
 .rodata.str1.4
                0x00405690        0x2 c:/program files (x86)/atmel/studio/7.0/toolchain/arm/arm-gnu-toolchain/bin/../lib/gcc/arm-none-eabi/5.3.1/../../../../arm-none-eabi/lib/armv7e-m\libc.a(lib_a-puts.o)
 *fill*         0x00405692        0x2 
 .rodata.zeroes.6993
                0x00405694       0x10 c:/program files (x86)/atmel/studio/7.0/toolchain/arm/arm-gnu-toolchain/bin/../lib/gcc/arm-none-eabi/5.3.1/../../../../arm-none-eabi/lib/armv7e-m\libc.a(lib_a-vfiprintf.o)
 .rodata.str1.4
                0x004056a4       0x2f c:/program files (x86)/atmel/studio/7.0/toolchain/arm/arm-gnu-toolchain/bin/../lib/gcc/arm-none-eabi/5.3.1/../../../../arm-none-eabi/lib/armv7e-m\libc.a(lib_a-vfiprintf.o)
 *fill*         0x004056d3        0x1 
 .rodata.blanks.6992
                0x004056d4       0x10 c:/program files (x86)/atmel/studio/7.0/toolchain/arm/arm-gnu-toolchain/bin/../lib/gcc/arm-none-eabi/5.3.1/../../../../arm-none-eabi/lib/armv7e-m\libc.a(lib_a-vfiprintf.o)
 .rodata.basefix.6460
                0x004056e4       0x22 c:/program files (x86)/atmel/studio/7.0/toolchain/arm/arm-gnu-toolchain/bin/../lib/gcc/arm-none-eabi/5.3.1/../../../../arm-none-eabi/lib/armv7e-m\libc.a(lib_a-vfiscanf.o)
 *fill*         0x00405706        0x2 
 .rodata._ctype_
                0x00405708      0x101 c:/program files (x86)/atmel/studio/7.0/toolchain/arm/arm-gnu-toolchain/bin/../lib/gcc/arm-none-eabi/5.3.1/../../../../arm-none-eabi/lib/armv7e-m\libc.a(lib_a-ctype_.o)
                0x00405708                _ctype_
 .rodata.str1.4
                0x00405809       0x30 c:/program files (x86)/atmel/studio/7.0/toolchain/arm/arm-gnu-toolchain/bin/../lib/gcc/arm-none-eabi/5.3.1/../../../../arm-none-eabi/lib/armv7e-m\libc.a(lib_a-mbrtowc.o)
                                  0x1 (size before relaxing)
 *(.ARM.extab* .gnu.linkonce.armextab.*)
                0x0040583c                . = ALIGN (0x4)
 *fill*         0x00405809        0x3 
 *(.init)
 .init          0x0040580c        0x4 c:/program files (x86)/atmel/studio/7.0/toolchain/arm/arm-gnu-toolchain/bin/../lib/gcc/arm-none-eabi/5.3.1/armv7e-m/crti.o
                0x0040580c                _init
 .init          0x00405810        0x8 c:/program files (x86)/atmel/studio/7.0/toolchain/arm/arm-gnu-toolchain/bin/../lib/gcc/arm-none-eabi/5.3.1/armv7e-m/crtn.o
                0x00405818                . = ALIGN (0x4)
                0x00405818                __preinit_array_start = .
 *(.preinit_array)
                0x00405818                __preinit_array_end = .
                0x00405818                . = ALIGN (0x4)
                0x00405818                __init_array_start = .
 *(SORT(.init_array.*))
 .init_array.00000
                0x00405818        0x4 c:/program files (x86)/atmel/studio/7.0/toolchain/arm/arm-gnu-toolchain/bin/../lib/gcc/arm-none-eabi/5.3.1/../../../../arm-none-eabi/lib/armv7e-m\libc.a(lib_a-__call_atexit.o)
 *(.init_array)
 .init_array    0x0040581c        0x4 c:/program files (x86)/atmel/studio/7.0/toolchain/arm/arm-gnu-toolchain/bin/../lib/gcc/arm-none-eabi/5.3.1/armv7e-m/crtbegin.o
                0x00405820                __init_array_end = .
                0x00405820                . = ALIGN (0x4)
 *crtbegin.o(.ctors)
 *(EXCLUDE_FILE(*crtend.o) .ctors)
 *(SORT(.ctors.*))
 *crtend.o(.ctors)
                0x00405820                . = ALIGN (0x4)
 *(.fini)
 .fini          0x00405820        0x4 c:/program files (x86)/atmel/studio/7.0/toolchain/arm/arm-gnu-toolchain/bin/../lib/gcc/arm-none-eabi/5.3.1/armv7e-m/crti.o
                0x00405820                _fini
 .fini          0x00405824        0x8 c:/program files (x86)/atmel/studio/7.0/toolchain/arm/arm-gnu-toolchain/bin/../lib/gcc/arm-none-eabi/5.3.1/armv7e-m/crtn.o
                0x0040582c                . = ALIGN (0x4)
                0x0040582c                __fini_array_start = .
 *(.fini_array)
 .fini_array    0x0040582c        0x4 c:/program files (x86)/atmel/studio/7.0/toolchain/arm/arm-gnu-toolchain/bin/../lib/gcc/arm-none-eabi/5.3.1/armv7e-m/crtbegin.o
 *(SORT(.fini_array.*))
                0x00405830                __fini_array_end = .
 *crtbegin.o(.dtors)
 *(EXCLUDE_FILE(*crtend.o) .dtors)
 *(SORT(.dtors.*))
 *crtend.o(.dtors)
                0x00405830                . = ALIGN (0x4)
                0x00405830                _efixed = .
                [!provide]                PROVIDE (__exidx_start, .)

.vfp11_veneer   0x00405830        0x0
 .vfp11_veneer  0x00405830        0x0 linker stubs

.v4_bx          0x00405830        0x0
 .v4_bx         0x00405830        0x0 linker stubs

.iplt           0x00405830        0x0
 .iplt          0x00405830        0x0 c:/program files (x86)/atmel/studio/7.0/toolchain/arm/arm-gnu-toolchain/bin/../lib/gcc/arm-none-eabi/5.3.1/armv7e-m/crtbegin.o

.ARM.exidx      0x00405830        0x8
 *(.ARM.exidx* .gnu.linkonce.armexidx.*)
 .ARM.exidx     0x00405830        0x8 c:/program files (x86)/atmel/studio/7.0/toolchain/arm/arm-gnu-toolchain/bin/../lib/gcc/arm-none-eabi/5.3.1/armv7e-m\libgcc.a(_udivmoddi4.o)
                [!provide]                PROVIDE (__exidx_end, .)

.eh_frame       0x00405838        0x0
 .eh_frame      0x00405838        0x0 c:/program files (x86)/atmel/studio/7.0/toolchain/arm/arm-gnu-toolchain/bin/../lib/gcc/arm-none-eabi/5.3.1/armv7e-m/crtbegin.o

.rel.dyn        0x00405838        0x0
 .rel.iplt      0x00405838        0x0 c:/program files (x86)/atmel/studio/7.0/toolchain/arm/arm-gnu-toolchain/bin/../lib/gcc/arm-none-eabi/5.3.1/armv7e-m/crtbegin.o

.jcr            0x00405838        0x0
 .jcr           0x00405838        0x0 c:/program files (x86)/atmel/studio/7.0/toolchain/arm/arm-gnu-toolchain/bin/../lib/gcc/arm-none-eabi/5.3.1/armv7e-m/crtbegin.o

.igot.plt       0x00405838        0x0
 .igot.plt      0x00405838        0x0 c:/program files (x86)/atmel/studio/7.0/toolchain/arm/arm-gnu-toolchain/bin/../lib/gcc/arm-none-eabi/5.3.1/armv7e-m/crtbegin.o
                0x00405838                . = ALIGN (0x4)
                0x00405838                _etext = .

.relocate       0x20000000      0x874 load address 0x00405838
                0x20000000                . = ALIGN (0x4)
                0x20000000                _srelocate = .
 *(.ramfunc .ramfunc.*)
 *(.data .data.*)
 .data.g_interrupt_enabled
                0x20000000        0x1 src/ASF/common/utils/interrupt/interrupt_sam_nvic.o
                0x20000000                g_interrupt_enabled
 *fill*         0x20000001        0x3 
 .data.SystemCoreClock
                0x20000004        0x4 src/ASF/sam/utils/cmsis/sam4n/source/templates/system_sam4n.o
                0x20000004                SystemCoreClock
 .data.impure_data
                0x20000008      0x428 c:/program files (x86)/atmel/studio/7.0/toolchain/arm/arm-gnu-toolchain/bin/../lib/gcc/arm-none-eabi/5.3.1/../../../../arm-none-eabi/lib/armv7e-m\libc.a(lib_a-impure.o)
 .data._impure_ptr
                0x20000430        0x4 c:/program files (x86)/atmel/studio/7.0/toolchain/arm/arm-gnu-toolchain/bin/../lib/gcc/arm-none-eabi/5.3.1/../../../../arm-none-eabi/lib/armv7e-m\libc.a(lib_a-impure.o)
                0x20000430                _impure_ptr
 .data.__ctype_ptr__
                0x20000434        0x4 c:/program files (x86)/atmel/studio/7.0/toolchain/arm/arm-gnu-toolchain/bin/../lib/gcc/arm-none-eabi/5.3.1/../../../../arm-none-eabi/lib/armv7e-m\libc.a(lib_a-ctype_.o)
                0x20000434                __ctype_ptr__
 .data.lc_ctype_charset
                0x20000438       0x20 c:/program files (x86)/atmel/studio/7.0/toolchain/arm/arm-gnu-toolchain/bin/../lib/gcc/arm-none-eabi/5.3.1/../../../../arm-none-eabi/lib/armv7e-m\libc.a(lib_a-locale.o)
 .data.__mb_cur_max
                0x20000458        0x4 c:/program files (x86)/atmel/studio/7.0/toolchain/arm/arm-gnu-toolchain/bin/../lib/gcc/arm-none-eabi/5.3.1/../../../../arm-none-eabi/lib/armv7e-m\libc.a(lib_a-locale.o)
                0x20000458                __mb_cur_max
 .data.__malloc_av_
                0x2000045c      0x408 c:/program files (x86)/atmel/studio/7.0/toolchain/arm/arm-gnu-toolchain/bin/../lib/gcc/arm-none-eabi/5.3.1/../../../../arm-none-eabi/lib/armv7e-m\libc.a(lib_a-mallocr.o)
                0x2000045c                __malloc_av_
 .data.__malloc_trim_threshold
                0x20000864        0x4 c:/program files (x86)/atmel/studio/7.0/toolchain/arm/arm-gnu-toolchain/bin/../lib/gcc/arm-none-eabi/5.3.1/../../../../arm-none-eabi/lib/armv7e-m\libc.a(lib_a-mallocr.o)
                0x20000864                __malloc_trim_threshold
 .data.__malloc_sbrk_base
                0x20000868        0x4 c:/program files (x86)/atmel/studio/7.0/toolchain/arm/arm-gnu-toolchain/bin/../lib/gcc/arm-none-eabi/5.3.1/../../../../arm-none-eabi/lib/armv7e-m\libc.a(lib_a-mallocr.o)
                0x20000868                __malloc_sbrk_base
 .data.__mbtowc
                0x2000086c        0x4 c:/program files (x86)/atmel/studio/7.0/toolchain/arm/arm-gnu-toolchain/bin/../lib/gcc/arm-none-eabi/5.3.1/../../../../arm-none-eabi/lib/armv7e-m\libc.a(lib_a-mbtowc_r.o)
                0x2000086c                __mbtowc
 .data.__wctomb
                0x20000870        0x4 c:/program files (x86)/atmel/studio/7.0/toolchain/arm/arm-gnu-toolchain/bin/../lib/gcc/arm-none-eabi/5.3.1/../../../../arm-none-eabi/lib/armv7e-m\libc.a(lib_a-wctomb_r.o)
                0x20000870                __wctomb
                0x20000874                . = ALIGN (0x4)
                0x20000874                _erelocate = .

.bss            0x20000874       0xd8 load address 0x004060ac
                0x20000874                . = ALIGN (0x4)
                0x20000874                _sbss = .
                0x20000874                _szero = .
 *(.bss .bss.*)
 .bss           0x20000874       0x1c c:/program files (x86)/atmel/studio/7.0/toolchain/arm/arm-gnu-toolchain/bin/../lib/gcc/arm-none-eabi/5.3.1/armv7e-m/crtbegin.o
 .bss.is_conversion_done
                0x20000890        0x1 src/adc_enhanced_resolution_example.o
                0x20000890                is_conversion_done
 *fill*         0x20000891        0x3 
 .bss.g_max_digital
                0x20000894        0x4 src/adc_enhanced_resolution_example.o
 .bss.g_ul_value
                0x20000898        0x4 src/adc_enhanced_resolution_example.o
                0x20000898                g_ul_value
 .bss.heap.5287
                0x2000089c        0x4 src/ASF/sam/utils/syscalls/gcc/syscalls.o
 .bss.__malloc_max_total_mem
                0x200008a0        0x4 c:/program files (x86)/atmel/studio/7.0/toolchain/arm/arm-gnu-toolchain/bin/../lib/gcc/arm-none-eabi/5.3.1/../../../../arm-none-eabi/lib/armv7e-m\libc.a(lib_a-mallocr.o)
                0x200008a0                __malloc_max_total_mem
 .bss.__malloc_max_sbrked_mem
                0x200008a4        0x4 c:/program files (x86)/atmel/studio/7.0/toolchain/arm/arm-gnu-toolchain/bin/../lib/gcc/arm-none-eabi/5.3.1/../../../../arm-none-eabi/lib/armv7e-m\libc.a(lib_a-mallocr.o)
                0x200008a4                __malloc_max_sbrked_mem
 .bss.__malloc_top_pad
                0x200008a8        0x4 c:/program files (x86)/atmel/studio/7.0/toolchain/arm/arm-gnu-toolchain/bin/../lib/gcc/arm-none-eabi/5.3.1/../../../../arm-none-eabi/lib/armv7e-m\libc.a(lib_a-mallocr.o)
                0x200008a8                __malloc_top_pad
 .bss.__malloc_current_mallinfo
                0x200008ac       0x28 c:/program files (x86)/atmel/studio/7.0/toolchain/arm/arm-gnu-toolchain/bin/../lib/gcc/arm-none-eabi/5.3.1/../../../../arm-none-eabi/lib/armv7e-m\libc.a(lib_a-mallocr.o)
                0x200008ac                __malloc_current_mallinfo
 *(COMMON)
 COMMON         0x200008d4        0x6 src/ASF/common/services/sleepmgr/sam/sleepmgr.o
                0x200008d4                sleepmgr_locks
 *fill*         0x200008da        0x2 
 COMMON         0x200008dc        0x4 src/ASF/common/utils/stdio/read.o
                0x200008dc                ptr_get
 COMMON         0x200008e0        0x8 src/ASF/common/utils/stdio/write.o
                0x200008e0                ptr_put
                0x200008e4                stdio_base
 COMMON         0x200008e8       0x60 src/ASF/sam/drivers/adc/adc2.o
                0x200008e8                adc_callback_pointer
 COMMON         0x20000948        0x4 c:/program files (x86)/atmel/studio/7.0/toolchain/arm/arm-gnu-toolchain/bin/../lib/gcc/arm-none-eabi/5.3.1/../../../../arm-none-eabi/lib/armv7e-m\libc.a(lib_a-reent.o)
                0x20000948                errno
                0x2000094c                . = ALIGN (0x4)
                0x2000094c                _ebss = .
                0x2000094c                _ezero = .

.stack          0x2000094c     0x3004 load address 0x00406184
                0x20000950                . = ALIGN (0x8)
 *fill*         0x2000094c        0x4 
                0x20000950                _sstack = .
                0x20003950                . = (. + __stack_size__)
 *fill*         0x20000950     0x3000 
                0x20003950                . = ALIGN (0x8)
                0x20003950                _estack = .
                0x20003950                . = ALIGN (0x4)
                0x20003950                _end = .
OUTPUT(ADC_ADC_ENHANCED_RESOLUTION_EXAMPLE1.elf elf32-littlearm)

.ARM.attributes
                0x00000000       0x2a
 .ARM.attributes
                0x00000000       0x1e c:/program files (x86)/atmel/studio/7.0/toolchain/arm/arm-gnu-toolchain/bin/../lib/gcc/arm-none-eabi/5.3.1/armv7e-m/crti.o
 .ARM.attributes
                0x0000001e       0x2e c:/program files (x86)/atmel/studio/7.0/toolchain/arm/arm-gnu-toolchain/bin/../lib/gcc/arm-none-eabi/5.3.1/armv7e-m/crtbegin.o
 .ARM.attributes
                0x0000004c       0x33 src/adc_enhanced_resolution_example.o
 .ARM.attributes
                0x0000007f       0x33 src/ASF/common/services/clock/sam4n/sysclk.o
 .ARM.attributes
                0x000000b2       0x33 src/ASF/common/services/sleepmgr/sam/sleepmgr.o
 .ARM.attributes
                0x000000e5       0x33 src/ASF/common/utils/interrupt/interrupt_sam_nvic.o
 .ARM.attributes
                0x00000118       0x33 src/ASF/common/utils/stdio/read.o
 .ARM.attributes
                0x0000014b       0x33 src/ASF/common/utils/stdio/write.o
 .ARM.attributes
                0x0000017e       0x33 src/ASF/sam/boards/sam4n_xplained_pro/init.o
 .ARM.attributes
                0x000001b1       0x33 src/ASF/sam/drivers/adc/adc2.o
 .ARM.attributes
                0x000001e4       0x33 src/ASF/sam/drivers/pmc/pmc.o
 .ARM.attributes
                0x00000217       0x33 src/ASF/sam/drivers/tc/tc.o
 .ARM.attributes
                0x0000024a       0x33 src/ASF/sam/drivers/uart/uart.o
 .ARM.attributes
                0x0000027d       0x33 src/ASF/sam/drivers/usart/usart.o
 .ARM.attributes
                0x000002b0       0x33 src/ASF/sam/utils/cmsis/sam4n/source/templates/exceptions.o
 .ARM.attributes
                0x000002e3       0x33 src/ASF/sam/utils/cmsis/sam4n/source/templates/gcc/startup_sam4n.o
 .ARM.attributes
                0x00000316       0x33 src/ASF/sam/utils/cmsis/sam4n/source/templates/system_sam4n.o
 .ARM.attributes
                0x00000349       0x33 src/ASF/sam/utils/syscalls/gcc/syscalls.o
 .ARM.attributes
                0x0000037c       0x2e c:/program files (x86)/atmel/studio/7.0/toolchain/arm/arm-gnu-toolchain/bin/../lib/gcc/arm-none-eabi/5.3.1/../../../../arm-none-eabi/lib/armv7e-m\libc.a(lib_a-impure.o)
 .ARM.attributes
                0x000003aa       0x2e c:/program files (x86)/atmel/studio/7.0/toolchain/arm/arm-gnu-toolchain/bin/../lib/gcc/arm-none-eabi/5.3.1/../../../../arm-none-eabi/lib/armv7e-m\libc.a(lib_a-init.o)
 .ARM.attributes
                0x000003d8       0x2e c:/program files (x86)/atmel/studio/7.0/toolchain/arm/arm-gnu-toolchain/bin/../lib/gcc/arm-none-eabi/5.3.1/../../../../arm-none-eabi/lib/armv7e-m\libc.a(lib_a-iprintf.o)
 .ARM.attributes
                0x00000406       0x2e c:/program files (x86)/atmel/studio/7.0/toolchain/arm/arm-gnu-toolchain/bin/../lib/gcc/arm-none-eabi/5.3.1/../../../../arm-none-eabi/lib/armv7e-m\libc.a(lib_a-iscanf.o)
 .ARM.attributes
                0x00000434       0x2e c:/program files (x86)/atmel/studio/7.0/toolchain/arm/arm-gnu-toolchain/bin/../lib/gcc/arm-none-eabi/5.3.1/../../../../arm-none-eabi/lib/armv7e-m\libc.a(lib_a-memset.o)
 .ARM.attributes
                0x00000462       0x2e c:/program files (x86)/atmel/studio/7.0/toolchain/arm/arm-gnu-toolchain/bin/../lib/gcc/arm-none-eabi/5.3.1/../../../../arm-none-eabi/lib/armv7e-m\libc.a(lib_a-puts.o)
 .ARM.attributes
                0x00000490       0x2e c:/program files (x86)/atmel/studio/7.0/toolchain/arm/arm-gnu-toolchain/bin/../lib/gcc/arm-none-eabi/5.3.1/../../../../arm-none-eabi/lib/armv7e-m\libc.a(lib_a-setbuf.o)
 .ARM.attributes
                0x000004be       0x2e c:/program files (x86)/atmel/studio/7.0/toolchain/arm/arm-gnu-toolchain/bin/../lib/gcc/arm-none-eabi/5.3.1/../../../../arm-none-eabi/lib/armv7e-m\libc.a(lib_a-setvbuf.o)
 .ARM.attributes
                0x000004ec       0x1c c:/program files (x86)/atmel/studio/7.0/toolchain/arm/arm-gnu-toolchain/bin/../lib/gcc/arm-none-eabi/5.3.1/../../../../arm-none-eabi/lib/armv7e-m\libc.a(lib_a-strlen.o)
 .ARM.attributes
                0x00000508       0x2e c:/program files (x86)/atmel/studio/7.0/toolchain/arm/arm-gnu-toolchain/bin/../lib/gcc/arm-none-eabi/5.3.1/../../../../arm-none-eabi/lib/armv7e-m\libc.a(lib_a-vfiprintf.o)
 .ARM.attributes
                0x00000536       0x2e c:/program files (x86)/atmel/studio/7.0/toolchain/arm/arm-gnu-toolchain/bin/../lib/gcc/arm-none-eabi/5.3.1/../../../../arm-none-eabi/lib/armv7e-m\libc.a(lib_a-vfiscanf.o)
 .ARM.attributes
                0x00000564       0x2e c:/program files (x86)/atmel/studio/7.0/toolchain/arm/arm-gnu-toolchain/bin/../lib/gcc/arm-none-eabi/5.3.1/../../../../arm-none-eabi/lib/armv7e-m\libc.a(lib_a-wsetup.o)
 .ARM.attributes
                0x00000592       0x2e c:/program files (x86)/atmel/studio/7.0/toolchain/arm/arm-gnu-toolchain/bin/../lib/gcc/arm-none-eabi/5.3.1/../../../../arm-none-eabi/lib/armv7e-m\libc.a(lib_a-__call_atexit.o)
 .ARM.attributes
                0x000005c0       0x2e c:/program files (x86)/atmel/studio/7.0/toolchain/arm/arm-gnu-toolchain/bin/../lib/gcc/arm-none-eabi/5.3.1/../../../../arm-none-eabi/lib/armv7e-m\libc.a(lib_a-atexit.o)
 .ARM.attributes
                0x000005ee       0x2e c:/program files (x86)/atmel/studio/7.0/toolchain/arm/arm-gnu-toolchain/bin/../lib/gcc/arm-none-eabi/5.3.1/../../../../arm-none-eabi/lib/armv7e-m\libc.a(lib_a-ctype_.o)
 .ARM.attributes
                0x0000061c       0x2e c:/program files (x86)/atmel/studio/7.0/toolchain/arm/arm-gnu-toolchain/bin/../lib/gcc/arm-none-eabi/5.3.1/../../../../arm-none-eabi/lib/armv7e-m\libc.a(lib_a-fflush.o)
 .ARM.attributes
                0x0000064a       0x2e c:/program files (x86)/atmel/studio/7.0/toolchain/arm/arm-gnu-toolchain/bin/../lib/gcc/arm-none-eabi/5.3.1/../../../../arm-none-eabi/lib/armv7e-m\libc.a(lib_a-findfp.o)
 .ARM.attributes
                0x00000678       0x2e c:/program files (x86)/atmel/studio/7.0/toolchain/arm/arm-gnu-toolchain/bin/../lib/gcc/arm-none-eabi/5.3.1/../../../../arm-none-eabi/lib/armv7e-m\libc.a(lib_a-fini.o)
 .ARM.attributes
                0x000006a6       0x2e c:/program files (x86)/atmel/studio/7.0/toolchain/arm/arm-gnu-toolchain/bin/../lib/gcc/arm-none-eabi/5.3.1/../../../../arm-none-eabi/lib/armv7e-m\libc.a(lib_a-fputwc.o)
 .ARM.attributes
                0x000006d4       0x2e c:/program files (x86)/atmel/studio/7.0/toolchain/arm/arm-gnu-toolchain/bin/../lib/gcc/arm-none-eabi/5.3.1/../../../../arm-none-eabi/lib/armv7e-m\libc.a(lib_a-fread.o)
 .ARM.attributes
                0x00000702       0x2e c:/program files (x86)/atmel/studio/7.0/toolchain/arm/arm-gnu-toolchain/bin/../lib/gcc/arm-none-eabi/5.3.1/../../../../arm-none-eabi/lib/armv7e-m\libc.a(lib_a-freer.o)
 .ARM.attributes
                0x00000730       0x2e c:/program files (x86)/atmel/studio/7.0/toolchain/arm/arm-gnu-toolchain/bin/../lib/gcc/arm-none-eabi/5.3.1/../../../../arm-none-eabi/lib/armv7e-m\libc.a(lib_a-fvwrite.o)
 .ARM.attributes
                0x0000075e       0x2e c:/program files (x86)/atmel/studio/7.0/toolchain/arm/arm-gnu-toolchain/bin/../lib/gcc/arm-none-eabi/5.3.1/../../../../arm-none-eabi/lib/armv7e-m\libc.a(lib_a-fwalk.o)
 .ARM.attributes
                0x0000078c       0x2e c:/program files (x86)/atmel/studio/7.0/toolchain/arm/arm-gnu-toolchain/bin/../lib/gcc/arm-none-eabi/5.3.1/../../../../arm-none-eabi/lib/armv7e-m\libc.a(lib_a-iswspace.o)
 .ARM.attributes
                0x000007ba       0x2e c:/program files (x86)/atmel/studio/7.0/toolchain/arm/arm-gnu-toolchain/bin/../lib/gcc/arm-none-eabi/5.3.1/../../../../arm-none-eabi/lib/armv7e-m\libc.a(lib_a-locale.o)
 .ARM.attributes
                0x000007e8       0x2e c:/program files (x86)/atmel/studio/7.0/toolchain/arm/arm-gnu-toolchain/bin/../lib/gcc/arm-none-eabi/5.3.1/../../../../arm-none-eabi/lib/armv7e-m\libc.a(lib_a-makebuf.o)
 .ARM.attributes
                0x00000816       0x2e c:/program files (x86)/atmel/studio/7.0/toolchain/arm/arm-gnu-toolchain/bin/../lib/gcc/arm-none-eabi/5.3.1/../../../../arm-none-eabi/lib/armv7e-m\libc.a(lib_a-malloc.o)
 .ARM.attributes
                0x00000844       0x2e c:/program files (x86)/atmel/studio/7.0/toolchain/arm/arm-gnu-toolchain/bin/../lib/gcc/arm-none-eabi/5.3.1/../../../../arm-none-eabi/lib/armv7e-m\libc.a(lib_a-mallocr.o)
 .ARM.attributes
                0x00000872       0x2e c:/program files (x86)/atmel/studio/7.0/toolchain/arm/arm-gnu-toolchain/bin/../lib/gcc/arm-none-eabi/5.3.1/../../../../arm-none-eabi/lib/armv7e-m\libc.a(lib_a-mbrtowc.o)
 .ARM.attributes
                0x000008a0       0x2e c:/program files (x86)/atmel/studio/7.0/toolchain/arm/arm-gnu-toolchain/bin/../lib/gcc/arm-none-eabi/5.3.1/../../../../arm-none-eabi/lib/armv7e-m\libc.a(lib_a-mbtowc_r.o)
 .ARM.attributes
                0x000008ce       0x1c c:/program files (x86)/atmel/studio/7.0/toolchain/arm/arm-gnu-toolchain/bin/../lib/gcc/arm-none-eabi/5.3.1/../../../../arm-none-eabi/lib/armv7e-m\libc.a(lib_a-memchr.o)
 .ARM.attributes
                0x000008ea       0x1c c:/program files (x86)/atmel/studio/7.0/toolchain/arm/arm-gnu-toolchain/bin/../lib/gcc/arm-none-eabi/5.3.1/../../../../arm-none-eabi/lib/armv7e-m\libc.a(lib_a-memcpy.o)
 .ARM.attributes
                0x00000906       0x2e c:/program files (x86)/atmel/studio/7.0/toolchain/arm/arm-gnu-toolchain/bin/../lib/gcc/arm-none-eabi/5.3.1/../../../../arm-none-eabi/lib/armv7e-m\libc.a(lib_a-memmove.o)
 .ARM.attributes
                0x00000934       0x2e c:/program files (x86)/atmel/studio/7.0/toolchain/arm/arm-gnu-toolchain/bin/../lib/gcc/arm-none-eabi/5.3.1/../../../../arm-none-eabi/lib/armv7e-m\libc.a(lib_a-mlock.o)
 .ARM.attributes
                0x00000962       0x2e c:/program files (x86)/atmel/studio/7.0/toolchain/arm/arm-gnu-toolchain/bin/../lib/gcc/arm-none-eabi/5.3.1/../../../../arm-none-eabi/lib/armv7e-m\libc.a(lib_a-reallocr.o)
 .ARM.attributes
                0x00000990       0x2e c:/program files (x86)/atmel/studio/7.0/toolchain/arm/arm-gnu-toolchain/bin/../lib/gcc/arm-none-eabi/5.3.1/../../../../arm-none-eabi/lib/armv7e-m\libc.a(lib_a-refill.o)
 .ARM.attributes
                0x000009be       0x2e c:/program files (x86)/atmel/studio/7.0/toolchain/arm/arm-gnu-toolchain/bin/../lib/gcc/arm-none-eabi/5.3.1/../../../../arm-none-eabi/lib/armv7e-m\libc.a(lib_a-sbrkr.o)
 .ARM.attributes
                0x000009ec       0x2e c:/program files (x86)/atmel/studio/7.0/toolchain/arm/arm-gnu-toolchain/bin/../lib/gcc/arm-none-eabi/5.3.1/../../../../arm-none-eabi/lib/armv7e-m\libc.a(lib_a-sccl.o)
 .ARM.attributes
                0x00000a1a       0x2e c:/program files (x86)/atmel/studio/7.0/toolchain/arm/arm-gnu-toolchain/bin/../lib/gcc/arm-none-eabi/5.3.1/../../../../arm-none-eabi/lib/armv7e-m\libc.a(lib_a-stdio.o)
 .ARM.attributes
                0x00000a48       0x2e c:/program files (x86)/atmel/studio/7.0/toolchain/arm/arm-gnu-toolchain/bin/../lib/gcc/arm-none-eabi/5.3.1/../../../../arm-none-eabi/lib/armv7e-m\libc.a(lib_a-strtol.o)
 .ARM.attributes
                0x00000a76       0x2e c:/program files (x86)/atmel/studio/7.0/toolchain/arm/arm-gnu-toolchain/bin/../lib/gcc/arm-none-eabi/5.3.1/../../../../arm-none-eabi/lib/armv7e-m\libc.a(lib_a-strtoll_r.o)
 .ARM.attributes
                0x00000aa4       0x2e c:/program files (x86)/atmel/studio/7.0/toolchain/arm/arm-gnu-toolchain/bin/../lib/gcc/arm-none-eabi/5.3.1/../../../../arm-none-eabi/lib/armv7e-m\libc.a(lib_a-strtoul.o)
 .ARM.attributes
                0x00000ad2       0x2e c:/program files (x86)/atmel/studio/7.0/toolchain/arm/arm-gnu-toolchain/bin/../lib/gcc/arm-none-eabi/5.3.1/../../../../arm-none-eabi/lib/armv7e-m\libc.a(lib_a-strtoull_r.o)
 .ARM.attributes
                0x00000b00       0x2e c:/program files (x86)/atmel/studio/7.0/toolchain/arm/arm-gnu-toolchain/bin/../lib/gcc/arm-none-eabi/5.3.1/../../../../arm-none-eabi/lib/armv7e-m\libc.a(lib_a-ungetc.o)
 .ARM.attributes
                0x00000b2e       0x2e c:/program files (x86)/atmel/studio/7.0/toolchain/arm/arm-gnu-toolchain/bin/../lib/gcc/arm-none-eabi/5.3.1/../../../../arm-none-eabi/lib/armv7e-m\libc.a(lib_a-wbuf.o)
 .ARM.attributes
                0x00000b5c       0x2e c:/program files (x86)/atmel/studio/7.0/toolchain/arm/arm-gnu-toolchain/bin/../lib/gcc/arm-none-eabi/5.3.1/../../../../arm-none-eabi/lib/armv7e-m\libc.a(lib_a-wcrtomb.o)
 .ARM.attributes
                0x00000b8a       0x2e c:/program files (x86)/atmel/studio/7.0/toolchain/arm/arm-gnu-toolchain/bin/../lib/gcc/arm-none-eabi/5.3.1/../../../../arm-none-eabi/lib/armv7e-m\libc.a(lib_a-wctomb_r.o)
 .ARM.attributes
                0x00000bb8       0x2e c:/program files (x86)/atmel/studio/7.0/toolchain/arm/arm-gnu-toolchain/bin/../lib/gcc/arm-none-eabi/5.3.1/../../../../arm-none-eabi/lib/armv7e-m\libc.a(lib_a-writer.o)
 .ARM.attributes
                0x00000be6       0x2e c:/program files (x86)/atmel/studio/7.0/toolchain/arm/arm-gnu-toolchain/bin/../lib/gcc/arm-none-eabi/5.3.1/../../../../arm-none-eabi/lib/armv7e-m\libc.a(lib_a-__atexit.o)
 .ARM.attributes
                0x00000c14       0x2e c:/program files (x86)/atmel/studio/7.0/toolchain/arm/arm-gnu-toolchain/bin/../lib/gcc/arm-none-eabi/5.3.1/../../../../arm-none-eabi/lib/armv7e-m\libc.a(lib_a-closer.o)
 .ARM.attributes
                0x00000c42       0x2e c:/program files (x86)/atmel/studio/7.0/toolchain/arm/arm-gnu-toolchain/bin/../lib/gcc/arm-none-eabi/5.3.1/../../../../arm-none-eabi/lib/armv7e-m\libc.a(lib_a-fclose.o)
 .ARM.attributes
                0x00000c70       0x2e c:/program files (x86)/atmel/studio/7.0/toolchain/arm/arm-gnu-toolchain/bin/../lib/gcc/arm-none-eabi/5.3.1/../../../../arm-none-eabi/lib/armv7e-m\libc.a(lib_a-fstatr.o)
 .ARM.attributes
                0x00000c9e       0x2e c:/program files (x86)/atmel/studio/7.0/toolchain/arm/arm-gnu-toolchain/bin/../lib/gcc/arm-none-eabi/5.3.1/../../../../arm-none-eabi/lib/armv7e-m\libc.a(lib_a-isattyr.o)
 .ARM.attributes
                0x00000ccc       0x2e c:/program files (x86)/atmel/studio/7.0/toolchain/arm/arm-gnu-toolchain/bin/../lib/gcc/arm-none-eabi/5.3.1/../../../../arm-none-eabi/lib/armv7e-m\libc.a(lib_a-lseekr.o)
 .ARM.attributes
                0x00000cfa       0x2e c:/program files (x86)/atmel/studio/7.0/toolchain/arm/arm-gnu-toolchain/bin/../lib/gcc/arm-none-eabi/5.3.1/../../../../arm-none-eabi/lib/armv7e-m\libc.a(lib_a-readr.o)
 .ARM.attributes
                0x00000d28       0x2e c:/program files (x86)/atmel/studio/7.0/toolchain/arm/arm-gnu-toolchain/bin/../lib/gcc/arm-none-eabi/5.3.1/../../../../arm-none-eabi/lib/armv7e-m\libc.a(lib_a-reent.o)
 .ARM.attributes
                0x00000d56       0x1e c:/program files (x86)/atmel/studio/7.0/toolchain/arm/arm-gnu-toolchain/bin/../lib/gcc/arm-none-eabi/5.3.1/armv7e-m\libgcc.a(_aeabi_uldivmod.o)
 .ARM.attributes
                0x00000d74       0x2e c:/program files (x86)/atmel/studio/7.0/toolchain/arm/arm-gnu-toolchain/bin/../lib/gcc/arm-none-eabi/5.3.1/armv7e-m\libgcc.a(_udivmoddi4.o)
 .ARM.attributes
                0x00000da2       0x1e c:/program files (x86)/atmel/studio/7.0/toolchain/arm/arm-gnu-toolchain/bin/../lib/gcc/arm-none-eabi/5.3.1/armv7e-m\libgcc.a(_dvmd_tls.o)
 .ARM.attributes
                0x00000dc0       0x1e c:/program files (x86)/atmel/studio/7.0/toolchain/arm/arm-gnu-toolchain/bin/../lib/gcc/arm-none-eabi/5.3.1/armv7e-m/crtn.o

.comment        0x00000000       0x59
 .comment       0x00000000       0x59 src/adc_enhanced_resolution_example.o
                                 0x5a (size before relaxing)
 .comment       0x00000059       0x5a src/ASF/common/services/clock/sam4n/sysclk.o
 .comment       0x00000059       0x5a src/ASF/common/services/sleepmgr/sam/sleepmgr.o
 .comment       0x00000059       0x5a src/ASF/common/utils/interrupt/interrupt_sam_nvic.o
 .comment       0x00000059       0x5a src/ASF/common/utils/stdio/read.o
 .comment       0x00000059       0x5a src/ASF/common/utils/stdio/write.o
 .comment       0x00000059       0x5a src/ASF/sam/boards/sam4n_xplained_pro/init.o
 .comment       0x00000059       0x5a src/ASF/sam/drivers/adc/adc2.o
 .comment       0x00000059       0x5a src/ASF/sam/drivers/pmc/pmc.o
 .comment       0x00000059       0x5a src/ASF/sam/drivers/tc/tc.o
 .comment       0x00000059       0x5a src/ASF/sam/drivers/uart/uart.o
 .comment       0x00000059       0x5a src/ASF/sam/drivers/usart/usart.o
 .comment       0x00000059       0x5a src/ASF/sam/utils/cmsis/sam4n/source/templates/exceptions.o
 .comment       0x00000059       0x5a src/ASF/sam/utils/cmsis/sam4n/source/templates/gcc/startup_sam4n.o
 .comment       0x00000059       0x5a src/ASF/sam/utils/cmsis/sam4n/source/templates/system_sam4n.o
 .comment       0x00000059       0x5a src/ASF/sam/utils/syscalls/gcc/syscalls.o

.debug_info     0x00000000     0x9dfd
 .debug_info    0x00000000     0x2695 src/adc_enhanced_resolution_example.o
 .debug_info    0x00002695      0x70e src/ASF/common/services/clock/sam4n/sysclk.o
 .debug_info    0x00002da3      0x176 src/ASF/common/services/sleepmgr/sam/sleepmgr.o
 .debug_info    0x00002f19      0x1e4 src/ASF/common/utils/interrupt/interrupt_sam_nvic.o
 .debug_info    0x000030fd      0x1bb src/ASF/common/utils/stdio/read.o
 .debug_info    0x000032b8      0x1c0 src/ASF/common/utils/stdio/write.o
 .debug_info    0x00003478      0xd6d src/ASF/sam/boards/sam4n_xplained_pro/init.o
 .debug_info    0x000041e5     0x1557 src/ASF/sam/drivers/adc/adc2.o
 .debug_info    0x0000573c      0xf98 src/ASF/sam/drivers/pmc/pmc.o
 .debug_info    0x000066d4      0xa0a src/ASF/sam/drivers/tc/tc.o
 .debug_info    0x000070de      0x889 src/ASF/sam/drivers/uart/uart.o
 .debug_info    0x00007967     0x14d0 src/ASF/sam/drivers/usart/usart.o
 .debug_info    0x00008e37       0xba src/ASF/sam/utils/cmsis/sam4n/source/templates/exceptions.o
 .debug_info    0x00008ef1      0x62f src/ASF/sam/utils/cmsis/sam4n/source/templates/gcc/startup_sam4n.o
 .debug_info    0x00009520      0x49d src/ASF/sam/utils/cmsis/sam4n/source/templates/system_sam4n.o
 .debug_info    0x000099bd      0x440 src/ASF/sam/utils/syscalls/gcc/syscalls.o

.debug_abbrev   0x00000000     0x1d22
 .debug_abbrev  0x00000000      0x41d src/adc_enhanced_resolution_example.o
 .debug_abbrev  0x0000041d      0x23b src/ASF/common/services/clock/sam4n/sysclk.o
 .debug_abbrev  0x00000658       0xab src/ASF/common/services/sleepmgr/sam/sleepmgr.o
 .debug_abbrev  0x00000703       0xed src/ASF/common/utils/interrupt/interrupt_sam_nvic.o
 .debug_abbrev  0x000007f0      0x101 src/ASF/common/utils/stdio/read.o
 .debug_abbrev  0x000008f1       0xf5 src/ASF/common/utils/stdio/write.o
 .debug_abbrev  0x000009e6      0x1f9 src/ASF/sam/boards/sam4n_xplained_pro/init.o
 .debug_abbrev  0x00000bdf      0x430 src/ASF/sam/drivers/adc/adc2.o
 .debug_abbrev  0x0000100f      0x277 src/ASF/sam/drivers/pmc/pmc.o
 .debug_abbrev  0x00001286      0x1c8 src/ASF/sam/drivers/tc/tc.o
 .debug_abbrev  0x0000144e      0x1bd src/ASF/sam/drivers/uart/uart.o
 .debug_abbrev  0x0000160b      0x318 src/ASF/sam/drivers/usart/usart.o
 .debug_abbrev  0x00001923       0x6f src/ASF/sam/utils/cmsis/sam4n/source/templates/exceptions.o
 .debug_abbrev  0x00001992      0x12a src/ASF/sam/utils/cmsis/sam4n/source/templates/gcc/startup_sam4n.o
 .debug_abbrev  0x00001abc      0x115 src/ASF/sam/utils/cmsis/sam4n/source/templates/system_sam4n.o
 .debug_abbrev  0x00001bd1      0x151 src/ASF/sam/utils/syscalls/gcc/syscalls.o

.debug_loc      0x00000000     0x32e6
 .debug_loc     0x00000000      0x535 src/adc_enhanced_resolution_example.o
 .debug_loc     0x00000535      0x12a src/ASF/common/services/clock/sam4n/sysclk.o
 .debug_loc     0x0000065f       0xd2 src/ASF/common/utils/stdio/read.o
 .debug_loc     0x00000731      0x15d src/ASF/common/utils/stdio/write.o
 .debug_loc     0x0000088e      0x244 src/ASF/sam/boards/sam4n_xplained_pro/init.o
 .debug_loc     0x00000ad2      0x544 src/ASF/sam/drivers/adc/adc2.o
 .debug_loc     0x00001016      0xb5e src/ASF/sam/drivers/pmc/pmc.o
 .debug_loc     0x00001b74      0x5a5 src/ASF/sam/drivers/tc/tc.o
 .debug_loc     0x00002119      0x27e src/ASF/sam/drivers/uart/uart.o
 .debug_loc     0x00002397      0xdc6 src/ASF/sam/drivers/usart/usart.o
 .debug_loc     0x0000315d       0x5e src/ASF/sam/utils/cmsis/sam4n/source/templates/gcc/startup_sam4n.o
 .debug_loc     0x000031bb      0x12b src/ASF/sam/utils/syscalls/gcc/syscalls.o

.debug_aranges  0x00000000      0x7a0
 .debug_aranges
                0x00000000       0x38 src/adc_enhanced_resolution_example.o
 .debug_aranges
                0x00000038       0x30 src/ASF/common/services/clock/sam4n/sysclk.o
 .debug_aranges
                0x00000068       0x18 src/ASF/common/services/sleepmgr/sam/sleepmgr.o
 .debug_aranges
                0x00000080       0x28 src/ASF/common/utils/interrupt/interrupt_sam_nvic.o
 .debug_aranges
                0x000000a8       0x20 src/ASF/common/utils/stdio/read.o
 .debug_aranges
                0x000000c8       0x20 src/ASF/common/utils/stdio/write.o
 .debug_aranges
                0x000000e8       0x20 src/ASF/sam/boards/sam4n_xplained_pro/init.o
 .debug_aranges
                0x00000108       0x88 src/ASF/sam/drivers/adc/adc2.o
 .debug_aranges
                0x00000190      0x1d0 src/ASF/sam/drivers/pmc/pmc.o
 .debug_aranges
                0x00000360       0xd0 src/ASF/sam/drivers/tc/tc.o
 .debug_aranges
                0x00000430       0xe8 src/ASF/sam/drivers/uart/uart.o
 .debug_aranges
                0x00000518      0x1b8 src/ASF/sam/drivers/usart/usart.o
 .debug_aranges
                0x000006d0       0x20 src/ASF/sam/utils/cmsis/sam4n/source/templates/exceptions.o
 .debug_aranges
                0x000006f0       0x20 src/ASF/sam/utils/cmsis/sam4n/source/templates/gcc/startup_sam4n.o
 .debug_aranges
                0x00000710       0x30 src/ASF/sam/utils/cmsis/sam4n/source/templates/system_sam4n.o
 .debug_aranges
                0x00000740       0x60 src/ASF/sam/utils/syscalls/gcc/syscalls.o

.debug_ranges   0x00000000      0x698
 .debug_ranges  0x00000000       0x28 src/adc_enhanced_resolution_example.o
 .debug_ranges  0x00000028       0x20 src/ASF/common/services/clock/sam4n/sysclk.o
 .debug_ranges  0x00000048       0x18 src/ASF/common/utils/interrupt/interrupt_sam_nvic.o
 .debug_ranges  0x00000060       0x10 src/ASF/common/utils/stdio/read.o
 .debug_ranges  0x00000070       0x10 src/ASF/common/utils/stdio/write.o
 .debug_ranges  0x00000080       0x10 src/ASF/sam/boards/sam4n_xplained_pro/init.o
 .debug_ranges  0x00000090       0x78 src/ASF/sam/drivers/adc/adc2.o
 .debug_ranges  0x00000108      0x1c0 src/ASF/sam/drivers/pmc/pmc.o
 .debug_ranges  0x000002c8       0xc0 src/ASF/sam/drivers/tc/tc.o
 .debug_ranges  0x00000388       0xd8 src/ASF/sam/drivers/uart/uart.o
 .debug_ranges  0x00000460      0x1a8 src/ASF/sam/drivers/usart/usart.o
 .debug_ranges  0x00000608       0x10 src/ASF/sam/utils/cmsis/sam4n/source/templates/exceptions.o
 .debug_ranges  0x00000618       0x10 src/ASF/sam/utils/cmsis/sam4n/source/templates/gcc/startup_sam4n.o
 .debug_ranges  0x00000628       0x20 src/ASF/sam/utils/cmsis/sam4n/source/templates/system_sam4n.o
 .debug_ranges  0x00000648       0x50 src/ASF/sam/utils/syscalls/gcc/syscalls.o

.debug_macro    0x00000000    0x10d4a
 .debug_macro   0x00000000      0x608 src/adc_enhanced_resolution_example.o
 .debug_macro   0x00000608      0x89e src/adc_enhanced_resolution_example.o
 .debug_macro   0x00000ea6       0x22 src/adc_enhanced_resolution_example.o
 .debug_macro   0x00000ec8       0x4c src/adc_enhanced_resolution_example.o
 .debug_macro   0x00000f14       0x8d src/adc_enhanced_resolution_example.o
 .debug_macro   0x00000fa1       0x35 src/adc_enhanced_resolution_example.o
 .debug_macro   0x00000fd6       0x9c src/adc_enhanced_resolution_example.o
 .debug_macro   0x00001072       0x16 src/adc_enhanced_resolution_example.o
 .debug_macro   0x00001088       0x4a src/adc_enhanced_resolution_example.o
 .debug_macro   0x000010d2       0x97 src/adc_enhanced_resolution_example.o
 .debug_macro   0x00001169      0x330 src/adc_enhanced_resolution_example.o
 .debug_macro   0x00001499       0xf6 src/adc_enhanced_resolution_example.o
 .debug_macro   0x0000158f       0x10 src/adc_enhanced_resolution_example.o
 .debug_macro   0x0000159f       0x52 src/adc_enhanced_resolution_example.o
 .debug_macro   0x000015f1       0x16 src/adc_enhanced_resolution_example.o
 .debug_macro   0x00001607       0x43 src/adc_enhanced_resolution_example.o
 .debug_macro   0x0000164a      0x187 src/adc_enhanced_resolution_example.o
 .debug_macro   0x000017d1       0x22 src/adc_enhanced_resolution_example.o
 .debug_macro   0x000017f3       0x22 src/adc_enhanced_resolution_example.o
 .debug_macro   0x00001815       0x3a src/adc_enhanced_resolution_example.o
 .debug_macro   0x0000184f       0x10 src/adc_enhanced_resolution_example.o
 .debug_macro   0x0000185f       0x40 src/adc_enhanced_resolution_example.o
 .debug_macro   0x0000189f       0x6c src/adc_enhanced_resolution_example.o
 .debug_macro   0x0000190b       0x16 src/adc_enhanced_resolution_example.o
 .debug_macro   0x00001921      0x182 src/adc_enhanced_resolution_example.o
 .debug_macro   0x00001aa3       0x16 src/adc_enhanced_resolution_example.o
 .debug_macro   0x00001ab9       0x35 src/adc_enhanced_resolution_example.o
 .debug_macro   0x00001aee       0x16 src/adc_enhanced_resolution_example.o
 .debug_macro   0x00001b04      0x644 src/adc_enhanced_resolution_example.o
 .debug_macro   0x00002148       0x76 src/adc_enhanced_resolution_example.o
 .debug_macro   0x000021be       0x16 src/adc_enhanced_resolution_example.o
 .debug_macro   0x000021d4      0x6e4 src/adc_enhanced_resolution_example.o
 .debug_macro   0x000028b8       0xfd src/adc_enhanced_resolution_example.o
 .debug_macro   0x000029b5      0x1df src/adc_enhanced_resolution_example.o
 .debug_macro   0x00002b94       0x27 src/adc_enhanced_resolution_example.o
 .debug_macro   0x00002bbb       0x3b src/adc_enhanced_resolution_example.o
 .debug_macro   0x00002bf6       0x2d src/adc_enhanced_resolution_example.o
 .debug_macro   0x00002c23       0x26 src/adc_enhanced_resolution_example.o
 .debug_macro   0x00002c49      0xbbf src/adc_enhanced_resolution_example.o
 .debug_macro   0x00003808      0x949 src/adc_enhanced_resolution_example.o
 .debug_macro   0x00004151      0x2b5 src/adc_enhanced_resolution_example.o
 .debug_macro   0x00004406      0x169 src/adc_enhanced_resolution_example.o
 .debug_macro   0x0000456f      0x106 src/adc_enhanced_resolution_example.o
 .debug_macro   0x00004675       0x1c src/adc_enhanced_resolution_example.o
 .debug_macro   0x00004691      0x1e8 src/adc_enhanced_resolution_example.o
 .debug_macro   0x00004879       0xbe src/adc_enhanced_resolution_example.o
 .debug_macro   0x00004937     0x26c7 src/adc_enhanced_resolution_example.o
 .debug_macro   0x00006ffe      0x724 src/adc_enhanced_resolution_example.o
 .debug_macro   0x00007722      0x25f src/adc_enhanced_resolution_example.o
 .debug_macro   0x00007981       0x7c src/adc_enhanced_resolution_example.o
 .debug_macro   0x000079fd      0x2df src/adc_enhanced_resolution_example.o
 .debug_macro   0x00007cdc       0x64 src/adc_enhanced_resolution_example.o
 .debug_macro   0x00007d40      0x386 src/adc_enhanced_resolution_example.o
 .debug_macro   0x000080c6      0x690 src/adc_enhanced_resolution_example.o
 .debug_macro   0x00008756      0x65e src/adc_enhanced_resolution_example.o
 .debug_macro   0x00008db4      0x34d src/adc_enhanced_resolution_example.o
 .debug_macro   0x00009101      0x28c src/adc_enhanced_resolution_example.o
 .debug_macro   0x0000938d      0x56b src/adc_enhanced_resolution_example.o
 .debug_macro   0x000098f8       0x76 src/adc_enhanced_resolution_example.o
 .debug_macro   0x0000996e       0x88 src/adc_enhanced_resolution_example.o
 .debug_macro   0x000099f6      0x135 src/adc_enhanced_resolution_example.o
 .debug_macro   0x00009b2b      0x105 src/adc_enhanced_resolution_example.o
 .debug_macro   0x00009c30       0x88 src/adc_enhanced_resolution_example.o
 .debug_macro   0x00009cb8       0x88 src/adc_enhanced_resolution_example.o
 .debug_macro   0x00009d40       0xb2 src/adc_enhanced_resolution_example.o
 .debug_macro   0x00009df2       0xa6 src/adc_enhanced_resolution_example.o
 .debug_macro   0x00009e98       0xa6 src/adc_enhanced_resolution_example.o
 .debug_macro   0x00009f3e       0xa6 src/adc_enhanced_resolution_example.o
 .debug_macro   0x00009fe4       0xa6 src/adc_enhanced_resolution_example.o
 .debug_macro   0x0000a08a       0x64 src/adc_enhanced_resolution_example.o
 .debug_macro   0x0000a0ee       0x88 src/adc_enhanced_resolution_example.o
 .debug_macro   0x0000a176       0x7c src/adc_enhanced_resolution_example.o
 .debug_macro   0x0000a1f2       0x40 src/adc_enhanced_resolution_example.o
 .debug_macro   0x0000a232       0x34 src/adc_enhanced_resolution_example.o
 .debug_macro   0x0000a266       0x88 src/adc_enhanced_resolution_example.o
 .debug_macro   0x0000a2ee       0x7c src/adc_enhanced_resolution_example.o
 .debug_macro   0x0000a36a       0x16 src/adc_enhanced_resolution_example.o
 .debug_macro   0x0000a380       0x7c src/adc_enhanced_resolution_example.o
 .debug_macro   0x0000a3fc       0x22 src/adc_enhanced_resolution_example.o
 .debug_macro   0x0000a41e      0x135 src/adc_enhanced_resolution_example.o
 .debug_macro   0x0000a553      0x135 src/adc_enhanced_resolution_example.o
 .debug_macro   0x0000a688      0x135 src/adc_enhanced_resolution_example.o
 .debug_macro   0x0000a7bd       0x1c src/adc_enhanced_resolution_example.o
 .debug_macro   0x0000a7d9       0x2e src/adc_enhanced_resolution_example.o
 .debug_macro   0x0000a807       0x22 src/adc_enhanced_resolution_example.o
 .debug_macro   0x0000a829       0x1c src/adc_enhanced_resolution_example.o
 .debug_macro   0x0000a845       0x52 src/adc_enhanced_resolution_example.o
 .debug_macro   0x0000a897       0x10 src/adc_enhanced_resolution_example.o
 .debug_macro   0x0000a8a7      0x203 src/adc_enhanced_resolution_example.o
 .debug_macro   0x0000aaaa      0x747 src/adc_enhanced_resolution_example.o
 .debug_macro   0x0000b1f1       0xcf src/adc_enhanced_resolution_example.o
 .debug_macro   0x0000b2c0       0x22 src/adc_enhanced_resolution_example.o
 .debug_macro   0x0000b2e2       0x16 src/adc_enhanced_resolution_example.o
 .debug_macro   0x0000b2f8       0x16 src/adc_enhanced_resolution_example.o
 .debug_macro   0x0000b30e       0x29 src/adc_enhanced_resolution_example.o
 .debug_macro   0x0000b337       0x75 src/adc_enhanced_resolution_example.o
 .debug_macro   0x0000b3ac       0x3f src/adc_enhanced_resolution_example.o
 .debug_macro   0x0000b3eb      0x3ca src/adc_enhanced_resolution_example.o
 .debug_macro   0x0000b7b5       0x16 src/adc_enhanced_resolution_example.o
 .debug_macro   0x0000b7cb      0x2aa src/adc_enhanced_resolution_example.o
 .debug_macro   0x0000ba75       0x10 src/adc_enhanced_resolution_example.o
 .debug_macro   0x0000ba85      0x7b8 src/adc_enhanced_resolution_example.o
 .debug_macro   0x0000c23d       0x28 src/adc_enhanced_resolution_example.o
 .debug_macro   0x0000c265       0x70 src/adc_enhanced_resolution_example.o
 .debug_macro   0x0000c2d5       0x64 src/adc_enhanced_resolution_example.o
 .debug_macro   0x0000c339       0x40 src/adc_enhanced_resolution_example.o
 .debug_macro   0x0000c379       0x7b src/adc_enhanced_resolution_example.o
 .debug_macro   0x0000c3f4       0x82 src/adc_enhanced_resolution_example.o
 .debug_macro   0x0000c476       0x34 src/adc_enhanced_resolution_example.o
 .debug_macro   0x0000c4aa       0x1c src/adc_enhanced_resolution_example.o
 .debug_macro   0x0000c4c6       0x10 src/adc_enhanced_resolution_example.o
 .debug_macro   0x0000c4d6       0x1c src/adc_enhanced_resolution_example.o
 .debug_macro   0x0000c4f2       0x2e src/adc_enhanced_resolution_example.o
 .debug_macro   0x0000c520       0x1c src/adc_enhanced_resolution_example.o
 .debug_macro   0x0000c53c      0x50a src/ASF/common/services/clock/sam4n/sysclk.o
 .debug_macro   0x0000ca46      0x16d src/ASF/common/services/clock/sam4n/sysclk.o
 .debug_macro   0x0000cbb3       0x87 src/ASF/common/services/clock/sam4n/sysclk.o
 .debug_macro   0x0000cc3a       0x44 src/ASF/common/services/clock/sam4n/sysclk.o
 .debug_macro   0x0000cc7e       0x52 src/ASF/common/services/clock/sam4n/sysclk.o
 .debug_macro   0x0000ccd0      0x2a4 src/ASF/common/services/clock/sam4n/sysclk.o
 .debug_macro   0x0000cf74      0x4b1 src/ASF/common/services/sleepmgr/sam/sleepmgr.o
 .debug_macro   0x0000d425      0x48b src/ASF/common/utils/interrupt/interrupt_sam_nvic.o
 .debug_macro   0x0000d8b0      0x48b src/ASF/common/utils/stdio/read.o
 .debug_macro   0x0000dd3b      0x48b src/ASF/common/utils/stdio/write.o
 .debug_macro   0x0000e1c6      0x530 src/ASF/sam/boards/sam4n_xplained_pro/init.o
 .debug_macro   0x0000e6f6      0x54f src/ASF/sam/drivers/adc/adc2.o
 .debug_macro   0x0000ec45      0x4a0 src/ASF/sam/drivers/pmc/pmc.o
 .debug_macro   0x0000f0e5       0x6a src/ASF/sam/drivers/pmc/pmc.o
 .debug_macro   0x0000f14f      0x4a7 src/ASF/sam/drivers/tc/tc.o
 .debug_macro   0x0000f5f6       0x1c src/ASF/sam/drivers/tc/tc.o
 .debug_macro   0x0000f612      0x49a src/ASF/sam/drivers/uart/uart.o
 .debug_macro   0x0000faac       0x16 src/ASF/sam/drivers/uart/uart.o
 .debug_macro   0x0000fac2      0x4d6 src/ASF/sam/drivers/usart/usart.o
 .debug_macro   0x0000ff98       0x28 src/ASF/sam/drivers/usart/usart.o
 .debug_macro   0x0000ffc0      0x2bd src/ASF/sam/utils/cmsis/sam4n/source/templates/exceptions.o
 .debug_macro   0x0001027d      0x2b3 src/ASF/sam/utils/cmsis/sam4n/source/templates/gcc/startup_sam4n.o
 .debug_macro   0x00010530      0x4a3 src/ASF/sam/utils/cmsis/sam4n/source/templates/system_sam4n.o
 .debug_macro   0x000109d3      0x19c src/ASF/sam/utils/syscalls/gcc/syscalls.o
 .debug_macro   0x00010b6f       0x52 src/ASF/sam/utils/syscalls/gcc/syscalls.o
 .debug_macro   0x00010bc1       0x16 src/ASF/sam/utils/syscalls/gcc/syscalls.o
 .debug_macro   0x00010bd7       0x10 src/ASF/sam/utils/syscalls/gcc/syscalls.o
 .debug_macro   0x00010be7       0x41 src/ASF/sam/utils/syscalls/gcc/syscalls.o
 .debug_macro   0x00010c28      0x122 src/ASF/sam/utils/syscalls/gcc/syscalls.o

.debug_line     0x00000000     0xad20
 .debug_line    0x00000000      0xeec src/adc_enhanced_resolution_example.o
 .debug_line    0x00000eec      0xb33 src/ASF/common/services/clock/sam4n/sysclk.o
 .debug_line    0x00001a1f      0xa4b src/ASF/common/services/sleepmgr/sam/sleepmgr.o
 .debug_line    0x0000246a      0x9fd src/ASF/common/utils/interrupt/interrupt_sam_nvic.o
 .debug_line    0x00002e67      0x9ee src/ASF/common/utils/stdio/read.o
 .debug_line    0x00003855      0x9e0 src/ASF/common/utils/stdio/write.o
 .debug_line    0x00004235      0xb92 src/ASF/sam/boards/sam4n_xplained_pro/init.o
 .debug_line    0x00004dc7      0xd9e src/ASF/sam/drivers/adc/adc2.o
 .debug_line    0x00005b65      0xecb src/ASF/sam/drivers/pmc/pmc.o
 .debug_line    0x00006a30      0xb80 src/ASF/sam/drivers/tc/tc.o
 .debug_line    0x000075b0      0xb9d src/ASF/sam/drivers/uart/uart.o
 .debug_line    0x0000814d      0xe87 src/ASF/sam/drivers/usart/usart.o
 .debug_line    0x00008fd4      0x78b src/ASF/sam/utils/cmsis/sam4n/source/templates/exceptions.o
 .debug_line    0x0000975f      0x7c3 src/ASF/sam/utils/cmsis/sam4n/source/templates/gcc/startup_sam4n.o
 .debug_line    0x00009f22      0xa2e src/ASF/sam/utils/cmsis/sam4n/source/templates/system_sam4n.o
 .debug_line    0x0000a950      0x3d0 src/ASF/sam/utils/syscalls/gcc/syscalls.o

.debug_str      0x00000000    0x42bb3
 .debug_str     0x00000000    0x40102 src/adc_enhanced_resolution_example.o
                              0x405a2 (size before relaxing)
 .debug_str     0x00040102      0x1de src/ASF/common/services/clock/sam4n/sysclk.o
                              0x3eb36 (size before relaxing)
 .debug_str     0x000402e0       0xaa src/ASF/common/services/sleepmgr/sam/sleepmgr.o
                              0x3ae94 (size before relaxing)
 .debug_str     0x0004038a       0x94 src/ASF/common/utils/interrupt/interrupt_sam_nvic.o
                              0x3ad58 (size before relaxing)
 .debug_str     0x0004041e       0x2c src/ASF/common/utils/stdio/read.o
                              0x3ad07 (size before relaxing)
 .debug_str     0x0004044a       0x26 src/ASF/common/utils/stdio/write.o
                              0x3ad09 (size before relaxing)
 .debug_str     0x00040470      0x217 src/ASF/sam/boards/sam4n_xplained_pro/init.o
                              0x3f09c (size before relaxing)
 .debug_str     0x00040687      0x65c src/ASF/sam/drivers/adc/adc2.o
                              0x3f99f (size before relaxing)
 .debug_str     0x00040ce3      0x650 src/ASF/sam/drivers/pmc/pmc.o
                              0x3b750 (size before relaxing)
 .debug_str     0x00041333      0x280 src/ASF/sam/drivers/tc/tc.o
                              0x3b0f8 (size before relaxing)
 .debug_str     0x000415b3      0x277 src/ASF/sam/drivers/uart/uart.o
                              0x3b0cd (size before relaxing)
 .debug_str     0x0004182a      0x683 src/ASF/sam/drivers/usart/usart.o
                              0x3b5e6 (size before relaxing)
 .debug_str     0x00041ead       0x4d src/ASF/sam/utils/cmsis/sam4n/source/templates/exceptions.o
                              0x2b7fd (size before relaxing)
 .debug_str     0x00041efa      0x3cd src/ASF/sam/utils/cmsis/sam4n/source/templates/gcc/startup_sam4n.o
                              0x2bc06 (size before relaxing)
 .debug_str     0x000422c7      0x1b2 src/ASF/sam/utils/cmsis/sam4n/source/templates/system_sam4n.o
                              0x3afbe (size before relaxing)
 .debug_str     0x00042479      0x73a src/ASF/sam/utils/syscalls/gcc/syscalls.o
                               0x69df (size before relaxing)

.debug_frame    0x00000000     0x2070
 .debug_frame   0x00000000       0x80 src/adc_enhanced_resolution_example.o
 .debug_frame   0x00000080       0x58 src/ASF/common/services/clock/sam4n/sysclk.o
 .debug_frame   0x000000d8       0x30 src/ASF/common/utils/interrupt/interrupt_sam_nvic.o
 .debug_frame   0x00000108       0x48 src/ASF/common/utils/stdio/read.o
 .debug_frame   0x00000150       0x48 src/ASF/common/utils/stdio/write.o
 .debug_frame   0x00000198       0x28 src/ASF/sam/boards/sam4n_xplained_pro/init.o
 .debug_frame   0x000001c0      0x14c src/ASF/sam/drivers/adc/adc2.o
 .debug_frame   0x0000030c      0x3dc src/ASF/sam/drivers/pmc/pmc.o
 .debug_frame   0x000006e8      0x1a4 src/ASF/sam/drivers/tc/tc.o
 .debug_frame   0x0000088c      0x1bc src/ASF/sam/drivers/uart/uart.o
 .debug_frame   0x00000a48      0x3d4 src/ASF/sam/drivers/usart/usart.o
 .debug_frame   0x00000e1c       0x20 src/ASF/sam/utils/cmsis/sam4n/source/templates/exceptions.o
 .debug_frame   0x00000e3c       0x28 src/ASF/sam/utils/cmsis/sam4n/source/templates/gcc/startup_sam4n.o
 .debug_frame   0x00000e64       0x40 src/ASF/sam/utils/cmsis/sam4n/source/templates/system_sam4n.o
 .debug_frame   0x00000ea4       0xa8 src/ASF/sam/utils/syscalls/gcc/syscalls.o
 .debug_frame   0x00000f4c       0x2c c:/program files (x86)/atmel/studio/7.0/toolchain/arm/arm-gnu-toolchain/bin/../lib/gcc/arm-none-eabi/5.3.1/../../../../arm-none-eabi/lib/armv7e-m\libc.a(lib_a-init.o)
 .debug_frame   0x00000f78       0x74 c:/program files (x86)/atmel/studio/7.0/toolchain/arm/arm-gnu-toolchain/bin/../lib/gcc/arm-none-eabi/5.3.1/../../../../arm-none-eabi/lib/armv7e-m\libc.a(lib_a-iprintf.o)
 .debug_frame   0x00000fec       0x74 c:/program files (x86)/atmel/studio/7.0/toolchain/arm/arm-gnu-toolchain/bin/../lib/gcc/arm-none-eabi/5.3.1/../../../../arm-none-eabi/lib/armv7e-m\libc.a(lib_a-iscanf.o)
 .debug_frame   0x00001060       0x34 c:/program files (x86)/atmel/studio/7.0/toolchain/arm/arm-gnu-toolchain/bin/../lib/gcc/arm-none-eabi/5.3.1/../../../../arm-none-eabi/lib/armv7e-m\libc.a(lib_a-memset.o)
 .debug_frame   0x00001094       0x48 c:/program files (x86)/atmel/studio/7.0/toolchain/arm/arm-gnu-toolchain/bin/../lib/gcc/arm-none-eabi/5.3.1/../../../../arm-none-eabi/lib/armv7e-m\libc.a(lib_a-puts.o)
 .debug_frame   0x000010dc       0x20 c:/program files (x86)/atmel/studio/7.0/toolchain/arm/arm-gnu-toolchain/bin/../lib/gcc/arm-none-eabi/5.3.1/../../../../arm-none-eabi/lib/armv7e-m\libc.a(lib_a-setbuf.o)
 .debug_frame   0x000010fc       0x50 c:/program files (x86)/atmel/studio/7.0/toolchain/arm/arm-gnu-toolchain/bin/../lib/gcc/arm-none-eabi/5.3.1/../../../../arm-none-eabi/lib/armv7e-m\libc.a(lib_a-setvbuf.o)
 .debug_frame   0x0000114c       0xc8 c:/program files (x86)/atmel/studio/7.0/toolchain/arm/arm-gnu-toolchain/bin/../lib/gcc/arm-none-eabi/5.3.1/../../../../arm-none-eabi/lib/armv7e-m\libc.a(lib_a-vfiprintf.o)
 .debug_frame   0x00001214       0xbc c:/program files (x86)/atmel/studio/7.0/toolchain/arm/arm-gnu-toolchain/bin/../lib/gcc/arm-none-eabi/5.3.1/../../../../arm-none-eabi/lib/armv7e-m\libc.a(lib_a-vfiscanf.o)
 .debug_frame   0x000012d0       0x2c c:/program files (x86)/atmel/studio/7.0/toolchain/arm/arm-gnu-toolchain/bin/../lib/gcc/arm-none-eabi/5.3.1/../../../../arm-none-eabi/lib/armv7e-m\libc.a(lib_a-wsetup.o)
 .debug_frame   0x000012fc       0x50 c:/program files (x86)/atmel/studio/7.0/toolchain/arm/arm-gnu-toolchain/bin/../lib/gcc/arm-none-eabi/5.3.1/../../../../arm-none-eabi/lib/armv7e-m\libc.a(lib_a-__call_atexit.o)
 .debug_frame   0x0000134c       0x20 c:/program files (x86)/atmel/studio/7.0/toolchain/arm/arm-gnu-toolchain/bin/../lib/gcc/arm-none-eabi/5.3.1/../../../../arm-none-eabi/lib/armv7e-m\libc.a(lib_a-atexit.o)
 .debug_frame   0x0000136c       0x6c c:/program files (x86)/atmel/studio/7.0/toolchain/arm/arm-gnu-toolchain/bin/../lib/gcc/arm-none-eabi/5.3.1/../../../../arm-none-eabi/lib/armv7e-m\libc.a(lib_a-fflush.o)
 .debug_frame   0x000013d8      0x124 c:/program files (x86)/atmel/studio/7.0/toolchain/arm/arm-gnu-toolchain/bin/../lib/gcc/arm-none-eabi/5.3.1/../../../../arm-none-eabi/lib/armv7e-m\libc.a(lib_a-findfp.o)
 .debug_frame   0x000014fc       0x34 c:/program files (x86)/atmel/studio/7.0/toolchain/arm/arm-gnu-toolchain/bin/../lib/gcc/arm-none-eabi/5.3.1/../../../../arm-none-eabi/lib/armv7e-m\libc.a(lib_a-fini.o)
 .debug_frame   0x00001530       0x8c c:/program files (x86)/atmel/studio/7.0/toolchain/arm/arm-gnu-toolchain/bin/../lib/gcc/arm-none-eabi/5.3.1/../../../../arm-none-eabi/lib/armv7e-m\libc.a(lib_a-fputwc.o)
 .debug_frame   0x000015bc       0x6c c:/program files (x86)/atmel/studio/7.0/toolchain/arm/arm-gnu-toolchain/bin/../lib/gcc/arm-none-eabi/5.3.1/../../../../arm-none-eabi/lib/armv7e-m\libc.a(lib_a-fread.o)
 .debug_frame   0x00001628       0x74 c:/program files (x86)/atmel/studio/7.0/toolchain/arm/arm-gnu-toolchain/bin/../lib/gcc/arm-none-eabi/5.3.1/../../../../arm-none-eabi/lib/armv7e-m\libc.a(lib_a-freer.o)
 .debug_frame   0x0000169c       0x68 c:/program files (x86)/atmel/studio/7.0/toolchain/arm/arm-gnu-toolchain/bin/../lib/gcc/arm-none-eabi/5.3.1/../../../../arm-none-eabi/lib/armv7e-m\libc.a(lib_a-fvwrite.o)
 .debug_frame   0x00001704       0x54 c:/program files (x86)/atmel/studio/7.0/toolchain/arm/arm-gnu-toolchain/bin/../lib/gcc/arm-none-eabi/5.3.1/../../../../arm-none-eabi/lib/armv7e-m\libc.a(lib_a-fwalk.o)
 .debug_frame   0x00001758       0x20 c:/program files (x86)/atmel/studio/7.0/toolchain/arm/arm-gnu-toolchain/bin/../lib/gcc/arm-none-eabi/5.3.1/../../../../arm-none-eabi/lib/armv7e-m\libc.a(lib_a-iswspace.o)
 .debug_frame   0x00001778       0x9c c:/program files (x86)/atmel/studio/7.0/toolchain/arm/arm-gnu-toolchain/bin/../lib/gcc/arm-none-eabi/5.3.1/../../../../arm-none-eabi/lib/armv7e-m\libc.a(lib_a-locale.o)
 .debug_frame   0x00001814       0x68 c:/program files (x86)/atmel/studio/7.0/toolchain/arm/arm-gnu-toolchain/bin/../lib/gcc/arm-none-eabi/5.3.1/../../../../arm-none-eabi/lib/armv7e-m\libc.a(lib_a-makebuf.o)
 .debug_frame   0x0000187c       0x30 c:/program files (x86)/atmel/studio/7.0/toolchain/arm/arm-gnu-toolchain/bin/../lib/gcc/arm-none-eabi/5.3.1/../../../../arm-none-eabi/lib/armv7e-m\libc.a(lib_a-malloc.o)
 .debug_frame   0x000018ac       0x58 c:/program files (x86)/atmel/studio/7.0/toolchain/arm/arm-gnu-toolchain/bin/../lib/gcc/arm-none-eabi/5.3.1/../../../../arm-none-eabi/lib/armv7e-m\libc.a(lib_a-mallocr.o)
 .debug_frame   0x00001904       0x68 c:/program files (x86)/atmel/studio/7.0/toolchain/arm/arm-gnu-toolchain/bin/../lib/gcc/arm-none-eabi/5.3.1/../../../../arm-none-eabi/lib/armv7e-m\libc.a(lib_a-mbrtowc.o)
 .debug_frame   0x0000196c       0x58 c:/program files (x86)/atmel/studio/7.0/toolchain/arm/arm-gnu-toolchain/bin/../lib/gcc/arm-none-eabi/5.3.1/../../../../arm-none-eabi/lib/armv7e-m\libc.a(lib_a-mbtowc_r.o)
 .debug_frame   0x000019c4       0x30 c:/program files (x86)/atmel/studio/7.0/toolchain/arm/arm-gnu-toolchain/bin/../lib/gcc/arm-none-eabi/5.3.1/../../../../arm-none-eabi/lib/armv7e-m\libc.a(lib_a-memmove.o)
 .debug_frame   0x000019f4       0x30 c:/program files (x86)/atmel/studio/7.0/toolchain/arm/arm-gnu-toolchain/bin/../lib/gcc/arm-none-eabi/5.3.1/../../../../arm-none-eabi/lib/armv7e-m\libc.a(lib_a-mlock.o)
 .debug_frame   0x00001a24       0x60 c:/program files (x86)/atmel/studio/7.0/toolchain/arm/arm-gnu-toolchain/bin/../lib/gcc/arm-none-eabi/5.3.1/../../../../arm-none-eabi/lib/armv7e-m\libc.a(lib_a-reallocr.o)
 .debug_frame   0x00001a84       0x40 c:/program files (x86)/atmel/studio/7.0/toolchain/arm/arm-gnu-toolchain/bin/../lib/gcc/arm-none-eabi/5.3.1/../../../../arm-none-eabi/lib/armv7e-m\libc.a(lib_a-refill.o)
 .debug_frame   0x00001ac4       0x2c c:/program files (x86)/atmel/studio/7.0/toolchain/arm/arm-gnu-toolchain/bin/../lib/gcc/arm-none-eabi/5.3.1/../../../../arm-none-eabi/lib/armv7e-m\libc.a(lib_a-sbrkr.o)
 .debug_frame   0x00001af0       0x44 c:/program files (x86)/atmel/studio/7.0/toolchain/arm/arm-gnu-toolchain/bin/../lib/gcc/arm-none-eabi/5.3.1/../../../../arm-none-eabi/lib/armv7e-m\libc.a(lib_a-sccl.o)
 .debug_frame   0x00001b34       0x88 c:/program files (x86)/atmel/studio/7.0/toolchain/arm/arm-gnu-toolchain/bin/../lib/gcc/arm-none-eabi/5.3.1/../../../../arm-none-eabi/lib/armv7e-m\libc.a(lib_a-stdio.o)
 .debug_frame   0x00001bbc       0x54 c:/program files (x86)/atmel/studio/7.0/toolchain/arm/arm-gnu-toolchain/bin/../lib/gcc/arm-none-eabi/5.3.1/../../../../arm-none-eabi/lib/armv7e-m\libc.a(lib_a-strtol.o)
 .debug_frame   0x00001c10       0x40 c:/program files (x86)/atmel/studio/7.0/toolchain/arm/arm-gnu-toolchain/bin/../lib/gcc/arm-none-eabi/5.3.1/../../../../arm-none-eabi/lib/armv7e-m\libc.a(lib_a-strtoll_r.o)
 .debug_frame   0x00001c50       0x54 c:/program files (x86)/atmel/studio/7.0/toolchain/arm/arm-gnu-toolchain/bin/../lib/gcc/arm-none-eabi/5.3.1/../../../../arm-none-eabi/lib/armv7e-m\libc.a(lib_a-strtoul.o)
 .debug_frame   0x00001ca4       0x40 c:/program files (x86)/atmel/studio/7.0/toolchain/arm/arm-gnu-toolchain/bin/../lib/gcc/arm-none-eabi/5.3.1/../../../../arm-none-eabi/lib/armv7e-m\libc.a(lib_a-strtoull_r.o)
 .debug_frame   0x00001ce4       0x6c c:/program files (x86)/atmel/studio/7.0/toolchain/arm/arm-gnu-toolchain/bin/../lib/gcc/arm-none-eabi/5.3.1/../../../../arm-none-eabi/lib/armv7e-m\libc.a(lib_a-ungetc.o)
 .debug_frame   0x00001d50       0x40 c:/program files (x86)/atmel/studio/7.0/toolchain/arm/arm-gnu-toolchain/bin/../lib/gcc/arm-none-eabi/5.3.1/../../../../arm-none-eabi/lib/armv7e-m\libc.a(lib_a-wbuf.o)
 .debug_frame   0x00001d90       0x60 c:/program files (x86)/atmel/studio/7.0/toolchain/arm/arm-gnu-toolchain/bin/../lib/gcc/arm-none-eabi/5.3.1/../../../../arm-none-eabi/lib/armv7e-m\libc.a(lib_a-wcrtomb.o)
 .debug_frame   0x00001df0       0x48 c:/program files (x86)/atmel/studio/7.0/toolchain/arm/arm-gnu-toolchain/bin/../lib/gcc/arm-none-eabi/5.3.1/../../../../arm-none-eabi/lib/armv7e-m\libc.a(lib_a-wctomb_r.o)
 .debug_frame   0x00001e38       0x2c c:/program files (x86)/atmel/studio/7.0/toolchain/arm/arm-gnu-toolchain/bin/../lib/gcc/arm-none-eabi/5.3.1/../../../../arm-none-eabi/lib/armv7e-m\libc.a(lib_a-writer.o)
 .debug_frame   0x00001e64       0x34 c:/program files (x86)/atmel/studio/7.0/toolchain/arm/arm-gnu-toolchain/bin/../lib/gcc/arm-none-eabi/5.3.1/../../../../arm-none-eabi/lib/armv7e-m\libc.a(lib_a-__atexit.o)